Component: ARM Compiler 5.06 update 5 (build 528) Tool: armlink [4d35e2]

==============================================================================

Section Cross References

    startup_stm32f407xx.o(STACK) refers (Special) to heapauxi.o(.text) for __use_two_region_memory
    startup_stm32f407xx.o(HEAP) refers (Special) to heapauxi.o(.text) for __use_two_region_memory
    startup_stm32f407xx.o(RESET) refers (Special) to heapauxi.o(.text) for __use_two_region_memory
    startup_stm32f407xx.o(RESET) refers to startup_stm32f407xx.o(STACK) for __initial_sp
    startup_stm32f407xx.o(RESET) refers to startup_stm32f407xx.o(.text) for Reset_Handler
    startup_stm32f407xx.o(RESET) refers to stm32f4xx_it.o(i.NMI_Handler) for NMI_Handler
    startup_stm32f407xx.o(RESET) refers to stm32f4xx_it.o(i.HardFault_Handler) for HardFault_Handler
    startup_stm32f407xx.o(RESET) refers to stm32f4xx_it.o(i.MemManage_Handler) for MemManage_Handler
    startup_stm32f407xx.o(RESET) refers to stm32f4xx_it.o(i.BusFault_Handler) for BusFault_Handler
    startup_stm32f407xx.o(RESET) refers to stm32f4xx_it.o(i.UsageFault_Handler) for UsageFault_Handler
    startup_stm32f407xx.o(RESET) refers to port.o(.emb_text) for SVC_Handler
    startup_stm32f407xx.o(RESET) refers to stm32f4xx_it.o(i.DebugMon_Handler) for DebugMon_Handler
    startup_stm32f407xx.o(RESET) refers to port.o(i.SysTick_Handler) for SysTick_Handler
    startup_stm32f407xx.o(RESET) refers to stm32f4xx_it.o(i.DMA1_Stream1_IRQHandler) for DMA1_Stream1_IRQHandler
    startup_stm32f407xx.o(RESET) refers to stm32f4xx_it.o(i.DMA1_Stream3_IRQHandler) for DMA1_Stream3_IRQHandler
    startup_stm32f407xx.o(RESET) refers to stm32f4xx_it.o(i.DMA1_Stream5_IRQHandler) for DMA1_Stream5_IRQHandler
    startup_stm32f407xx.o(RESET) refers to stm32f4xx_it.o(i.CAN1_RX0_IRQHandler) for CAN1_RX0_IRQHandler
    startup_stm32f407xx.o(RESET) refers to stm32f4xx_it.o(i.TIM2_IRQHandler) for TIM2_IRQHandler
    startup_stm32f407xx.o(RESET) refers to stm32f4xx_it.o(i.USART2_IRQHandler) for USART2_IRQHandler
    startup_stm32f407xx.o(RESET) refers to stm32f4xx_it.o(i.USART3_IRQHandler) for USART3_IRQHandler
    startup_stm32f407xx.o(RESET) refers to stm32f4xx_it.o(i.CAN2_RX0_IRQHandler) for CAN2_RX0_IRQHandler
    startup_stm32f407xx.o(.text) refers (Special) to heapauxi.o(.text) for __use_two_region_memory
    startup_stm32f407xx.o(.text) refers to system_stm32f4xx.o(i.SystemInit) for SystemInit
    startup_stm32f407xx.o(.text) refers to __main.o(!!!main) for __main
    startup_stm32f407xx.o(.text) refers to startup_stm32f407xx.o(HEAP) for Heap_Mem
    startup_stm32f407xx.o(.text) refers to startup_stm32f407xx.o(STACK) for Stack_Mem
    main.o(i.HAL_TIM_PeriodElapsedCallback) refers to drv_haltick.o(i.HAL_IncTick) for HAL_IncTick
    main.o(i.SystemClock_Config) refers to rt_memclr_w.o(.text) for __aeabi_memclr4
    main.o(i.SystemClock_Config) refers to stm32f4xx_hal_rcc.o(i.HAL_RCC_OscConfig) for HAL_RCC_OscConfig
    main.o(i.SystemClock_Config) refers to stm32f4xx_hal_rcc.o(i.HAL_RCC_ClockConfig) for HAL_RCC_ClockConfig
    main.o(i.main) refers to stm32f4xx_hal.o(i.HAL_Init) for HAL_Init
    main.o(i.main) refers to main.o(i.SystemClock_Config) for SystemClock_Config
    main.o(i.main) refers to gpio.o(i.MX_GPIO_Init) for MX_GPIO_Init
    main.o(i.main) refers to can.o(i.MX_CAN1_Init) for MX_CAN1_Init
    main.o(i.main) refers to dma.o(i.MX_DMA_Init) for MX_DMA_Init
    main.o(i.main) refers to usart.o(i.MX_USART2_UART_Init) for MX_USART2_UART_Init
    main.o(i.main) refers to can.o(i.MX_CAN2_Init) for MX_CAN2_Init
    main.o(i.main) refers to tim.o(i.MX_TIM1_Init) for MX_TIM1_Init
    main.o(i.main) refers to usart.o(i.MX_USART3_UART_Init) for MX_USART3_UART_Init
    main.o(i.main) refers to usart.o(i.HAL_UART_MspInit) for HAL_UART_MspInit
    main.o(i.main) refers to drv_uart.o(i.USART2_Init) for USART2_Init
    main.o(i.main) refers to drv_uart.o(i.USART3_Init) for USART3_Init
    main.o(i.main) refers to drv_can.o(i.CAN_Init) for CAN_Init
    main.o(i.main) refers to freertos.o(i.MX_FREERTOS_Init) for MX_FREERTOS_Init
    main.o(i.main) refers to cmsis_os.o(i.osKernelStart) for osKernelStart
    main.o(i.main) refers to usart.o(.bss) for huart2
    gpio.o(i.MX_GPIO_Init) refers to rt_memclr_w.o(.text) for __aeabi_memclr4
    gpio.o(i.MX_GPIO_Init) refers to stm32f4xx_hal_gpio.o(i.HAL_GPIO_WritePin) for HAL_GPIO_WritePin
    gpio.o(i.MX_GPIO_Init) refers to stm32f4xx_hal_gpio.o(i.HAL_GPIO_Init) for HAL_GPIO_Init
    freertos.o(i.MX_FREERTOS_Init) refers to rt_memcpy_w.o(.text) for __aeabi_memcpy4
    freertos.o(i.MX_FREERTOS_Init) refers to cmsis_os.o(i.osThreadCreate) for osThreadCreate
    freertos.o(i.MX_FREERTOS_Init) refers to freertos.o(.constdata) for .constdata
    freertos.o(i.MX_FREERTOS_Init) refers to freertos.o(.data) for .data
    freertos.o(i.StartChassis_Task) refers to cmsis_os.o(i.osDelay) for osDelay
[...]
    bmi2_interface_selection                 0x08006a25   Thumb Code    48  bmi2_common.o(i.bmi2_interface_selection)
    bmi2_map_data_int                        0x08006a65   Thumb Code   118  bmi2.o(i.bmi2_map_data_int)
    bmi2_sec_init                            0x08006add   Thumb Code    96  bmi2.o(i.bmi2_sec_init)
    bmi2_sensor_enable                       0x08006b41   Thumb Code    56  bmi2.o(i.bmi2_sensor_enable)
    bmi2_set_adv_power_save                  0x08006b79   Thumb Code    98  bmi2.o(i.bmi2_set_adv_power_save)
    bmi2_set_regs                            0x08006bdd   Thumb Code   156  bmi2.o(i.bmi2_set_regs)
    bmi2_set_sensor_config                   0x08006c79   Thumb Code   486  bmi2.o(i.bmi2_set_sensor_config)
    bmi2_soft_reset                          0x08006e5f   Thumb Code    96  bmi2.o(i.bmi2_soft_reset)
    bmi2_write_config_file                   0x08006ebf   Thumb Code    86  bmi2.o(i.bmi2_write_config_file)
    delay_us                                 0x08007079   Thumb Code    24  drv_haltick.o(i.delay_us)
    fabs                                     0x080070f7   Thumb Code    24  fabs.o(i.fabs)
    gimbal_self_init                         0x08008015   Thumb Code    34  gimbal.o(i.gimbal_self_init)
    imu_pid_cal                              0x0800803d   Thumb Code   362  gimbal.o(i.imu_pid_cal)
    imu_pid_init                             0x080081e5   Thumb Code   158  gimbal.o(i.imu_pid_init)
    inVSqrt                                  0x080082a9   Thumb Code    40  bmi.o(i.inVSqrt)
    machinery_pid_init                       0x08008331   Thumb Code   152  gimbal.o(i.machinery_pid_init)
    main                                     0x080083e9   Thumb Code    70  main.o(i.main)
    mec_pid_cal                              0x08008445   Thumb Code   300  gimbal.o(i.mec_pid_cal)
    micros                                   0x0800859d   Thumb Code    30  drv_haltick.o(i.micros)
    motor_check                              0x080085c5   Thumb Code    40  motor.o(i.motor_check)
    motor_info_init                          0x080085ed   Thumb Code    34  motor.o(i.motor_info_init)
    motor_info_update                        0x0800860f   Thumb Code    38  motor.o(i.motor_info_update)
    osDelay                                  0x0800864d   Thumb Code    14  cmsis_os.o(i.osDelay)
    osKernelStart                            0x0800865b   Thumb Code    10  cmsis_os.o(i.osKernelStart)
    osThreadCreate                           0x08008665   Thumb Code    84  cmsis_os.o(i.osThreadCreate)
    pid_val_init                             0x080086b9   Thumb Code    70  pid.o(i.pid_val_init)
    pvPortMalloc                             0x08008a59   Thumb Code   216  heap_4.o(i.pvPortMalloc)
    pxPortInitialiseStack                    0x08008b35   Thumb Code    40  port.o(i.pxPortInitialiseStack)
    rc_dial_jugde                            0x08008b61   Thumb Code   278  rc_sensor.o(i.rc_dial_jugde)
    rc_dial_reset                            0x08008c77   Thumb Code    84  rc_sensor.o(i.rc_dial_reset)
    rc_sensor_init                           0x08008d49   Thumb Code    30  rc_protocol.o(i.rc_sensor_init)
    rc_sensor_update                         0x08008d67   Thumb Code   136  rc_protocol.o(i.rc_sensor_update)
    single_anglepid_cal                      0x0800ad65   Thumb Code    22  pid.o(i.single_anglepid_cal)
    single_anglesum_pid_cal                  0x0800ad7b   Thumb Code    22  pid.o(i.single_anglesum_pid_cal)
    single_pid_ctrl                          0x0800ad91   Thumb Code   124  pid.o(i.single_pid_ctrl)
    single_speedpid_cal                      0x0800ae0d   Thumb Code    22  pid.o(i.single_speedpid_cal)
    speed_pid_update                         0x0800ae23   Thumb Code    36  motor.o(i.speed_pid_update)
    sqrt                                     0x0800ae47   Thumb Code   110  sqrt.o(i.sqrt)
    user_delay_us                            0x0800afe9   Thumb Code     4  bmi2_common.o(i.user_delay_us)
    user_i2c_reg_read                        0x0800afed   Thumb Code    36  bmi2_common.o(i.user_i2c_reg_read)
    user_i2c_reg_write                       0x0800b011   Thumb Code    70  bmi2_common.o(i.user_i2c_reg_write)
    uxListRemove                             0x0800b05d   Thumb Code    38  list.o(i.uxListRemove)
    vApplicationGetIdleTaskMemory            0x0800b085   Thumb Code    16  freertos.o(i.vApplicationGetIdleTaskMemory)
    vListInitialise                          0x0800b099   Thumb Code    22  list.o(i.vListInitialise)
    vListInitialiseItem                      0x0800b0af   Thumb Code     6  list.o(i.vListInitialiseItem)
    vListInsert                              0x0800b0b5   Thumb Code    48  list.o(i.vListInsert)
    vListInsertEnd                           0x0800b0e5   Thumb Code    24  list.o(i.vListInsertEnd)
    vPortEnterCritical                       0x0800b0fd   Thumb Code    54  port.o(i.vPortEnterCritical)
    vPortExitCritical                        0x0800b13d   Thumb Code    34  port.o(i.vPortExitCritical)
    vPortFree                                0x0800b165   Thumb Code    94  heap_4.o(i.vPortFree)
    vPortSetupTimerInterrupt                 0x0800b1c9   Thumb Code    32  port.o(i.vPortSetupTimerInterrupt)
    vPortValidateInterruptPriority           0x0800b1ed   Thumb Code    74  port.o(i.vPortValidateInterruptPriority)
    vTaskDelay                               0x0800b241   Thumb Code    66  tasks.o(i.vTaskDelay)
    vTaskStartScheduler                      0x0800b28d   Thumb Code    90  tasks.o(i.vTaskStartScheduler)
    vTaskSuspendAll                          0x0800b2f9   Thumb Code    10  tasks.o(i.vTaskSuspendAll)
    vTaskSwitchContext                       0x0800b309   Thumb Code    82  tasks.o(i.vTaskSwitchContext)
    vision_init                              0x0800b4af   Thumb Code    28  vision_potocol.o(i.vision_init)
    vision_update                            0x0800b4cb   Thumb Code   134  vision_potocol.o(i.vision_update)
    xPortStartScheduler                      0x0800b635   Thumb Code   222  port.o(i.xPortStartScheduler)
    xTaskCreate                              0x0800b729   Thumb Code    90  tasks.o(i.xTaskCreate)
    xTaskCreateStatic                        0x0800b783   Thumb Code    86  tasks.o(i.xTaskCreateStatic)
    xTaskGetTickCountFromISR                 0x0800b7d9   Thumb Code    12  tasks.o(i.xTaskGetTickCountFromISR)
    xTaskIncrementTick                       0x0800b7e9   Thumb Code   194  tasks.o(i.xTaskIncrementTick)
    xTaskResumeAll                           0x0800b8b5   Thumb Code   182  tasks.o(i.xTaskResumeAll)
    __aeabi_dneg                             0x0800b979   Thumb Code     0  basic.o(x$fpl$basic)
    _dneg                                    0x0800b979   Thumb Code     6  basic.o(x$fpl$basic)
    __aeabi_fneg                             0x0800b97f   Thumb Code     0  basic.o(x$fpl$basic)
    _fneg                                    0x0800b97f   Thumb Code     6  basic.o(x$fpl$basic)
    _dabs                                    0x0800b985   Thumb Code     6  basic.o(x$fpl$basic)
    _fabs                                    0x0800b98b   Thumb Code     6  basic.o(x$fpl$basic)
    __aeabi_d2f                              0x0800b991   Thumb Code     0  d2f.o(x$fpl$d2f)
    _d2f                                     0x0800b991   Thumb Code    98  d2f.o(x$fpl$d2f)
    __aeabi_dadd                             0x0800b9f5   Thumb Code     0  daddsub_clz.o(x$fpl$dadd)
    _dadd                                    0x0800b9f5   Thumb Code   332  daddsub_clz.o(x$fpl$dadd)
    __aeabi_ddiv                             0x0800bb45   Thumb Code     0  ddiv.o(x$fpl$ddiv)
    _ddiv                                    0x0800bb45   Thumb Code   552  ddiv.o(x$fpl$ddiv)
    __aeabi_d2iz                             0x0800bdf5   Thumb Code     0  dfix.o(x$fpl$dfix)
    _dfix                                    0x0800bdf5   Thumb Code    94  dfix.o(x$fpl$dfix)
    __aeabi_i2d                              0x0800be53   Thumb Code     0  dflt_clz.o(x$fpl$dflt)
    _dflt                                    0x0800be53   Thumb Code    46  dflt_clz.o(x$fpl$dflt)
    __aeabi_ui2d                             0x0800be81   Thumb Code     0  dflt_clz.o(x$fpl$dfltu)
    _dfltu                                   0x0800be81   Thumb Code    38  dflt_clz.o(x$fpl$dfltu)
    __aeabi_dmul                             0x0800bea9   Thumb Code     0  dmul.o(x$fpl$dmul)
    _dmul                                    0x0800bea9   Thumb Code   332  dmul.o(x$fpl$dmul)
    __fpl_dnaninf                            0x0800bffd   Thumb Code   156  dnaninf.o(x$fpl$dnaninf)
    __fpl_dretinf                            0x0800c099   Thumb Code    12  dretinf.o(x$fpl$dretinf)
    __aeabi_drsub                            0x0800c0a5   Thumb Code     0  daddsub_clz.o(x$fpl$drsb)
    _drsb                                    0x0800c0a5   Thumb Code    22  daddsub_clz.o(x$fpl$drsb)
    _dsqrt                                   0x0800c0bd   Thumb Code   404  dsqrt_umaal.o(x$fpl$dsqrt)
    __aeabi_dsub                             0x0800c255   Thumb Code     0  daddsub_clz.o(x$fpl$dsub)
    _dsub                                    0x0800c255   Thumb Code   464  daddsub_clz.o(x$fpl$dsub)
    __aeabi_f2d                              0x0800c429   Thumb Code     0  f2d.o(x$fpl$f2d)
    _f2d                                     0x0800c429   Thumb Code    86  f2d.o(x$fpl$f2d)
    __fpl_fnaninf                            0x0800c47f   Thumb Code   140  fnaninf.o(x$fpl$fnaninf)
    _fp_init                                 0x0800c50b   Thumb Code    10  fpinit.o(x$fpl$fpinit)
    __fplib_config_fpu_vfp                   0x0800c513   Thumb Code     0  fpinit.o(x$fpl$fpinit)
    __fplib_config_pureend_doubles           0x0800c513   Thumb Code     0  fpinit.o(x$fpl$fpinit)
    __fpl_fretinf                            0x0800c515   Thumb Code    10  fretinf.o(x$fpl$fretinf)
    __I$use$fp                               0x0800c51e   Number         0  usenofp.o(x$fpl$usenofp)
    AHBPrescTable                            0x0800c624   Data          16  system_stm32f4xx.o(.constdata)
    APBPrescTable                            0x0800c634   Data           8  system_stm32f4xx.o(.constdata)
    CRC8_TAB                                 0x0800c63c   Data         256  crc.o(.constdata)
    wCRC_Table                               0x0800c73c   Data         512  crc.o(.constdata)
    bmi270_config_file                       0x0800c942   Data        8192  bmi270.o(.constdata)
    bmi270_feat_in                           0x0800e942   Data          48  bmi270.o(.constdata)
    bmi270_feat_out                          0x0800e972   Data          21  bmi270.o(.constdata)
    __mathlib_zero                           0x0800eaa0   Data           8  qnan.o(.constdata)
    Region$$Table$$Base                      0x0800ec0c   Number         0  anon$$obj.o(Region$$Table)
    Region$$Table$$Limit                     0x0800ec2c   Number         0  anon$$obj.o(Region$$Table)
    defaultTaskHandle                        0x20000000   Data           4  freertos.o(.data)
    Chassis_TaskHandle                       0x20000004   Data           4  freertos.o(.data)
    WorkStateTaskHandle                      0x20000008   Data           4  freertos.o(.data)
    ImuTaskHandle                            0x2000000c   Data           4  freertos.o(.data)
    RC_HeartTaskHandle                       0x20000010   Data           4  freertos.o(.data)
    RC_DialTaskHandle                        0x20000014   Data           4  freertos.o(.data)
    Shoot_TaskHandle                         0x20000018   Data           4  freertos.o(.data)
    Gimbal_TaskHandle                        0x2000001c   Data           4  freertos.o(.data)
    Vision_TaskHandle                        0x20000020   Data           4  freertos.o(.data)
    uwTickFreq                               0x20000028   Data           1  stm32f4xx_hal.o(.data)
    uwTickPrio                               0x2000002c   Data           4  stm32f4xx_hal.o(.data)
    uwTick                                   0x20000030   Data           4  stm32f4xx_hal.o(.data)
    SystemCoreClock                          0x20000034   Data           4  system_stm32f4xx.o(.data)
    pxCurrentTCB                             0x20000038   Data           4  tasks.o(.data)
    chassis_txbuf                            0x200000a0   Data           8  drv_can.o(.data)
    gimbal_txbuf                             0x200000a8   Data           8  drv_can.o(.data)
    shoot_txbuf                              0x200000b0   Data           8  drv_can.o(.data)
    HalTick                                  0x200000b8   Data           4  drv_haltick.o(.data)
    rc_sensor_info                           0x200000bc   Data          26  rc_sensor.o(.data)
    rc_sensor                                0x200000d8   Data          40  rc_sensor.o(.data)
    chassis_motor                            0x20000100   Data         208  chassis_motor.o(.data)
    chassis_input                            0x200001d0   Data           4  gimbal.o(.data)
    imu_pid_Z                                0x200001d4   Data           8  gimbal.o(.data)
    imu_pid_Y                                0x200001dc   Data           8  gimbal.o(.data)
    machinery_pid_Z                          0x200001e4   Data           8  gimbal.o(.data)
    machinery_pid_Y                          0x200001ec   Data           8  gimbal.o(.data)
    gimbal_motor                             0x200001f4   Data         104  gimbal_motor.o(.data)
    shoot_motor                              0x2000025c   Data         208  shoot_motor.o(.data)
    Speed_Block_Cnt                          0x2000032c   Data           1  shoot.o(.data)
    Toggle_Block_Cnt1                        0x2000032d   Data           1  shoot.o(.data)
    Single_Block_Cnt                         0x2000032e   Data           1  shoot.o(.data)
    Toggle_Block_Cnt2                        0x2000032f   Data           1  shoot.o(.data)
    vision_sensor_info                       0x20000330   Data          88  vision_sensor.o(.data)
    vision_sensor                            0x20000388   Data          28  vision_sensor.o(.data)
    CRC_INIT                                 0x200003a4   Data           2  crc.o(.data)
    ggx                                      0x200003a8   Data           2  imu_task.o(.data)
    ggy                                      0x200003aa   Data           2  imu_task.o(.data)
    ggz                                      0x200003ac   Data           2  imu_task.o(.data)
    aax                                      0x200003ae   Data           2  imu_task.o(.data)
    aay                                      0x200003b0   Data           2  imu_task.o(.data)
    aaz                                      0x200003b2   Data           2  imu_task.o(.data)
    pitch                                    0x200003b4   Data           4  imu_task.o(.data)
    roll                                     0x200003b8   Data           4  imu_task.o(.data)
    yaw                                      0x200003bc   Data           4  imu_task.o(.data)
    filterout1                               0x200003c0   Data           4  imu_task.o(.data)
    filterout2                               0x200003c4   Data           4  imu_task.o(.data)
    RC_last_state                            0x200003c8   Data           1  rc_heart_task.o(.data)
    RC_this_state                            0x200003c9   Data           1  rc_heart_task.o(.data)
    Mec_Return_flag                          0x200003ca   Data           1  rc_heart_task.o(.data)
    tick                                     0x200003cc   Data           4  rc_heart_task.o(.data)
    Kp                                       0x200003d0   Data           4  bmi.o(.data)
    Ki                                       0x200003d4   Data           4  bmi.o(.data)
    halfT                                    0x200003d8   Data           4  bmi.o(.data)
    q0                                       0x200003dc   Data           4  bmi.o(.data)
    q1                                       0x200003e0   Data           4  bmi.o(.data)
    q2                                       0x200003e4   Data           4  bmi.o(.data)
    q3                                       0x200003e8   Data           4  bmi.o(.data)
    norm                                     0x200003ec   Data           4  bmi.o(.data)
    vx                                       0x200003f0   Data           4  bmi.o(.data)
    vy                                       0x200003f4   Data           4  bmi.o(.data)
    vz                                       0x200003f8   Data           4  bmi.o(.data)
    ex                                       0x200003fc   Data           4  bmi.o(.data)
    ey                                       0x20000400   Data           4  bmi.o(.data)
    ez                                       0x20000404   Data           4  bmi.o(.data)
    gx                                       0x20000408   Data           4  bmi.o(.data)
    gy                                       0x2000040c   Data           4  bmi.o(.data)
    gz                                       0x20000410   Data           4  bmi.o(.data)
    ax                                       0x20000414   Data           4  bmi.o(.data)
    ay                                       0x20000418   Data           4  bmi.o(.data)
    az                                       0x2000041c   Data           4  bmi.o(.data)
    exInt                                    0x20000420   Data           4  bmi.o(.data)
    eyInt                                    0x20000424   Data           4  bmi.o(.data)
    ezInt                                    0x20000428   Data           4  bmi.o(.data)
    q0temp                                   0x2000042c   Data           4  bmi.o(.data)
    q1temp                                   0x20000430   Data           4  bmi.o(.data)
    q2temp                                   0x20000434   Data           4  bmi.o(.data)
    q3temp                                   0x20000438   Data           4  bmi.o(.data)
    MPU_ADDR                                 0x2000043c   Data           1  bmi2_common.o(.data)
    hcan1                                    0x20000694   Data          40  can.o(.bss)
    hcan2                                    0x200006bc   Data          40  can.o(.bss)
    htim1                                    0x200006e4   Data          72  tim.o(.bss)
    huart1                                   0x2000072c   Data          68  usart.o(.bss)
    huart4                                   0x20000770   Data          68  usart.o(.bss)
    huart5                                   0x200007b4   Data          68  usart.o(.bss)
    huart2                                   0x200007f8   Data          68  usart.o(.bss)
    huart3                                   0x2000083c   Data          68  usart.o(.bss)
    hdma_usart2_rx                           0x20000880   Data          96  usart.o(.bss)
    hdma_usart3_rx                           0x200008e0   Data          96  usart.o(.bss)
    hdma_usart3_tx                           0x20000940   Data          96  usart.o(.bss)
    htim2                                    0x200009a0   Data          72  stm32f4xx_hal_timebase_tim.o(.bss)
    CAN1_TxMsg                               0x200046d8   Data          32  drv_can.o(.bss)
    CAN1_RxMsg                               0x200046f8   Data          36  drv_can.o(.bss)
    CAN2_TxMsg                               0x2000471c   Data          32  drv_can.o(.bss)
    CAN2_RxMsg                               0x2000473c   Data          36  drv_can.o(.bss)
    usart1_dma_rxbuf                         0x20004760   Data         350  drv_uart.o(.bss)
    usart2_dma_rxbuf                         0x200048be   Data          48  drv_uart.o(.bss)
    usart4_dma_rxbuf                         0x200048ee   Data         350  drv_uart.o(.bss)
    usart5_dma_rxbuf                         0x20004a4c   Data         350  drv_uart.o(.bss)
    usart3_dma_rxbuf                         0x20004baa   Data         350  drv_uart.o(.bss)
    rc_sensor_dial                           0x20004d08   Data          28  rc_sensor.o(.bss)
    chassis_motor_info                       0x20004d24   Data          80  chassis_motor.o(.bss)
    chassis_speed_pid                        0x20004d74   Data         224  chassis_motor.o(.bss)
    chassis_angle_pid                        0x20004e54   Data         224  chassis_motor.o(.bss)
    chassis_anglesum_pid                     0x20004f34   Data         224  chassis_motor.o(.bss)
    gimbal_imu_pid                           0x20005014   Data         224  gimbal.o(.bss)
    gimbal_motor_info                        0x200050f4   Data          40  gimbal_motor.o(.bss)
    gimbal_speed_pid                         0x2000511c   Data         112  gimbal_motor.o(.bss)
    gimbal_angle_pid                         0x2000518c   Data         112  gimbal_motor.o(.bss)
    gimbal_anglesum_pid                      0x200051fc   Data         112  gimbal_motor.o(.bss)
    shoot_motor_info                         0x2000526c   Data          80  shoot_motor.o(.bss)
    shoot_speed_pid                          0x200052bc   Data         224  shoot_motor.o(.bss)
    shoot_angle_pid                          0x2000539c   Data         224  shoot_motor.o(.bss)
    shoot_anglesum_pid                       0x2000547c   Data         224  shoot_motor.o(.bss)
    bmi2_dev                                 0x20005560   Data         104  bmi.o(.bss)
    __libspace_start                         0x200055c8   Data          96  libspace.o(.bss)
    __temporary_stack_top$libspace           0x20005628   Data           0  libspace.o(.bss)



==============================================================================

Memory Map of the image

  Image Entry point : 0x08000189

  Load Region LR_IROM1 (Base: 0x08000000, Size: 0x0000f06c, Max: 0x00080000, ABSOLUTE, COMPRESSED[0x0000ed34])

    Execution Region ER_IROM1 (Exec base: 0x08000000, Load base: 0x08000000, Size: 0x0000ec2c, Max: 0x00080000, ABSOLUTE)

    Exec Addr    Load Addr    Size         Type   Attr      Idx    E Section Name        Object

    0x08000000   0x08000000   0x00000188   Data   RO            3    RESET               startup_stm32f407xx.o
    0x08000188   0x08000188   0x00000008   Code   RO         7684  * !!!main             c_w.l(__main.o)
    0x08000190   0x08000190   0x00000034   Code   RO         8062    !!!scatter          c_w.l(__scatter.o)
    0x080001c4   0x080001c4   0x0000005a   Code   RO         8060    !!dczerorl2         c_w.l(__dczerorl2.o)
    0x0800021e   0x0800021e   0x00000002   PAD
    0x08000220   0x08000220   0x0000001c   Code   RO         8064    !!handler_zi        c_w.l(__scatter_zi.o)
    0x0800023c   0x0800023c   0x00000002   Code   RO         7997    .ARM.Collect$$libinit$$00000000  c_w.l(libinit.o)
    0x0800023e   0x0800023e   0x00000004   Code   RO         7790    .ARM.Collect$$libinit$$00000001  c_w.l(libinit2.o)
    0x08000242   0x08000242   0x00000000   Code   RO         7793    .ARM.Collect$$libinit$$00000004  c_w.l(libinit2.o)
    0x08000242   0x08000242   0x00000008   Code   RO         7794    .ARM.Collect$$libinit$$00000005  c_w.l(libinit2.o)
    0x0800024a   0x0800024a   0x00000000   Code   RO         7796    .ARM.Collect$$libinit$$0000000A  c_w.l(libinit2.o)
    0x0800024a   0x0800024a   0x00000000   Code   RO         7798    .ARM.Collect$$libinit$$0000000C  c_w.l(libinit2.o)
    0x0800024a   0x0800024a   0x00000000   Code   RO         7800    .ARM.Collect$$libinit$$0000000E  c_w.l(libinit2.o)
    0x0800024a   0x0800024a   0x00000000   Code   RO         7803    .ARM.Collect$$libinit$$00000011  c_w.l(libinit2.o)
    0x0800024a   0x0800024a   0x00000000   Code   RO         7805    .ARM.Collect$$libinit$$00000013  c_w.l(libinit2.o)
    0x0800024a   0x0800024a   0x00000000   Code   RO         7807    .ARM.Collect$$libinit$$00000015  c_w.l(libinit2.o)
    0x0800024a   0x0800024a   0x00000000   Code   RO         7809    .ARM.Collect$$libinit$$00000017  c_w.l(libinit2.o)
    0x0800024a   0x0800024a   0x00000000   Code   RO         7811    .ARM.Collect$$libinit$$00000019  c_w.l(libinit2.o)
    0x0800024a   0x0800024a   0x00000000   Code   RO         7813    .ARM.Collect$$libinit$$0000001B  c_w.l(libinit2.o)
    0x0800024a   0x0800024a   0x00000000   Code   RO         7815    .ARM.Collect$$libinit$$0000001D  c_w.l(libinit2.o)
    0x0800024a   0x0800024a   0x00000000   Code   RO         7817    .ARM.Collect$$libinit$$0000001F  c_w.l(libinit2.o)
    0x0800024a   0x0800024a   0x00000000   Code   RO         7819    .ARM.Collect$$libinit$$00000021  c_w.l(libinit2.o)
    0x0800024a   0x0800024a   0x00000000   Code   RO         7821    .ARM.Collect$$libinit$$00000023  c_w.l(libinit2.o)
    0x0800024a   0x0800024a   0x00000000   Code   RO         7823    .ARM.Collect$$libinit$$00000025  c_w.l(libinit2.o)
    0x0800024a   0x0800024a   0x00000000   Code   RO         7827    .ARM.Collect$$libinit$$0000002C  c_w.l(libinit2.o)
    0x0800024a   0x0800024a   0x00000000   Code   RO         7829    .ARM.Collect$$libinit$$0000002E  c_w.l(libinit2.o)
    0x0800024a   0x0800024a   0x00000000   Code   RO         7831    .ARM.Collect$$libinit$$00000030  c_w.l(libinit2.o)
    0x0800024a   0x0800024a   0x00000000   Code   RO         7833    .ARM.Collect$$libinit$$00000032  c_w.l(libinit2.o)
    0x0800024a   0x0800024a   0x00000002   Code   RO         7834    .ARM.Collect$$libinit$$00000033  c_w.l(libinit2.o)
    0x0800024c   0x0800024c   0x00000002   Code   RO         8057    .ARM.Collect$$libshutdown$$00000000  c_w.l(libshutdown.o)
    0x0800024e   0x0800024e   0x00000000   Code   RO         8015    .ARM.Collect$$libshutdown$$00000002  c_w.l(libshutdown2.o)
    0x0800024e   0x0800024e   0x00000000   Code   RO         8017    .ARM.Collect$$libshutdown$$00000004  c_w.l(libshutdown2.o)
    0x0800024e   0x0800024e   0x00000000   Code   RO         8020    .ARM.Collect$$libshutdown$$00000007  c_w.l(libshutdown2.o)
    0x0800024e   0x0800024e   0x00000000   Code   RO         8023    .ARM.Collect$$libshutdown$$0000000A  c_w.l(libshutdown2.o)
    0x0800024e   0x0800024e   0x00000000   Code   RO         8025    .ARM.Collect$$libshutdown$$0000000C  c_w.l(libshutdown2.o)
    0x0800024e   0x0800024e   0x00000000   Code   RO         8028    .ARM.Collect$$libshutdown$$0000000F  c_w.l(libshutdown2.o)
    0x0800024e   0x0800024e   0x00000002   Code   RO         8029    .ARM.Collect$$libshutdown$$00000010  c_w.l(libshutdown2.o)
    0x08000250   0x08000250   0x00000000   Code   RO         7756    .ARM.Collect$$rtentry$$00000000  c_w.l(__rtentry.o)
    0x08000250   0x08000250   0x00000000   Code   RO         7921    .ARM.Collect$$rtentry$$00000002  c_w.l(__rtentry2.o)
    0x08000250   0x08000250   0x00000006   Code   RO         7933    .ARM.Collect$$rtentry$$00000004  c_w.l(__rtentry4.o)
    0x08000256   0x08000256   0x00000000   Code   RO         7923    .ARM.Collect$$rtentry$$00000009  c_w.l(__rtentry2.o)
    0x08000256   0x08000256   0x00000004   Code   RO         7924    .ARM.Collect$$rtentry$$0000000A  c_w.l(__rtentry2.o)
    0x0800025a   0x0800025a   0x00000000   Code   RO         7926    .ARM.Collect$$rtentry$$0000000C  c_w.l(__rtentry2.o)
    0x0800025a   0x0800025a   0x00000008   Code   RO         7927    .ARM.Collect$$rtentry$$0000000D  c_w.l(__rtentry2.o)
    0x08000262   0x08000262   0x00000002   Code   RO         8002    .ARM.Collect$$rtexit$$00000000  c_w.l(rtexit.o)
    0x08000264   0x08000264   0x00000000   Code   RO         8033    .ARM.Collect$$rtexit$$00000002  c_w.l(rtexit2.o)
    0x08000264   0x08000264   0x00000004   Code   RO         8034    .ARM.Collect$$rtexit$$00000003  c_w.l(rtexit2.o)
    0x08000268   0x08000268   0x00000006   Code   RO         8035    .ARM.Collect$$rtexit$$00000004  c_w.l(rtexit2.o)
    0x0800026e   0x0800026e   0x00000002   PAD
    0x08000270   0x08000270   0x000000be   Code   RO         4636    .emb_text           port.o
    0x0800032e   0x0800032e   0x00000002   PAD
    0x08000330   0x08000330   0x00000000   Code   RO         7944    .emb_text           c_w.l(maybetermalloc1.o)
    0x08000330   0x08000330   0x00000040   Code   RO            4    .text               startup_stm32f407xx.o
    0x08000370   0x08000370   0x0000005e   Code   RO         7612    .text               c_w.l(h1_alloc.o)
    0x080003ce   0x080003ce   0x0000004e   Code   RO         7614    .text               c_w.l(h1_free.o)
    0x0800041c   0x0800041c   0x000000ee   Code   RO         7670    .text               c_w.l(lludivv7m.o)
    0x0800050a   0x0800050a   0x0000008a   Code   RO         7672    .text               c_w.l(rt_memcpy_v6.o)
    0x08000594   0x08000594   0x00000064   Code   RO         7674    .text               c_w.l(rt_memcpy_w.o)
    0x080005f8   0x080005f8   0x00000044   Code   RO         7678    .text               c_w.l(rt_memclr.o)
    0x0800063c   0x0800063c   0x0000004e   Code   RO         7680    .text               c_w.l(rt_memclr_w.o)
    0x0800068a   0x0800068a   0x00000006   Code   RO         7682    .text               c_w.l(heapauxi.o)
    0x08000690   0x08000690   0x00000008   Code   RO         7764    .text               c_w.l(rt_heap_descriptor_intlibspace.o)
    0x08000698   0x08000698   0x00000004   Code   RO         7766    .text               c_w.l(hguard.o)
    0x0800069c   0x0800069c   0x0000008a   Code   RO         7768    .text               c_w.l(init_alloc.o)
    0x08000726   0x08000726   0x0000000e   Code   RO         7772    .text               c_w.l(h1_init.o)
    0x08000734   0x08000734   0x00000016   Code   RO         7786    .text               c_w.l(_rserrno.o)
    0x0800074a   0x0800074a   0x00000002   PAD
    0x0800074c   0x0800074c   0x00000008   Code   RO         7917    .text               c_w.l(libspace.o)
    0x08000754   0x08000754   0x00000008   Code   RO         7940    .text               c_w.l(rt_errno_addr_intlibspace.o)
    0x0800075c   0x0800075c   0x00000034   Code   RO         7946    .text               c_w.l(h1_extend.o)
    0x08000790   0x08000790   0x0000000e   Code   RO         7950    .text               c_w.l(defsig_rtmem_outer.o)
    0x0800079e   0x0800079e   0x00000002   Code   RO         7969    .text               c_w.l(use_no_semi.o)
    0x080007a0   0x080007a0   0x00000000   Code   RO         7971    .text               c_w.l(indicate_semi.o)
    0x080007a0   0x080007a0   0x0000004a   Code   RO         7972    .text               c_w.l(sys_stackheap_outer.o)
    0x080007ea   0x080007ea   0x00000012   Code   RO         7978    .text               c_w.l(exit.o)
    0x080007fc   0x080007fc   0x0000000a   Code   RO         7980    .text               c_w.l(defsig_exit.o)
    0x08000806   0x08000806   0x00000002   PAD
    0x08000808   0x08000808   0x00000050   Code   RO         7986    .text               c_w.l(defsig_rtmem_inner.o)
    0x08000858   0x08000858   0x0000000c   Code   RO         8000    .text               c_w.l(sys_exit.o)
    0x08000864   0x08000864   0x00000032   Code   RO         8010    .text               c_w.l(defsig_general.o)
    0x08000896   0x08000896   0x0000000e   Code   RO         8030    .text               c_w.l(sys_wrch.o)
    0x080008a4   0x080008a4   0x0000045c   Code   RO         6163    i.BMI_Get_EulerAngle  bmi.o
    0x08000d00   0x08000d00   0x00000048   Code   RO         6165    i.BMI_Get_RawData   bmi.o
    0x08000d48   0x08000d48   0x0000006c   Code   RO         6166    i.BMI_Init          bmi.o
    0x08000db4   0x08000db4   0x00000244   Code   RO         5511    i.Block_Manage      shoot.o
    0x08000ff8   0x08000ff8   0x00000002   Code   RO          516    i.BusFault_Handler  stm32f4xx_it.o
    0x08000ffa   0x08000ffa   0x00000002   PAD
    0x08000ffc   0x08000ffc   0x0000000c   Code   RO          517    i.CAN1_RX0_IRQHandler  stm32f4xx_it.o
    0x08001008   0x08001008   0x0000008c   Code   RO         5024    i.CAN1_rxDataHandler  can_protocol.o
    0x08001094   0x08001094   0x0000000c   Code   RO          518    i.CAN2_RX0_IRQHandler  stm32f4xx_it.o
    0x080010a0   0x080010a0   0x00000064   Code   RO         5025    i.CAN2_rxDataHandler  can_protocol.o
    0x08001104   0x08001104   0x0000001a   Code   RO         4718    i.CAN_Filter_Init   drv_can.o
    0x0800111e   0x0800111e   0x00000002   PAD
    0x08001120   0x08001120   0x00000048   Code   RO         4719    i.CAN_Init          drv_can.o
    0x08001168   0x08001168   0x00000058   Code   RO         4720    i.CAN_Send_Msg      drv_can.o
    0x080011c0   0x080011c0   0x000000c4   Code   RO         5998    i.Car_Unload        rc_heart_task.o
    0x08001284   0x08001284   0x00000058   Code   RO         5311    i.Chassis_Init      chassis.o
    0x080012dc   0x080012dc   0x000000c4   Code   RO         5353    i.Chassis_Input     gimbal.o
    0x080013a0   0x080013a0   0x000002a0   Code   RO         5312    i.Chassis_MEC_Input  chassis.o
    0x08001640   0x08001640   0x00000090   Code   RO         5313    i.Chassis_Txbuf_FillIn  chassis.o
    0x080016d0   0x080016d0   0x00000024   Code   RO         5314    i.Chassis_send      chassis.o
    0x080016f4   0x080016f4   0x00000024   Code   RO         5748    i.ConstrainFloat    rp_math.o
    0x08001718   0x08001718   0x0000000c   Code   RO         5625    i.Cover_Awake       servo.o
    0x08001724   0x08001724   0x0000000c   Code   RO         5626    i.Cover_Close       servo.o
    0x08001730   0x08001730   0x0000000c   Code   RO         5627    i.Cover_Open        servo.o
    0x0800173c   0x0800173c   0x0000000c   Code   RO         5629    i.Cover_Sleep       servo.o
    0x08001748   0x08001748   0x00000014   Code   RO         5354    i.Cover_State_Judge  gimbal.o
    0x0800175c   0x0800175c   0x0000000c   Code   RO          519    i.DMA1_Stream1_IRQHandler  stm32f4xx_it.o
    0x08001768   0x08001768   0x0000000c   Code   RO          520    i.DMA1_Stream3_IRQHandler  stm32f4xx_it.o
    0x08001774   0x08001774   0x0000000c   Code   RO          521    i.DMA1_Stream5_IRQHandler  stm32f4xx_it.o
    0x08001780   0x08001780   0x00000244   Code   RO         4778    i.DMAEx_MultiBufferStart_NoIT  drv_uart.o
    0x080019c4   0x080019c4   0x00000028   Code   RO         1378    i.DMA_CalcBaseAndBitshift  stm32f4xx_hal_dma.o
    0x080019ec   0x080019ec   0x00000054   Code   RO         1379    i.DMA_CheckFifoParam  stm32f4xx_hal_dma.o
    0x08001a40   0x08001a40   0x00000062   Code   RO         4779    i.DMA_Start         drv_uart.o
    0x08001aa2   0x08001aa2   0x00000014   Code   RO         4780    i.DRV_UART_IRQHandler  drv_uart.o
    0x08001ab6   0x08001ab6   0x00000002   Code   RO          522    i.DebugMon_Handler  stm32f4xx_it.o
    0x08001ab8   0x08001ab8   0x00000004   Code   RO           13    i.Error_Handler     main.o
    0x08001abc   0x08001abc   0x0000003c   Code   RO         5512    i.FricWheel_WorkState_Switch  shoot.o
    0x08001af8   0x08001af8   0x0000002c   Code   RO         5876    i.Get_CRC16_Check_Sum  crc.o
    0x08001b24   0x08001b24   0x00000020   Code   RO         5877    i.Get_CRC8_Check_Sum  crc.o
    0x08001b44   0x08001b44   0x00000016   Code   RO         5355    i.Gimbal_Init       gimbal.o
    0x08001b5a   0x08001b5a   0x00000002   PAD
    0x08001b5c   0x08001b5c   0x00000038   Code   RO         5356    i.Gimbal_Reset      gimbal.o
    0x08001b94   0x08001b94   0x00000020   Code   RO         5357    i.Gimbal_Send       gimbal.o
    0x08001bb4   0x08001bb4   0x00000024   Code   RO          686    i.HAL_CAN_ActivateNotification  stm32f4xx_hal_can.o
    0x08001bd8   0x08001bd8   0x000000c8   Code   RO          687    i.HAL_CAN_AddTxMessage  stm32f4xx_hal_can.o
    0x08001ca0   0x08001ca0   0x0000010c   Code   RO          688    i.HAL_CAN_ConfigFilter  stm32f4xx_hal_can.o
    0x08001dac   0x08001dac   0x00000002   Code   RO          691    i.HAL_CAN_ErrorCallback  stm32f4xx_hal_can.o
    0x08001dae   0x08001dae   0x000000e8   Code   RO          694    i.HAL_CAN_GetRxMessage  stm32f4xx_hal_can.o
    0x08001e96   0x08001e96   0x000001fc   Code   RO          698    i.HAL_CAN_IRQHandler  stm32f4xx_hal_can.o
    0x08002092   0x08002092   0x0000011a   Code   RO          699    i.HAL_CAN_Init      stm32f4xx_hal_can.o
    0x080021ac   0x080021ac   0x000000fc   Code   RO          345    i.HAL_CAN_MspInit   can.o
    0x080022a8   0x080022a8   0x00000002   Code   RO          706    i.HAL_CAN_RxFifo0FullCallback  stm32f4xx_hal_can.o
    0x080022aa   0x080022aa   0x00000002   PAD
    0x080022ac   0x080022ac   0x0000005c   Code   RO         4721    i.HAL_CAN_RxFifo0MsgPendingCallback  drv_can.o
    0x08002308   0x08002308   0x00000002   Code   RO          708    i.HAL_CAN_RxFifo1FullCallback  stm32f4xx_hal_can.o
    0x0800230a   0x0800230a   0x00000002   Code   RO          709    i.HAL_CAN_RxFifo1MsgPendingCallback  stm32f4xx_hal_can.o
    0x0800230c   0x0800230c   0x00000002   Code   RO          710    i.HAL_CAN_SleepCallback  stm32f4xx_hal_can.o
    0x0800230e   0x0800230e   0x00000002   PAD
    0x08002310   0x08002310   0x00000058   Code   RO          711    i.HAL_CAN_Start     stm32f4xx_hal_can.o
    0x08002368   0x08002368   0x00000002   Code   RO          713    i.HAL_CAN_TxMailbox0AbortCallback  stm32f4xx_hal_can.o
    0x0800236a   0x0800236a   0x00000002   Code   RO          714    i.HAL_CAN_TxMailbox0CompleteCallback  stm32f4xx_hal_can.o
    0x0800236c   0x0800236c   0x00000002   Code   RO          715    i.HAL_CAN_TxMailbox1AbortCallback  stm32f4xx_hal_can.o
    0x0800236e   0x0800236e   0x00000002   Code   RO          716    i.HAL_CAN_TxMailbox1CompleteCallback  stm32f4xx_hal_can.o
    0x08002370   0x08002370   0x00000002   Code   RO          717    i.HAL_CAN_TxMailbox2AbortCallback  stm32f4xx_hal_can.o
    0x08002372   0x08002372   0x00000002   Code   RO          718    i.HAL_CAN_TxMailbox2CompleteCallback  stm32f4xx_hal_can.o
    0x08002374   0x08002374   0x00000002   Code   RO          720    i.HAL_CAN_WakeUpFromRxMsgCallback  stm32f4xx_hal_can.o
    0x08002376   0x08002376   0x00000092   Code   RO         1381    i.HAL_DMA_Abort     stm32f4xx_hal_dma.o
    0x08002408   0x08002408   0x00000024   Code   RO         1382    i.HAL_DMA_Abort_IT  stm32f4xx_hal_dma.o
    0x0800242c   0x0800242c   0x000001a0   Code   RO         1386    i.HAL_DMA_IRQHandler  stm32f4xx_hal_dma.o
    0x080025cc   0x080025cc   0x000000d4   Code   RO         1387    i.HAL_DMA_Init      stm32f4xx_hal_dma.o
    0x080026a0   0x080026a0   0x000001f0   Code   RO         1274    i.HAL_GPIO_Init     stm32f4xx_hal_gpio.o
    0x08002890   0x08002890   0x0000000a   Code   RO         1278    i.HAL_GPIO_WritePin  stm32f4xx_hal_gpio.o
    0x0800289a   0x0800289a   0x00000002   PAD
    0x0800289c   0x0800289c   0x0000000c   Code   RO         1806    i.HAL_GetTick       stm32f4xx_hal.o
    0x080028a8   0x080028a8   0x00000034   Code   RO         4915    i.HAL_IncTick       drv_haltick.o
    0x080028dc   0x080028dc   0x00000034   Code   RO         1813    i.HAL_Init          stm32f4xx_hal.o
    0x08002910   0x08002910   0x00000074   Code   RO          646    i.HAL_InitTick      stm32f4xx_hal_timebase_tim.o
    0x08002984   0x08002984   0x00000038   Code   RO          622    i.HAL_MspInit       stm32f4xx_hal_msp.o
    0x080029bc   0x080029bc   0x0000001a   Code   RO         1663    i.HAL_NVIC_EnableIRQ  stm32f4xx_hal_cortex.o
    0x080029d6   0x080029d6   0x00000002   PAD
    0x080029d8   0x080029d8   0x00000040   Code   RO         1669    i.HAL_NVIC_SetPriority  stm32f4xx_hal_cortex.o
    0x08002a18   0x08002a18   0x00000024   Code   RO         1670    i.HAL_NVIC_SetPriorityGrouping  stm32f4xx_hal_cortex.o
    0x08002a3c   0x08002a3c   0x00000134   Code   RO          920    i.HAL_RCC_ClockConfig  stm32f4xx_hal_rcc.o
    0x08002b70   0x08002b70   0x00000040   Code   RO          924    i.HAL_RCC_GetClockConfig  stm32f4xx_hal_rcc.o
    0x08002bb0   0x08002bb0   0x00000020   Code   RO          927    i.HAL_RCC_GetPCLK1Freq  stm32f4xx_hal_rcc.o
    0x08002bd0   0x08002bd0   0x00000020   Code   RO          928    i.HAL_RCC_GetPCLK2Freq  stm32f4xx_hal_rcc.o
    0x08002bf0   0x08002bf0   0x00000064   Code   RO          929    i.HAL_RCC_GetSysClockFreq  stm32f4xx_hal_rcc.o
    0x08002c54   0x08002c54   0x0000036c   Code   RO          932    i.HAL_RCC_OscConfig  stm32f4xx_hal_rcc.o
    0x08002fc0   0x08002fc0   0x00000002   Code   RO         2757    i.HAL_TIMEx_BreakCallback  stm32f4xx_hal_tim_ex.o
    0x08002fc2   0x08002fc2   0x00000002   Code   RO         2758    i.HAL_TIMEx_CommutCallback  stm32f4xx_hal_tim_ex.o
    0x08002fc4   0x08002fc4   0x00000054   Code   RO         2760    i.HAL_TIMEx_ConfigBreakDeadTime  stm32f4xx_hal_tim_ex.o
    0x08003018   0x08003018   0x00000090   Code   RO         2776    i.HAL_TIMEx_MasterConfigSynchronization  stm32f4xx_hal_tim_ex.o
    0x080030a8   0x080030a8   0x0000005a   Code   RO         2053    i.HAL_TIM_Base_Init  stm32f4xx_hal_tim.o
    0x08003102   0x08003102   0x00000002   PAD
    0x08003104   0x08003104   0x00000028   Code   RO          418    i.HAL_TIM_Base_MspInit  tim.o
    0x0800312c   0x0800312c   0x00000080   Code   RO         2058    i.HAL_TIM_Base_Start_IT  stm32f4xx_hal_tim.o
    0x080031ac   0x080031ac   0x000000dc   Code   RO         2062    i.HAL_TIM_ConfigClockSource  stm32f4xx_hal_tim.o
    0x08003288   0x08003288   0x00000002   Code   RO         2087    i.HAL_TIM_IC_CaptureCallback  stm32f4xx_hal_tim.o
    0x0800328a   0x0800328a   0x00000166   Code   RO         2101    i.HAL_TIM_IRQHandler  stm32f4xx_hal_tim.o
    0x080033f0   0x080033f0   0x00000054   Code   RO          419    i.HAL_TIM_MspPostInit  tim.o
    0x08003444   0x08003444   0x00000002   Code   RO         2104    i.HAL_TIM_OC_DelayElapsedCallback  stm32f4xx_hal_tim.o
    0x08003446   0x08003446   0x000000cc   Code   RO         2125    i.HAL_TIM_PWM_ConfigChannel  stm32f4xx_hal_tim.o
    0x08003512   0x08003512   0x0000005a   Code   RO         2128    i.HAL_TIM_PWM_Init  stm32f4xx_hal_tim.o
    0x0800356c   0x0800356c   0x00000002   Code   RO         2130    i.HAL_TIM_PWM_MspInit  stm32f4xx_hal_tim.o
    0x0800356e   0x0800356e   0x00000002   Code   RO         2131    i.HAL_TIM_PWM_PulseFinishedCallback  stm32f4xx_hal_tim.o
    0x08003570   0x08003570   0x000000c8   Code   RO         2133    i.HAL_TIM_PWM_Start  stm32f4xx_hal_tim.o
    0x08003638   0x08003638   0x0000007c   Code   RO         2136    i.HAL_TIM_PWM_Stop  stm32f4xx_hal_tim.o
    0x080036b4   0x080036b4   0x0000000e   Code   RO           14    i.HAL_TIM_PeriodElapsedCallback  main.o
    0x080036c2   0x080036c2   0x00000002   Code   RO         2144    i.HAL_TIM_TriggerCallback  stm32f4xx_hal_tim.o
    0x080036c4   0x080036c4   0x00000002   Code   RO         3035    i.HAL_UARTEx_RxEventCallback  stm32f4xx_hal_uart.o
    0x080036c6   0x080036c6   0x00000002   Code   RO         3049    i.HAL_UART_ErrorCallback  stm32f4xx_hal_uart.o
    0x080036c8   0x080036c8   0x00000268   Code   RO         3052    i.HAL_UART_IRQHandler  stm32f4xx_hal_uart.o
    0x08003930   0x08003930   0x00000062   Code   RO         3053    i.HAL_UART_Init     stm32f4xx_hal_uart.o
    0x08003992   0x08003992   0x00000002   PAD
    0x08003994   0x08003994   0x0000019c   Code   RO          466    i.HAL_UART_MspInit  usart.o
    0x08003b30   0x08003b30   0x00000002   Code   RO         3059    i.HAL_UART_RxCpltCallback  stm32f4xx_hal_uart.o
    0x08003b32   0x08003b32   0x00000002   Code   RO         3064    i.HAL_UART_TxCpltCallback  stm32f4xx_hal_uart.o
    0x08003b34   0x08003b34   0x00000002   Code   RO          523    i.HardFault_Handler  stm32f4xx_it.o
    0x08003b36   0x08003b36   0x00000002   PAD
    0x08003b38   0x08003b38   0x00000040   Code   RO         7549    i.IIC_Ack           soft_iic.o
    0x08003b78   0x08003b78   0x00000040   Code   RO         7550    i.IIC_NAck          soft_iic.o
    0x08003bb8   0x08003bb8   0x00000068   Code   RO         7551    i.IIC_Read_Byte     soft_iic.o
    0x08003c20   0x08003c20   0x00000060   Code   RO         7552    i.IIC_Send_Byte     soft_iic.o
    0x08003c80   0x08003c80   0x00000040   Code   RO         7553    i.IIC_Start         soft_iic.o
    0x08003cc0   0x08003cc0   0x00000044   Code   RO         7554    i.IIC_Stop          soft_iic.o
    0x08003d04   0x08003d04   0x00000054   Code   RO         7555    i.IIC_Wait_Ack      soft_iic.o
    0x08003d58   0x08003d58   0x00000038   Code   RO         5358    i.IMU_Mode          gimbal.o
    0x08003d90   0x08003d90   0x0000001c   Code   RO         5630    i.Judge_Cover_State  servo.o
    0x08003dac   0x08003dac   0x00000028   Code   RO         5999    i.Judge_RC_Transtate  rc_heart_task.o
    0x08003dd4   0x08003dd4   0x00000038   Code   RO         5359    i.MEC_Mode          gimbal.o
    0x08003e0c   0x08003e0c   0x0000004c   Code   RO         7365    i.MPU_Read_Byte     bmi2_common.o
    0x08003e58   0x08003e58   0x00000060   Code   RO         7366    i.MPU_Read_all      bmi2_common.o
    0x08003eb8   0x08003eb8   0x00000048   Code   RO          346    i.MX_CAN1_Init      can.o
    0x08003f00   0x08003f00   0x00000048   Code   RO          347    i.MX_CAN2_Init      can.o
    0x08003f48   0x08003f48   0x0000004c   Code   RO          393    i.MX_DMA_Init       dma.o
    0x08003f94   0x08003f94   0x000000d8   Code   RO          246    i.MX_FREERTOS_Init  freertos.o
    0x0800406c   0x0800406c   0x000000c8   Code   RO          222    i.MX_GPIO_Init      gpio.o
    0x08004134   0x08004134   0x000000dc   Code   RO          420    i.MX_TIM1_Init      tim.o
    0x08004210   0x08004210   0x0000003c   Code   RO          467    i.MX_USART2_UART_Init  usart.o
    0x0800424c   0x0800424c   0x00000038   Code   RO          468    i.MX_USART3_UART_Init  usart.o
    0x08004284   0x08004284   0x000000a0   Code   RO         5360    i.Mechanical_Return  gimbal.o
    0x08004324   0x08004324   0x00000002   Code   RO          524    i.MemManage_Handler  stm32f4xx_it.o
    0x08004326   0x08004326   0x00000010   Code   RO         5751    i.MyAbs_Float       rp_math.o
    0x08004336   0x08004336   0x00000056   Code   RO         5753    i.MyRampFloat       rp_math.o
    0x0800438c   0x0800438c   0x00000002   Code   RO          525    i.NMI_Handler       stm32f4xx_it.o
    0x0800438e   0x0800438e   0x00000002   PAD
    0x08004390   0x08004390   0x00000024   Code   RO         6000    i.Offline_Reset_Var  rc_heart_task.o
    0x080043b4   0x080043b4   0x00000038   Code   RO         5755    i.RampFloat         rp_math.o
    0x080043ec   0x080043ec   0x00000014   Code   RO         5631    i.Servo_Init        servo.o
    0x08004400   0x08004400   0x00000054   Code   RO         6167    i.Set_accel         bmi.o
    0x08004454   0x08004454   0x00000058   Code   RO         6168    i.Set_gyro          bmi.o
    0x080044ac   0x080044ac   0x00000064   Code   RO         5513    i.Shoot             shoot.o
    0x08004510   0x08004510   0x0000009c   Code   RO         5514    i.Shoot_Init        shoot.o
    0x080045ac   0x080045ac   0x00000024   Code   RO         5515    i.Shoot_Send        shoot.o
    0x080045d0   0x080045d0   0x000000cc   Code   RO         5516    i.Shoot_Txbuf_FillIn  shoot.o
    0x0800469c   0x0800469c   0x00000024   Code   RO         5932    i.StartChassis_Task  chassis_task.o
    0x080046c0   0x080046c0   0x00000008   Code   RO          248    i.StartDefaultTask  freertos.o
    0x080046c8   0x080046c8   0x00000048   Code   RO         6100    i.StartGimbal_Task  gimbal_task.o
    0x08004710   0x08004710   0x000000b0   Code   RO         5968    i.StartImuTask      imu_task.o
    0x080047c0   0x080047c0   0x0000001c   Code   RO         6046    i.StartRC_DialTask  rc_dial_task.o
    0x080047dc   0x080047dc   0x0000005c   Code   RO         6001    i.StartRC_HeartTask  rc_heart_task.o
    0x08004838   0x08004838   0x00000028   Code   RO         6070    i.StartShoot_Task   shoot_task.o
    0x08004860   0x08004860   0x00000014   Code   RO         6134    i.StartVision_Task  vision_task.o
    0x08004874   0x08004874   0x00000008   Code   RO         5933    i.StartWorkStateTask  chassis_task.o
    0x0800487c   0x0800487c   0x0000002c   Code   RO         4637    i.SysTick_Handler   port.o
    0x080048a8   0x080048a8   0x00000094   Code   RO           15    i.SystemClock_Config  main.o
    0x0800493c   0x0800493c   0x00000010   Code   RO         3382    i.SystemInit        system_stm32f4xx.o
    0x0800494c   0x0800494c   0x0000000c   Code   RO          526    i.TIM2_IRQHandler   stm32f4xx_it.o
    0x08004958   0x08004958   0x000000c8   Code   RO         2146    i.TIM_Base_SetConfig  stm32f4xx_hal_tim.o
    0x08004a20   0x08004a20   0x0000001a   Code   RO         2147    i.TIM_CCxChannelCmd  stm32f4xx_hal_tim.o
    0x08004a3a   0x08004a3a   0x00000014   Code   RO         2157    i.TIM_ETR_SetConfig  stm32f4xx_hal_tim.o
    0x08004a4e   0x08004a4e   0x00000010   Code   RO         2158    i.TIM_ITRx_SetConfig  stm32f4xx_hal_tim.o
    0x08004a5e   0x08004a5e   0x00000002   PAD
    0x08004a60   0x08004a60   0x00000060   Code   RO         2159    i.TIM_OC1_SetConfig  stm32f4xx_hal_tim.o
    0x08004ac0   0x08004ac0   0x0000006c   Code   RO         2160    i.TIM_OC2_SetConfig  stm32f4xx_hal_tim.o
    0x08004b2c   0x08004b2c   0x00000068   Code   RO         2161    i.TIM_OC3_SetConfig  stm32f4xx_hal_tim.o
    0x08004b94   0x08004b94   0x00000050   Code   RO         2162    i.TIM_OC4_SetConfig  stm32f4xx_hal_tim.o
    0x08004be4   0x08004be4   0x00000022   Code   RO         2164    i.TIM_TI1_ConfigInputStage  stm32f4xx_hal_tim.o
    0x08004c06   0x08004c06   0x00000024   Code   RO         2166    i.TIM_TI2_ConfigInputStage  stm32f4xx_hal_tim.o
    0x08004c2a   0x08004c2a   0x00000010   Code   RO         3066    i.UART_DMAAbortOnError  stm32f4xx_hal_uart.o
    0x08004c3a   0x08004c3a   0x0000004e   Code   RO         3076    i.UART_EndRxTransfer  stm32f4xx_hal_uart.o
    0x08004c88   0x08004c88   0x000000c0   Code   RO         3078    i.UART_Receive_IT   stm32f4xx_hal_uart.o
    0x08004d48   0x08004d48   0x0000010c   Code   RO         3079    i.UART_SetConfig    stm32f4xx_hal_uart.o
    0x08004e54   0x08004e54   0x00000018   Code   RO          527    i.USART2_IRQHandler  stm32f4xx_it.o
    0x08004e6c   0x08004e6c   0x0000003c   Code   RO         4783    i.USART2_Init       drv_uart.o
    0x08004ea8   0x08004ea8   0x0000001c   Code   RO         4962    i.USART2_rxDataHandler  rc_protocol.o
    0x08004ec4   0x08004ec4   0x00000018   Code   RO          528    i.USART3_IRQHandler  stm32f4xx_it.o
    0x08004edc   0x08004edc   0x00000038   Code   RO         4785    i.USART3_Init       drv_uart.o
    0x08004f14   0x08004f14   0x0000001c   Code   RO         5126    i.USART3_rxDataHandler  vision_potocol.o
    0x08004f30   0x08004f30   0x00000002   Code   RO         4788    i.USART4_rxDataHandler  drv_uart.o
    0x08004f32   0x08004f32   0x00000002   Code   RO         4790    i.USART5_rxDataHandler  drv_uart.o
    0x08004f34   0x08004f34   0x00000002   Code   RO          529    i.UsageFault_Handler  stm32f4xx_it.o
    0x08004f36   0x08004f36   0x00000002   PAD
    0x08004f38   0x08004f38   0x0000003c   Code   RO         5878    i.Verify_CRC16_Check_Sum  crc.o
    0x08004f74   0x08004f74   0x0000002a   Code   RO         5879    i.Verify_CRC8_Check_Sum  crc.o
    0x08004f9e   0x08004f9e   0x00000030   Code   RO         7887    i.__ARM_fpclassify  m_wm.l(fpclassify.o)
    0x08004fce   0x08004fce   0x00000020   Code   RO         1676    i.__NVIC_SetPriority  stm32f4xx_hal_cortex.o
    0x08004fee   0x08004fee   0x00000002   PAD
    0x08004ff0   0x08004ff0   0x00000360   Code   RO         7704    i.__hardfp_asin     m_wm.l(asin.o)
    0x08005350   0x08005350   0x000002d8   Code   RO         7850    i.__hardfp_atan     m_wm.l(atan.o)
    0x08005628   0x08005628   0x000001f0   Code   RO         7718    i.__hardfp_atan2    m_wm.l(atan2.o)
    0x08005818   0x08005818   0x000000c8   Code   RO         7730    i.__hardfp_cos      m_wm.l(cos.o)
    0x080058e0   0x080058e0   0x000000c8   Code   RO         7742    i.__hardfp_sin      m_wm.l(sin.o)
    0x080059a8   0x080059a8   0x00000438   Code   RO         7892    i.__ieee754_rem_pio2  m_wm.l(rred.o)
    0x08005de0   0x08005de0   0x00000170   Code   RO         7864    i.__kernel_cos      m_wm.l(cos_i.o)
    0x08005f50   0x08005f50   0x000000f8   Code   RO         7889    i.__kernel_poly     m_wm.l(poly.o)
    0x08006048   0x08006048   0x00000130   Code   RO         7897    i.__kernel_sin      m_wm.l(sin_i.o)
    0x08006178   0x08006178   0x00000014   Code   RO         7868    i.__mathlib_dbl_infnan  m_wm.l(dunder.o)
    0x0800618c   0x0800618c   0x00000014   Code   RO         7869    i.__mathlib_dbl_infnan2  m_wm.l(dunder.o)
    0x080061a0   0x080061a0   0x00000020   Code   RO         7870    i.__mathlib_dbl_invalid  m_wm.l(dunder.o)
    0x080061c0   0x080061c0   0x00000020   Code   RO         7873    i.__mathlib_dbl_underflow  m_wm.l(dunder.o)
    0x080061e0   0x080061e0   0x00000030   Code   RO         5571    i.angle_pid_update  motor.o
    0x08006210   0x08006210   0x00000074   Code   RO         5572    i.anglesum_pid_update  motor.o
    0x08006284   0x08006284   0x00000010   Code   RO         7852    i.atan              m_wm.l(atan.o)
    0x08006294   0x08006294   0x00000078   Code   RO         7520    i.bmi270_init       bmi270.o
    0x0800630c   0x0800630c   0x00000002   Code   RO         7368    i.bmi2_error_codes_print_result  bmi2_common.o
    0x0800630e   0x0800630e   0x00000036   Code   RO         6272    i.bmi2_extract_input_feat_config  bmi2.o
    0x08006344   0x08006344   0x000000a0   Code   RO         6277    i.bmi2_get_feat_config  bmi2.o
    0x080063e4   0x080063e4   0x0000003c   Code   RO         6284    i.bmi2_get_gyro_cross_sense  bmi2.o
    0x08006420   0x08006420   0x00000030   Code   RO         6287    i.bmi2_get_internal_status  bmi2.o
    0x08006450   0x08006450   0x00000092   Code   RO         6288    i.bmi2_get_regs     bmi2.o
    0x080064e2   0x080064e2   0x00000002   PAD
    0x080064e4   0x080064e4   0x0000023a   Code   RO         6290    i.bmi2_get_sensor_config  bmi2.o
    0x0800671e   0x0800671e   0x000002de   Code   RO         6291    i.bmi2_get_sensor_data  bmi2.o
    0x080069fc   0x080069fc   0x00000026   Code   RO         6292    i.bmi2_get_status   bmi2.o
    0x08006a22   0x08006a22   0x00000002   PAD
    0x08006a24   0x08006a24   0x00000040   Code   RO         7369    i.bmi2_interface_selection  bmi2_common.o
    0x08006a64   0x08006a64   0x00000076   Code   RO         6293    i.bmi2_map_data_int  bmi2.o
    0x08006ada   0x08006ada   0x00000002   PAD
    0x08006adc   0x08006adc   0x00000064   Code   RO         6303    i.bmi2_sec_init     bmi2.o
    0x08006b40   0x08006b40   0x00000038   Code   RO         6305    i.bmi2_sensor_enable  bmi2.o
    0x08006b78   0x08006b78   0x00000062   Code   RO         6307    i.bmi2_set_adv_power_save  bmi2.o
    0x08006bda   0x08006bda   0x00000002   PAD
    0x08006bdc   0x08006bdc   0x0000009c   Code   RO         6317    i.bmi2_set_regs     bmi2.o
    0x08006c78   0x08006c78   0x000001e6   Code   RO         6319    i.bmi2_set_sensor_config  bmi2.o
    0x08006e5e   0x08006e5e   0x00000060   Code   RO         6320    i.bmi2_soft_reset   bmi2.o
    0x08006ebe   0x08006ebe   0x00000056   Code   RO         6324    i.bmi2_write_config_file  bmi2.o
    0x08006f14   0x08006f14   0x0000003e   Code   RO         6327    i.cfg_error_status  bmi2.o
    0x08006f52   0x08006f52   0x00000030   Code   RO         6328    i.check_boundary_val  bmi2.o
    0x08006f82   0x08006f82   0x0000001a   Code   RO         6330    i.comp_gyro_cross_axis_sensitivity  bmi2.o
    0x08006f9c   0x08006f9c   0x000000dc   Code   RO         6331    i.config_aux_interface  bmi2.o
    0x08007078   0x08007078   0x00000018   Code   RO         4917    i.delay_us          drv_haltick.o
    0x08007090   0x08007090   0x00000018   Code   RO         4791    i.dma_m0_rxcplt_callback  drv_uart.o
    0x080070a8   0x080070a8   0x00000018   Code   RO         4792    i.dma_m1_rxcplt_callback  drv_uart.o
    0x080070c0   0x080070c0   0x00000036   Code   RO         6338    i.extract_output_feat_config  bmi2.o
    0x080070f6   0x080070f6   0x00000018   Code   RO         7883    i.fabs              m_wm.l(fabs.o)
    0x0800710e   0x0800710e   0x00000020   Code   RO         6339    i.get_acc_gyr_data  bmi2.o
    0x0800712e   0x0800712e   0x0000004e   Code   RO         6340    i.get_accel_config  bmi2.o
    0x0800717c   0x0800717c   0x00000068   Code   RO         6341    i.get_accel_self_test_status  bmi2.o
    0x080071e4   0x080071e4   0x0000008a   Code   RO         6342    i.get_any_motion_config  bmi2.o
    0x0800726e   0x0800726e   0x000000aa   Code   RO         6343    i.get_aux_config    bmi2.o
    0x08007318   0x08007318   0x00000058   Code   RO         6345    i.get_ext_sens_sync_config  bmi2.o
    0x08007370   0x08007370   0x00000086   Code   RO         6346    i.get_flat_config   bmi2.o
    0x080073f6   0x080073f6   0x00000082   Code   RO         6347    i.get_free_fall_det_config  bmi2.o
    0x08007478   0x08007478   0x00000058   Code   RO         6348    i.get_glance_detect_config  bmi2.o
    0x080074d0   0x080074d0   0x0000005e   Code   RO         6349    i.get_gyro_config   bmi2.o
    0x0800752e   0x0800752e   0x00000072   Code   RO         6350    i.get_gyro_cross_sense  bmi2.o
    0x080075a0   0x080075a0   0x0000008a   Code   RO         6351    i.get_gyro_gain_update_config  bmi2.o
    0x0800762a   0x0800762a   0x00000068   Code   RO         6352    i.get_gyro_gain_update_status  bmi2.o
    0x08007692   0x08007692   0x000000a4   Code   RO         6353    i.get_high_g_config  bmi2.o
    0x08007736   0x08007736   0x00000092   Code   RO         6354    i.get_low_g_config  bmi2.o
    0x080077c8   0x080077c8   0x0000008a   Code   RO         6356    i.get_no_motion_config  bmi2.o
    0x08007852   0x08007852   0x00000076   Code   RO         6357    i.get_nvm_error_status  bmi2.o
    0x080078c8   0x080078c8   0x000000b4   Code   RO         6358    i.get_ois_output    bmi2.o
    0x0800797c   0x0800797c   0x0000008c   Code   RO         6359    i.get_orient_config  bmi2.o
    0x08007a08   0x08007a08   0x00000056   Code   RO         6362    i.get_remapped_data  bmi2.o
    0x08007a5e   0x08007a5e   0x000000be   Code   RO         6363    i.get_sig_motion_config  bmi2.o
    0x08007b1c   0x08007b1c   0x0000008a   Code   RO         6365    i.get_step_config   bmi2.o
    0x08007ba6   0x08007ba6   0x000000aa   Code   RO         6366    i.get_step_count_params_config  bmi2.o
    0x08007c50   0x08007c50   0x0000006e   Code   RO         6367    i.get_step_counter_output  bmi2.o
    0x08007cbe   0x08007cbe   0x00000058   Code   RO         6368    i.get_tilt_config   bmi2.o
    0x08007d16   0x08007d16   0x00000058   Code   RO         6369    i.get_up_hold_to_wake_config  bmi2.o
    0x08007d6e   0x08007d6e   0x0000007c   Code   RO         6371    i.get_wake_up_config  bmi2.o
    0x08007dea   0x08007dea   0x00000076   Code   RO         6372    i.get_wrist_gest_config  bmi2.o
    0x08007e60   0x08007e60   0x0000008a   Code   RO         6373    i.get_wrist_gest_w_config  bmi2.o
    0x08007eea   0x08007eea   0x0000008e   Code   RO         6374    i.get_wrist_wear_wake_up_config  bmi2.o
    0x08007f78   0x08007f78   0x0000009c   Code   RO         6375    i.get_wrist_wear_wake_up_wh_config  bmi2.o
    0x08008014   0x08008014   0x00000028   Code   RO         5361    i.gimbal_self_init  gimbal.o
    0x0800803c   0x0800803c   0x000001a8   Code   RO         5362    i.imu_pid_cal       gimbal.o
    0x080081e4   0x080081e4   0x000000c4   Code   RO         5363    i.imu_pid_init      gimbal.o
    0x080082a8   0x080082a8   0x0000002c   Code   RO         6169    i.inVSqrt           bmi.o
    0x080082d4   0x080082d4   0x00000026   Code   RO         6170    i.lsb_to_dps        bmi.o
    0x080082fa   0x080082fa   0x00000002   PAD
    0x080082fc   0x080082fc   0x00000034   Code   RO         6171    i.lsb_to_mps2       bmi.o
    0x08008330   0x08008330   0x000000b8   Code   RO         5364    i.machinery_pid_init  gimbal.o
    0x080083e8   0x080083e8   0x00000050   Code   RO           16    i.main              main.o
    0x08008438   0x08008438   0x0000000c   Code   RO         4202    i.makeFreeRtosPriority  cmsis_os.o
    0x08008444   0x08008444   0x00000158   Code   RO         5365    i.mec_pid_cal       gimbal.o
    0x0800859c   0x0800859c   0x00000028   Code   RO         4918    i.micros            drv_haltick.o
    0x080085c4   0x080085c4   0x00000028   Code   RO         5573    i.motor_check       motor.o
    0x080085ec   0x080085ec   0x00000022   Code   RO         5574    i.motor_info_init   motor.o
    0x0800860e   0x0800860e   0x00000026   Code   RO         5575    i.motor_info_update  motor.o
    0x08008634   0x08008634   0x00000018   Code   RO         6377    i.null_ptr_check    bmi2.o
    0x0800864c   0x0800864c   0x0000000e   Code   RO         4204    i.osDelay           cmsis_os.o
    0x0800865a   0x0800865a   0x0000000a   Code   RO         4207    i.osKernelStart     cmsis_os.o
    0x08008664   0x08008664   0x00000054   Code   RO         4241    i.osThreadCreate    cmsis_os.o
    0x080086b8   0x080086b8   0x00000054   Code   RO         5821    i.pid_val_init      pid.o
    0x0800870c   0x0800870c   0x00000070   Code   RO         3884    i.prvAddCurrentTaskToDelayedList  tasks.o
    0x0800877c   0x0800877c   0x000000d0   Code   RO         3885    i.prvAddNewTaskToReadyList  tasks.o
    0x0800884c   0x0800884c   0x00000034   Code   RO         3886    i.prvDeleteTCB      tasks.o
    0x08008880   0x08008880   0x0000004c   Code   RO         4569    i.prvHeapInit       heap_4.o
    0x080088cc   0x080088cc   0x00000060   Code   RO         3887    i.prvIdleTask       tasks.o
    0x0800892c   0x0800892c   0x00000098   Code   RO         3888    i.prvInitialiseNewTask  tasks.o
    0x080089c4   0x080089c4   0x0000004c   Code   RO         4570    i.prvInsertBlockIntoFreeList  heap_4.o
    0x08008a10   0x08008a10   0x00000020   Code   RO         3889    i.prvResetNextTaskUnblockTime  tasks.o
    0x08008a30   0x08008a30   0x00000028   Code   RO         4638    i.prvTaskExitError  port.o
    0x08008a58   0x08008a58   0x000000dc   Code   RO         4571    i.pvPortMalloc      heap_4.o
    0x08008b34   0x08008b34   0x0000002c   Code   RO         4639    i.pxPortInitialiseStack  port.o
    0x08008b60   0x08008b60   0x00000116   Code   RO         5224    i.rc_dial_jugde     rc_sensor.o
    0x08008c76   0x08008c76   0x00000054   Code   RO         5225    i.rc_dial_reset     rc_sensor.o
    0x08008cca   0x08008cca   0x00000056   Code   RO         5226    i.rc_sensor_check   rc_sensor.o
    0x08008d20   0x08008d20   0x00000028   Code   RO         5227    i.rc_sensor_heart_beat  rc_sensor.o
    0x08008d48   0x08008d48   0x0000001e   Code   RO         4963    i.rc_sensor_init    rc_protocol.o
    0x08008d66   0x08008d66   0x00000088   Code   RO         4964    i.rc_sensor_update  rc_protocol.o
    0x08008dee   0x08008dee   0x0000014e   Code   RO         6391    i.select_sensor     bmi2.o
    0x08008f3c   0x08008f3c   0x000003c4   Code   RO         6394    i.sensor_enable     bmi2.o
    0x08009300   0x08009300   0x00000098   Code   RO         6395    i.set_accel_config  bmi2.o
    0x08009398   0x08009398   0x00000056   Code   RO         6397    i.set_act_recog     bmi2.o
    0x080093ee   0x080093ee   0x0000005a   Code   RO         6398    i.set_any_motion    bmi2.o
    0x08009448   0x08009448   0x000000c6   Code   RO         6399    i.set_any_motion_config  bmi2.o
    0x0800950e   0x0800950e   0x00000090   Code   RO         6400    i.set_aux_config    bmi2.o
    0x0800959e   0x0800959e   0x00000036   Code   RO         6401    i.set_config_load   bmi2.o
    0x080095d4   0x080095d4   0x00000056   Code   RO         6402    i.set_double_tap    bmi2.o
    0x0800962a   0x0800962a   0x00000056   Code   RO         6403    i.set_ext_sens_sync  bmi2.o
    0x08009680   0x08009680   0x0000008e   Code   RO         6404    i.set_ext_sens_sync_config  bmi2.o
    0x0800970e   0x0800970e   0x00000002   PAD
    0x08009710   0x08009710   0x00000068   Code   RO         6405    i.set_feat_accel_self_test  bmi2.o
    0x08009778   0x08009778   0x00000056   Code   RO         6406    i.set_flat          bmi2.o
    0x080097ce   0x080097ce   0x000000bc   Code   RO         6407    i.set_flat_config   bmi2.o
    0x0800988a   0x0800988a   0x00000056   Code   RO         6408    i.set_free_fall_det  bmi2.o
    0x080098e0   0x080098e0   0x000000a8   Code   RO         6409    i.set_free_fall_det_config  bmi2.o
    0x08009988   0x08009988   0x0000008e   Code   RO         6410    i.set_glance_detect_config  bmi2.o
    0x08009a16   0x08009a16   0x00000056   Code   RO         6411    i.set_glance_detector  bmi2.o
    0x08009a6c   0x08009a6c   0x000000ac   Code   RO         6412    i.set_gyro_config   bmi2.o
    0x08009b18   0x08009b18   0x00000056   Code   RO         6413    i.set_gyro_self_offset_corr  bmi2.o
    0x08009b6e   0x08009b6e   0x0000005a   Code   RO         6414    i.set_gyro_user_gain  bmi2.o
    0x08009bc8   0x08009bc8   0x000000a2   Code   RO         6415    i.set_gyro_user_gain_config  bmi2.o
    0x08009c6a   0x08009c6a   0x0000005a   Code   RO         6416    i.set_high_g        bmi2.o
    0x08009cc4   0x08009cc4   0x000000da   Code   RO         6417    i.set_high_g_config  bmi2.o
    0x08009d9e   0x08009d9e   0x0000005a   Code   RO         6419    i.set_low_g         bmi2.o
    0x08009df8   0x08009df8   0x000000ba   Code   RO         6420    i.set_low_g_config  bmi2.o
    0x08009eb2   0x08009eb2   0x0000005a   Code   RO         6422    i.set_no_motion     bmi2.o
    0x08009f0c   0x08009f0c   0x000000c6   Code   RO         6423    i.set_no_motion_config  bmi2.o
    0x08009fd2   0x08009fd2   0x000000c6   Code   RO         6425    i.set_orient_config  bmi2.o
    0x0800a098   0x0800a098   0x00000056   Code   RO         6426    i.set_orientation   bmi2.o
    0x0800a0ee   0x0800a0ee   0x0000009e   Code   RO         6427    i.set_primary_ois_config  bmi2.o
    0x0800a18c   0x0800a18c   0x0000005a   Code   RO         6429    i.set_sig_motion    bmi2.o
    0x0800a1e6   0x0800a1e6   0x000000be   Code   RO         6430    i.set_sig_motion_config  bmi2.o
    0x0800a2a4   0x0800a2a4   0x00000056   Code   RO         6431    i.set_single_tap    bmi2.o
    0x0800a2fa   0x0800a2fa   0x0000005a   Code   RO         6432    i.set_step_activity  bmi2.o
    0x0800a354   0x0800a354   0x000000c0   Code   RO         6433    i.set_step_config   bmi2.o
    0x0800a414   0x0800a414   0x000000d4   Code   RO         6434    i.set_step_count_params_config  bmi2.o
    0x0800a4e8   0x0800a4e8   0x0000005a   Code   RO         6435    i.set_step_counter  bmi2.o
    0x0800a542   0x0800a542   0x0000005a   Code   RO         6436    i.set_step_detector  bmi2.o
    0x0800a59c   0x0800a59c   0x00000056   Code   RO         6437    i.set_tilt          bmi2.o
    0x0800a5f2   0x0800a5f2   0x0000008e   Code   RO         6438    i.set_tilt_config   bmi2.o
    0x0800a680   0x0800a680   0x00000056   Code   RO         6439    i.set_triple_tap    bmi2.o
    0x0800a6d6   0x0800a6d6   0x00000056   Code   RO         6440    i.set_up_hold_to_wake  bmi2.o
    0x0800a72c   0x0800a72c   0x0000008e   Code   RO         6441    i.set_up_hold_to_wake_config  bmi2.o
    0x0800a7ba   0x0800a7ba   0x00000056   Code   RO         6442    i.set_wake_up       bmi2.o
    0x0800a810   0x0800a810   0x000000bc   Code   RO         6443    i.set_wake_up_config  bmi2.o
    0x0800a8cc   0x0800a8cc   0x000000b6   Code   RO         6444    i.set_wrist_gest_config  bmi2.o
    0x0800a982   0x0800a982   0x000000c8   Code   RO         6445    i.set_wrist_gest_w_config  bmi2.o
    0x0800aa4a   0x0800aa4a   0x00000056   Code   RO         6446    i.set_wrist_gesture  bmi2.o
    0x0800aaa0   0x0800aaa0   0x00000056   Code   RO         6447    i.set_wrist_gesture_wh  bmi2.o
    0x0800aaf6   0x0800aaf6   0x00000056   Code   RO         6448    i.set_wrist_wear_wake_up  bmi2.o
    0x0800ab4c   0x0800ab4c   0x000000c8   Code   RO         6449    i.set_wrist_wear_wake_up_config  bmi2.o
    0x0800ac14   0x0800ac14   0x00000056   Code   RO         6450    i.set_wrist_wear_wake_up_wh  bmi2.o
    0x0800ac6a   0x0800ac6a   0x000000fa   Code   RO         6451    i.set_wrist_wear_wake_up_wh_config  bmi2.o
    0x0800ad64   0x0800ad64   0x00000016   Code   RO         5822    i.single_anglepid_cal  pid.o
    0x0800ad7a   0x0800ad7a   0x00000016   Code   RO         5823    i.single_anglesum_pid_cal  pid.o
    0x0800ad90   0x0800ad90   0x0000007c   Code   RO         5824    i.single_pid_ctrl   pid.o
    0x0800ae0c   0x0800ae0c   0x00000016   Code   RO         5825    i.single_speedpid_cal  pid.o
    0x0800ae22   0x0800ae22   0x00000024   Code   RO         5576    i.speed_pid_update  motor.o
    0x0800ae46   0x0800ae46   0x0000006e   Code   RO         7905    i.sqrt              m_wm.l(sqrt.o)
    0x0800aeb4   0x0800aeb4   0x000000f4   Code   RO         4793    i.uart_rx_idle_callback  drv_uart.o
    0x0800afa8   0x0800afa8   0x00000040   Code   RO         6463    i.upload_file       bmi2.o
    0x0800afe8   0x0800afe8   0x00000004   Code   RO         7373    i.user_delay_us     bmi2_common.o
    0x0800afec   0x0800afec   0x00000024   Code   RO         7374    i.user_i2c_reg_read  bmi2_common.o
    0x0800b010   0x0800b010   0x0000004c   Code   RO         7375    i.user_i2c_reg_write  bmi2_common.o
    0x0800b05c   0x0800b05c   0x00000026   Code   RO         3520    i.uxListRemove      list.o
    0x0800b082   0x0800b082   0x00000002   PAD
    0x0800b084   0x0800b084   0x00000014   Code   RO          256    i.vApplicationGetIdleTaskMemory  freertos.o
    0x0800b098   0x0800b098   0x00000016   Code   RO         3521    i.vListInitialise   list.o
    0x0800b0ae   0x0800b0ae   0x00000006   Code   RO         3522    i.vListInitialiseItem  list.o
    0x0800b0b4   0x0800b0b4   0x00000030   Code   RO         3523    i.vListInsert       list.o
    0x0800b0e4   0x0800b0e4   0x00000018   Code   RO         3524    i.vListInsertEnd    list.o
    0x0800b0fc   0x0800b0fc   0x00000040   Code   RO         4641    i.vPortEnterCritical  port.o
    0x0800b13c   0x0800b13c   0x00000028   Code   RO         4642    i.vPortExitCritical  port.o
    0x0800b164   0x0800b164   0x00000064   Code   RO         4572    i.vPortFree         heap_4.o
    0x0800b1c8   0x0800b1c8   0x00000024   Code   RO         4643    i.vPortSetupTimerInterrupt  port.o
    0x0800b1ec   0x0800b1ec   0x00000054   Code   RO         4644    i.vPortValidateInterruptPriority  port.o
    0x0800b240   0x0800b240   0x0000004c   Code   RO         3898    i.vTaskDelay        tasks.o
    0x0800b28c   0x0800b28c   0x0000006c   Code   RO         3911    i.vTaskStartScheduler  tasks.o
    0x0800b2f8   0x0800b2f8   0x00000010   Code   RO         3913    i.vTaskSuspendAll   tasks.o
    0x0800b308   0x0800b308   0x0000005c   Code   RO         3914    i.vTaskSwitchContext  tasks.o
    0x0800b364   0x0800b364   0x00000120   Code   RO         5684    i.vision_check      vision_sensor.o
    0x0800b484   0x0800b484   0x0000002a   Code   RO         5685    i.vision_heart_beat  vision_sensor.o
    0x0800b4ae   0x0800b4ae   0x0000001c   Code   RO         5127    i.vision_init       vision_potocol.o
    0x0800b4ca   0x0800b4ca   0x00000086   Code   RO         5128    i.vision_update     vision_potocol.o
    0x0800b550   0x0800b550   0x000000e4   Code   RO         6469    i.write_config_file  bmi2.o
    0x0800b634   0x0800b634   0x000000f4   Code   RO         4645    i.xPortStartScheduler  port.o
    0x0800b728   0x0800b728   0x0000005a   Code   RO         3917    i.xTaskCreate       tasks.o
    0x0800b782   0x0800b782   0x00000056   Code   RO         3918    i.xTaskCreateStatic  tasks.o
    0x0800b7d8   0x0800b7d8   0x00000010   Code   RO         3924    i.xTaskGetTickCountFromISR  tasks.o
    0x0800b7e8   0x0800b7e8   0x000000cc   Code   RO         3925    i.xTaskIncrementTick  tasks.o
    0x0800b8b4   0x0800b8b4   0x000000c4   Code   RO         3931    i.xTaskResumeAll    tasks.o
    0x0800b978   0x0800b978   0x00000018   Code   RO         7835    x$fpl$basic         fz_wm.l(basic.o)
    0x0800b990   0x0800b990   0x00000062   Code   RO         7686    x$fpl$d2f           fz_wm.l(d2f.o)
    0x0800b9f2   0x0800b9f2   0x00000002   PAD
    0x0800b9f4   0x0800b9f4   0x00000150   Code   RO         7688    x$fpl$dadd          fz_wm.l(daddsub_clz.o)
    0x0800bb44   0x0800bb44   0x000002b0   Code   RO         7838    x$fpl$ddiv          fz_wm.l(ddiv.o)
    0x0800bdf4   0x0800bdf4   0x0000005e   Code   RO         7959    x$fpl$dfix          fz_wm.l(dfix.o)
    0x0800be52   0x0800be52   0x0000002e   Code   RO         7695    x$fpl$dflt          fz_wm.l(dflt_clz.o)
    0x0800be80   0x0800be80   0x00000026   Code   RO         7694    x$fpl$dfltu         fz_wm.l(dflt_clz.o)
    0x0800bea6   0x0800bea6   0x00000002   PAD
    0x0800bea8   0x0800bea8   0x00000154   Code   RO         7700    x$fpl$dmul          fz_wm.l(dmul.o)
    0x0800bffc   0x0800bffc   0x0000009c   Code   RO         7841    x$fpl$dnaninf       fz_wm.l(dnaninf.o)
    0x0800c098   0x0800c098   0x0000000c   Code   RO         7843    x$fpl$dretinf       fz_wm.l(dretinf.o)
    0x0800c0a4   0x0800c0a4   0x00000016   Code   RO         7689    x$fpl$drsb          fz_wm.l(daddsub_clz.o)
    0x0800c0ba   0x0800c0ba   0x00000002   PAD
    0x0800c0bc   0x0800c0bc   0x00000198   Code   RO         7965    x$fpl$dsqrt         fz_wm.l(dsqrt_umaal.o)
    0x0800c254   0x0800c254   0x000001d4   Code   RO         7690    x$fpl$dsub          fz_wm.l(daddsub_clz.o)
    0x0800c428   0x0800c428   0x00000056   Code   RO         7702    x$fpl$f2d           fz_wm.l(f2d.o)
    0x0800c47e   0x0800c47e   0x0000008c   Code   RO         7845    x$fpl$fnaninf       fz_wm.l(fnaninf.o)
    0x0800c50a   0x0800c50a   0x0000000a   Code   RO         7967    x$fpl$fpinit        fz_wm.l(fpinit.o)
    0x0800c514   0x0800c514   0x0000000a   Code   RO         7847    x$fpl$fretinf       fz_wm.l(fretinf.o)
    0x0800c51e   0x0800c51e   0x00000000   Code   RO         7849    x$fpl$usenofp       fz_wm.l(usenofp.o)
    0x0800c51e   0x0800c51e   0x00000002   PAD
    0x0800c520   0x0800c520   0x000000fc   Data   RO          258    .constdata          freertos.o
    0x0800c61c   0x0800c61c   0x00000008   Data   RO         1393    .constdata          stm32f4xx_hal_dma.o
    0x0800c624   0x0800c624   0x00000010   Data   RO         3383    .constdata          system_stm32f4xx.o
    0x0800c634   0x0800c634   0x00000008   Data   RO         3384    .constdata          system_stm32f4xx.o
    0x0800c63c   0x0800c63c   0x00000300   Data   RO         5881    .constdata          crc.o
    0x0800c93c   0x0800c93c   0x00000006   Data   RO         6471    .constdata          bmi2.o
    0x0800c942   0x0800c942   0x00002045   Data   RO         7521    .constdata          bmi270.o
    0x0800e987   0x0800e987   0x00000001   PAD
    0x0800e988   0x0800e988   0x00000050   Data   RO         7707    .constdata          m_wm.l(asin.o)
    0x0800e9d8   0x0800e9d8   0x00000098   Data   RO         7853    .constdata          m_wm.l(atan.o)
    0x0800ea70   0x0800ea70   0x00000030   Data   RO         7865    .constdata          m_wm.l(cos_i.o)
    0x0800eaa0   0x0800eaa0   0x00000008   Data   RO         7891    .constdata          m_wm.l(qnan.o)
    0x0800eaa8   0x0800eaa8   0x000000c8   Data   RO         7894    .constdata          m_wm.l(rred.o)
    0x0800eb70   0x0800eb70   0x00000028   Data   RO         7898    .constdata          m_wm.l(sin_i.o)
    0x0800eb98   0x0800eb98   0x00000074   Data   RO          259    .conststring        freertos.o
    0x0800ec0c   0x0800ec0c   0x00000020   Data   RO         8058    Region$$Table       anon$$obj.o


    Execution Region RW_IRAM1 (Exec base: 0x20000000, Load base: 0x0800ec2c, Size: 0x00005c28, Max: 0x0001c000, ABSOLUTE, COMPRESSED[0x00000108])

    Exec Addr    Load Addr    Size         Type   Attr      Idx    E Section Name        Object

    0x20000000   COMPRESSED   0x00000024   Data   RW          260    .data               freertos.o
    0x20000024   COMPRESSED   0x00000004   Data   RW          349    .data               can.o
    0x20000028   COMPRESSED   0x0000000c   Data   RW         1820    .data               stm32f4xx_hal.o
    0x20000034   COMPRESSED   0x00000004   Data   RW         3385    .data               system_stm32f4xx.o
    0x20000038   COMPRESSED   0x0000003c   Data   RW         3934    .data               tasks.o
    0x20000074   COMPRESSED   0x00000020   Data   RW         4578    .data               heap_4.o
    0x20000094   COMPRESSED   0x0000000c   Data   RW         4646    .data               port.o
    0x200000a0   COMPRESSED   0x00000008   Data   RW         4723    .data               drv_can.o
    0x200000a8   COMPRESSED   0x00000008   Data   RW         4724    .data               drv_can.o
    0x200000b0   COMPRESSED   0x00000008   Data   RW         4725    .data               drv_can.o
    0x200000b8   COMPRESSED   0x00000004   Data   RW         4919    .data               drv_haltick.o
    0x200000bc   COMPRESSED   0x0000001a   Data   RW         5230    .data               rc_sensor.o
    0x200000d6   COMPRESSED   0x00000002   PAD
    0x200000d8   COMPRESSED   0x00000028   Data   RW         5231    .data               rc_sensor.o
    0x20000100   COMPRESSED   0x000000d0   Data   RW         5287    .data               chassis_motor.o
    0x200001d0   COMPRESSED   0x00000024   Data   RW         5367    .data               gimbal.o
    0x200001f4   COMPRESSED   0x00000068   Data   RW         5459    .data               gimbal_motor.o
    0x2000025c   COMPRESSED   0x000000d0   Data   RW         5487    .data               shoot_motor.o
    0x2000032c   COMPRESSED   0x00000004   Data   RW         5517    .data               shoot.o
    0x20000330   COMPRESSED   0x00000058   Data   RW         5687    .data               vision_sensor.o
    0x20000388   COMPRESSED   0x0000001c   Data   RW         5688    .data               vision_sensor.o
    0x200003a4   COMPRESSED   0x00000002   Data   RW         5882    .data               crc.o
    0x200003a6   COMPRESSED   0x00000002   PAD
    0x200003a8   COMPRESSED   0x00000020   Data   RW         5969    .data               imu_task.o
    0x200003c8   COMPRESSED   0x00000008   Data   RW         6002    .data               rc_heart_task.o
    0x200003d0   COMPRESSED   0x0000006c   Data   RW         6174    .data               bmi.o
    0x2000043c   COMPRESSED   0x00000002   Data   RW         7378    .data               bmi2_common.o
    0x2000043e   COMPRESSED   0x00000002   PAD
    0x20000440        -       0x00000254   Zero   RW          257    .bss                freertos.o
    0x20000694        -       0x00000050   Zero   RW          348    .bss                can.o
    0x200006e4        -       0x00000048   Zero   RW          421    .bss                tim.o
    0x2000072c        -       0x00000044   Zero   RW          469    .bss                usart.o
    0x20000770        -       0x00000044   Zero   RW          470    .bss                usart.o
    0x200007b4        -       0x00000044   Zero   RW          471    .bss                usart.o
    0x200007f8        -       0x000001a8   Zero   RW          472    .bss                usart.o
    0x200009a0        -       0x00000048   Zero   RW          649    .bss                stm32f4xx_hal_timebase_tim.o
    0x200009e8        -       0x000000f0   Zero   RW         3933    .bss                tasks.o
    0x20000ad8        -       0x00003c00   Zero   RW         4577    .bss                heap_4.o
    0x200046d8        -       0x00000088   Zero   RW         4722    .bss                drv_can.o
    0x20004760        -       0x000005a8   Zero   RW         4794    .bss                drv_uart.o
    0x20004d08        -       0x0000001c   Zero   RW         5228    .bss                rc_sensor.o
    0x20004d24        -       0x00000050   Zero   RW         5283    .bss                chassis_motor.o
    0x20004d74        -       0x000000e0   Zero   RW         5284    .bss                chassis_motor.o
    0x20004e54        -       0x000000e0   Zero   RW         5285    .bss                chassis_motor.o
    0x20004f34        -       0x000000e0   Zero   RW         5286    .bss                chassis_motor.o
    0x20005014        -       0x000000e0   Zero   RW         5366    .bss                gimbal.o
    0x200050f4        -       0x00000028   Zero   RW         5455    .bss                gimbal_motor.o
    0x2000511c        -       0x00000070   Zero   RW         5456    .bss                gimbal_motor.o
    0x2000518c        -       0x00000070   Zero   RW         5457    .bss                gimbal_motor.o
    0x200051fc        -       0x00000070   Zero   RW         5458    .bss                gimbal_motor.o
    0x2000526c        -       0x00000050   Zero   RW         5483    .bss                shoot_motor.o
    0x200052bc        -       0x000000e0   Zero   RW         5484    .bss                shoot_motor.o
    0x2000539c        -       0x000000e0   Zero   RW         5485    .bss                shoot_motor.o
    0x2000547c        -       0x000000e0   Zero   RW         5486    .bss                shoot_motor.o
    0x2000555c   COMPRESSED   0x00000004   PAD
    0x20005560        -       0x00000068   Zero   RW         6173    .bss                bmi.o
    0x200055c8        -       0x00000060   Zero   RW         7918    .bss                c_w.l(libspace.o)
    0x20005628        -       0x00000200   Zero   RW            2    HEAP                startup_stm32f407xx.o
    0x20005828        -       0x00000400   Zero   RW            1    STACK               startup_stm32f407xx.o


    Execution Region RW_IRAM2 (Exec base: 0x2001c000, Load base: 0x0800ed34, Size: 0x00000000, Max: 0x00004000, ABSOLUTE)

    **** No section assigned to this execution region ****


==============================================================================

Image component sizes


      Code (inc. data)   RO Data    RW Data    ZI Data      Debug   Object Name

      1602         46          0        108        104      47171   bmi.o
     15630        116          6          0          0     113602   bmi2.o
       120         10       8261          0          0       1578   bmi270.o
       354         30          0          2          0       5410   bmi2_common.o
       396         46          0          4         80       2434   can.o
       240         14          0          0          0       1746   can_protocol.o
       940         80          0          0          0       3077   chassis.o
         0          0          0        208        752        876   chassis_motor.o
        44          6          0          0          0       1057   chassis_task.o
       120          0          0          0          0      23197   cmsis_os.o
       178         18        768          2          0       3655   crc.o
        76          4          0          0          0        770   dma.o
       278         32          0         24        136       3783   drv_can.o
       116         24          0          4          0       2090   drv_haltick.o
      1110         78          0          0       1448       7512   drv_uart.o
         0          0          0          0          0      16840   event_groups.o
       244         14        368         36        596       3185   freertos.o
      1786        278          0         36        224       9801   gimbal.o
         0          0          0        104        376        855   gimbal_motor.o
        72         12          0          0          0        567   gimbal_task.o
       200         12          0          0          0       1019   gpio.o
       472         24          0         32      15360       7339   heap_4.o
       176         12          0         32          0       1066   imu_task.o
       138          0          0          0          0       3482   list.o
       246         18          0          0          0     734776   main.o
       312         14          0          0          0       3668   motor.o
       274         14          0          0          0       3203   pid.o
       786         82          0         12          0      11729   port.o
        28          4          0          0          0        527   rc_dial_task.o
       364         66          0          8          0       3013   rc_heart_task.o
       194          6          0          0          0      11259   rc_protocol.o
       488          0          0         66         28       8059   rc_sensor.o
       194          0          0          0          0       2561   rp_math.o
        96         30          0          0          0       3461   servo.o
      1136        120          0          4          0       4602   shoot.o
         0          0          0        208        752        838   shoot_motor.o
        40          6          0          0          0        530   shoot_task.o
       544         62          0          0          0       4223   soft_iic.o
        64         26        392          0       1536        832   startup_stm32f407xx.o
        64         10          0         12          0       7516   stm32f4xx_hal.o
      1638          6          0          0          0      14063   stm32f4xx_hal_can.o
       158         14          0          0          0      33106   stm32f4xx_hal_cortex.o
       934         16          8          0          0       5547   stm32f4xx_hal_dma.o
       506         46          0          0          0       2164   stm32f4xx_hal_gpio.o
        56          4          0          0          0        846   stm32f4xx_hal_msp.o
      1412         86          0          0          0       5829   stm32f4xx_hal_rcc.o
      2144        146          0          0          0      17437   stm32f4xx_hal_tim.o
       232         28          0          0          0       3229   stm32f4xx_hal_tim_ex.o
       116         14          0          0         72       1391   stm32f4xx_hal_timebase_tim.o
      1276         16          0          0          0       8172   stm32f4xx_hal_uart.o
       132         48          0          0          0       6525   stm32f4xx_it.o
         0          0          0          0          0        384   stream_buffer.o
        16          4         24          4          0       1099   system_stm32f4xx.o
      1536        116          0         60        240      19925   tasks.o
       344         32          0          0         72       2388   tim.o
       528         56          0          0        628       2809   usart.o
       190          6          0          0          0       4800   vision_potocol.o
       330         24          0        116          0       4368   vision_sensor.o
        20          4          0          0          0        519   vision_task.o

    ----------------------------------------------------------------------
     40734       1980       9860       1088      22408    1197510   Object Totals
         0          0         32          0          0          0   (incl. Generated)
        44          0          1          6          4          0   (incl. Padding)

    ----------------------------------------------------------------------

      Code (inc. data)   RO Data    RW Data    ZI Data      Debug   Library Member Name

        90          0          0          0          0          0   __dczerorl2.o
         8          0          0          0          0         68   __main.o
         0          0          0          0          0          0   __rtentry.o
        12          0          0          0          0          0   __rtentry2.o
         6          0          0          0          0          0   __rtentry4.o
        52          8          0          0          0          0   __scatter.o
        28          0          0          0          0          0   __scatter_zi.o
        22          0          0          0          0        100   _rserrno.o
        10          0          0          0          0         68   defsig_exit.o
        50          0          0          0          0         88   defsig_general.o
        80         58          0          0          0         76   defsig_rtmem_inner.o
        14          0          0          0          0         80   defsig_rtmem_outer.o
        18          0          0          0          0         80   exit.o
        94          0          0          0          0         80   h1_alloc.o
        52          0          0          0          0         68   h1_extend.o
        78          0          0          0          0         80   h1_free.o
        14          0          0          0          0         84   h1_init.o
         6          0          0          0          0        152   heapauxi.o
         4          0          0          0          0        136   hguard.o
         0          0          0          0          0          0   indicate_semi.o
       138          0          0          0          0        168   init_alloc.o
         2          0          0          0          0          0   libinit.o
        14          0          0          0          0          0   libinit2.o
         2          0          0          0          0          0   libshutdown.o
         2          0          0          0          0          0   libshutdown2.o
         8          4          0          0         96         68   libspace.o
       238          0          0          0          0        100   lludivv7m.o
         0          0          0          0          0          0   maybetermalloc1.o
         8          4          0          0          0         68   rt_errno_addr_intlibspace.o
         8          4          0          0          0         68   rt_heap_descriptor_intlibspace.o
        68          0          0          0          0         68   rt_memclr.o
        78          0          0          0          0         80   rt_memclr_w.o
       138          0          0          0          0         68   rt_memcpy_v6.o
       100          0          0          0          0         80   rt_memcpy_w.o
         2          0          0          0          0          0   rtexit.o
        10          0          0          0          0          0   rtexit2.o
        12          4          0          0          0         68   sys_exit.o
        74          0          0          0          0         80   sys_stackheap_outer.o
        14          0          0          0          0         76   sys_wrch.o
         2          0          0          0          0         68   use_no_semi.o
        24          0          0          0          0        164   basic.o
        98          4          0          0          0        140   d2f.o
       826         16          0          0          0        492   daddsub_clz.o
       688        140          0          0          0        256   ddiv.o
        94          4          0          0          0        140   dfix.o
        84          0          0          0          0        232   dflt_clz.o
       340         12          0          0          0        152   dmul.o
       156          4          0          0          0        140   dnaninf.o
        12          0          0          0          0        116   dretinf.o
       408         56          0          0          0        168   dsqrt_umaal.o
        86          4          0          0          0        132   f2d.o
       140          4          0          0          0        132   fnaninf.o
        10          0          0          0          0        116   fpinit.o
        10          0          0          0          0        116   fretinf.o
         0          0          0          0          0          0   usenofp.o
       864         94         80          0          0        280   asin.o
       744        106        152          0          0        352   atan.o
       496         64          0          0          0        192   atan2.o
       200         20          0          0          0        164   cos.o
       368         46         48          0          0        200   cos_i.o
       104         16          0          0          0        496   dunder.o
        24          0          0          0          0        124   fabs.o
        48          0          0          0          0        124   fpclassify.o
       248          0          0          0          0        152   poly.o
         0          0          8          0          0          0   qnan.o
      1080        142        200          0          0        188   rred.o
       200         20          0          0          0        164   sin.o
       304         24         40          0          0        208   sin_i.o
       110          0          0          0          0        148   sqrt.o

    ----------------------------------------------------------------------
      9338        858        528          0         96       7508   Library Totals
        16          0          0          0          0          0   (incl. Padding)

    ----------------------------------------------------------------------

      Code (inc. data)   RO Data    RW Data    ZI Data      Debug   Library Name

      1556         82          0          0         96       2220   c_w.l
      2976        244          0          0          0       2496   fz_wm.l
      4790        532        528          0          0       2792   m_wm.l

    ----------------------------------------------------------------------
      9338        858        528          0         96       7508   Library Totals

    ----------------------------------------------------------------------

==============================================================================


      Code (inc. data)   RO Data    RW Data    ZI Data      Debug   

     50072       2838      10388       1088      22504    1165122   Grand Totals
     50072       2838      10388        264      22504    1165122   ELF Image Totals (compressed)
     50072       2838      10388        264          0          0   ROM Totals

==============================================================================

    Total RO  Size (Code + RO Data)                60460 (  59.04kB)
    Total RW  Size (RW Data + ZI Data)             23592 (  23.04kB)
    Total ROM Size (Code + RO Data + RW Data)      60724 (  59.30kB)

==============================================================================

