Component: ARM Compiler 5.06 update 5 (build 528) Tool: armlink [4d35e2]

==============================================================================

Section Cross References

    startup_stm32f407xx.o(STACK) refers (Special) to heapauxi.o(.text) for __use_two_region_memory
    startup_stm32f407xx.o(HEAP) refers (Special) to heapauxi.o(.text) for __use_two_region_memory
    startup_stm32f407xx.o(RESET) refers (Special) to heapauxi.o(.text) for __use_two_region_memory
    startup_stm32f407xx.o(RESET) refers to startup_stm32f407xx.o(STACK) for __initial_sp
    startup_stm32f407xx.o(RESET) refers to startup_stm32f407xx.o(.text) for Reset_Handler
    startup_stm32f407xx.o(RESET) refers to stm32f4xx_it.o(i.NMI_Handler) for NMI_Handler
    startup_stm32f407xx.o(RESET) refers to stm32f4xx_it.o(i.HardFault_Handler) for HardFault_Handler
    startup_stm32f407xx.o(RESET) refers to stm32f4xx_it.o(i.MemManage_Handler) for MemManage_Handler
    startup_stm32f407xx.o(RESET) refers to stm32f4xx_it.o(i.BusFault_Handler) for BusFault_Handler
    startup_stm32f407xx.o(RESET) refers to stm32f4xx_it.o(i.UsageFault_Handler) for UsageFault_Handler
    startup_stm32f407xx.o(RESET) refers to port.o(.emb_text) for SVC_Handler
    startup_stm32f407xx.o(RESET) refers to stm32f4xx_it.o(i.DebugMon_Handler) for DebugMon_Handler
    startup_stm32f407xx.o(RESET) refers to port.o(i.SysTick_Handler) for SysTick_Handler
    startup_stm32f407xx.o(RESET) refers to stm32f4xx_it.o(i.DMA1_Stream5_IRQHandler) for DMA1_Stream5_IRQHandler
    startup_stm32f407xx.o(RESET) refers to stm32f4xx_it.o(i.CAN1_RX0_IRQHandler) for CAN1_RX0_IRQHandler
    startup_stm32f407xx.o(RESET) refers to stm32f4xx_it.o(i.TIM2_IRQHandler) for TIM2_IRQHandler
    startup_stm32f407xx.o(RESET) refers to stm32f4xx_it.o(i.USART2_IRQHandler) for USART2_IRQHandler
    startup_stm32f407xx.o(RESET) refers to stm32f4xx_it.o(i.CAN2_RX0_IRQHandler) for CAN2_RX0_IRQHandler
    startup_stm32f407xx.o(.text) refers (Special) to heapauxi.o(.text) for __use_two_region_memory
    startup_stm32f407xx.o(.text) refers to system_stm32f4xx.o(i.SystemInit) for SystemInit
    startup_stm32f407xx.o(.text) refers to __main.o(!!!main) for __main
    startup_stm32f407xx.o(.text) refers to startup_stm32f407xx.o(HEAP) for Heap_Mem
    startup_stm32f407xx.o(.text) refers to startup_stm32f407xx.o(STACK) for Stack_Mem
    main.o(i.HAL_TIM_PeriodElapsedCallback) refers to drv_haltick.o(i.HAL_IncTick) for HAL_IncTick
    main.o(i.SystemClock_Config) refers to rt_memclr_w.o(.text) for __aeabi_memclr4
    main.o(i.SystemClock_Config) refers to stm32f4xx_hal_rcc.o(i.HAL_RCC_OscConfig) for HAL_RCC_OscConfig
    main.o(i.SystemClock_Config) refers to stm32f4xx_hal_rcc.o(i.HAL_RCC_ClockConfig) for HAL_RCC_ClockConfig
    main.o(i.main) refers to stm32f4xx_hal.o(i.HAL_Init) for HAL_Init
    main.o(i.main) refers to main.o(i.SystemClock_Config) for SystemClock_Config
    main.o(i.main) refers to gpio.o(i.MX_GPIO_Init) for MX_GPIO_Init
    main.o(i.main) refers to can.o(i.MX_CAN1_Init) for MX_CAN1_Init
    main.o(i.main) refers to dma.o(i.MX_DMA_Init) for MX_DMA_Init
    main.o(i.main) refers to usart.o(i.MX_USART2_UART_Init) for MX_USART2_UART_Init
    main.o(i.main) refers to can.o(i.MX_CAN2_Init) for MX_CAN2_Init
    main.o(i.main) refers to tim.o(i.MX_TIM1_Init) for MX_TIM1_Init
    main.o(i.main) refers to usart.o(i.HAL_UART_MspInit) for HAL_UART_MspInit
    main.o(i.main) refers to drv_uart.o(i.USART2_Init) for USART2_Init
    main.o(i.main) refers to drv_can.o(i.CAN_Init) for CAN_Init
    main.o(i.main) refers to freertos.o(i.MX_FREERTOS_Init) for MX_FREERTOS_Init
    main.o(i.main) refers to cmsis_os.o(i.osKernelStart) for osKernelStart
    main.o(i.main) refers to usart.o(.bss) for huart2
    gpio.o(i.MX_GPIO_Init) refers to rt_memclr_w.o(.text) for __aeabi_memclr4
    gpio.o(i.MX_GPIO_Init) refers to stm32f4xx_hal_gpio.o(i.HAL_GPIO_WritePin) for HAL_GPIO_WritePin
    gpio.o(i.MX_GPIO_Init) refers to stm32f4xx_hal_gpio.o(i.HAL_GPIO_Init) for HAL_GPIO_Init
    freertos.o(i.MX_FREERTOS_Init) refers to rt_memcpy_w.o(.text) for __aeabi_memcpy4
    freertos.o(i.MX_FREERTOS_Init) refers to cmsis_os.o(i.osThreadCreate) for osThreadCreate
    freertos.o(i.MX_FREERTOS_Init) refers to freertos.o(.constdata) for .constdata
    freertos.o(i.MX_FREERTOS_Init) refers to freertos.o(.data) for .data
    freertos.o(i.StartChassis_Task) refers to cmsis_os.o(i.osDelay) for osDelay
    freertos.o(i.StartDefaultTask) refers to cmsis_os.o(i.osDelay) for osDelay
    freertos.o(i.StartGimbal_Task) refers to cmsis_os.o(i.osDelay) for osDelay
    freertos.o(i.StartImuTask) refers to cmsis_os.o(i.osDelay) for osDelay
    freertos.o(i.StartRC_DialTask) refers to cmsis_os.o(i.osDelay) for osDelay
    freertos.o(i.StartRC_HeartTask) refers to cmsis_os.o(i.osDelay) for osDelay
    freertos.o(i.StartShoot_Task) refers to cmsis_os.o(i.osDelay) for osDelay
    freertos.o(i.StartWorkStateTask) refers to cmsis_os.o(i.osDelay) for osDelay
[...]
    TIM2_IRQHandler                          0x080046b5   Thumb Code     6  stm32f4xx_it.o(i.TIM2_IRQHandler)
    TIM_Base_SetConfig                       0x080046c1   Thumb Code   156  stm32f4xx_hal_tim.o(i.TIM_Base_SetConfig)
    TIM_CCxChannelCmd                        0x08004789   Thumb Code    26  stm32f4xx_hal_tim.o(i.TIM_CCxChannelCmd)
    TIM_ETR_SetConfig                        0x080047a3   Thumb Code    20  stm32f4xx_hal_tim.o(i.TIM_ETR_SetConfig)
    TIM_OC2_SetConfig                        0x08004829   Thumb Code    98  stm32f4xx_hal_tim.o(i.TIM_OC2_SetConfig)
    USART2_IRQHandler                        0x08004bbd   Thumb Code    18  stm32f4xx_it.o(i.USART2_IRQHandler)
    USART2_Init                              0x08004bd5   Thumb Code    52  drv_uart.o(i.USART2_Init)
    USART2_rxDataHandler                     0x08004c11   Thumb Code    22  rc_protocol.o(i.USART2_rxDataHandler)
    USART4_rxDataHandler                     0x08004c2d   Thumb Code     2  drv_uart.o(i.USART4_rxDataHandler)
    USART5_rxDataHandler                     0x08004c2f   Thumb Code     2  drv_uart.o(i.USART5_rxDataHandler)
    UsageFault_Handler                       0x08004c31   Thumb Code     2  stm32f4xx_it.o(i.UsageFault_Handler)
    __ARM_fpclassify                         0x08004c33   Thumb Code    48  fpclassify.o(i.__ARM_fpclassify)
    __hardfp_asin                            0x08004c89   Thumb Code   770  asin.o(i.__hardfp_asin)
    __hardfp_atan                            0x08004fe9   Thumb Code   622  atan.o(i.__hardfp_atan)
    __hardfp_atan2                           0x080052c1   Thumb Code   432  atan2.o(i.__hardfp_atan2)
    __hardfp_cos                             0x080054b1   Thumb Code   180  cos.o(i.__hardfp_cos)
    __hardfp_sin                             0x08005579   Thumb Code   180  sin.o(i.__hardfp_sin)
    __ieee754_rem_pio2                       0x08005641   Thumb Code   938  rred.o(i.__ieee754_rem_pio2)
    __kernel_cos                             0x08005a79   Thumb Code   322  cos_i.o(i.__kernel_cos)
    __kernel_poly                            0x08005be9   Thumb Code   248  poly.o(i.__kernel_poly)
    __kernel_sin                             0x08005ce1   Thumb Code   280  sin_i.o(i.__kernel_sin)
    __mathlib_dbl_infnan                     0x08005e11   Thumb Code    20  dunder.o(i.__mathlib_dbl_infnan)
    __mathlib_dbl_infnan2                    0x08005e25   Thumb Code    20  dunder.o(i.__mathlib_dbl_infnan2)
    __mathlib_dbl_invalid                    0x08005e39   Thumb Code    24  dunder.o(i.__mathlib_dbl_invalid)
    __mathlib_dbl_underflow                  0x08005e59   Thumb Code    24  dunder.o(i.__mathlib_dbl_underflow)
    angle_pid_update                         0x08005e79   Thumb Code    42  motor.o(i.angle_pid_update)
    anglesum_pid_update                      0x08005ea9   Thumb Code   108  motor.o(i.anglesum_pid_update)
    atan                                     0x08005f1d   Thumb Code    16  atan.o(i.atan)
    bmi270_init                              0x08005f2d   Thumb Code   110  bmi270.o(i.bmi270_init)
    bmi2_error_codes_print_result            0x08005fa5   Thumb Code     2  bmi2_common.o(i.bmi2_error_codes_print_result)
    bmi2_extract_input_feat_config           0x08005fa7   Thumb Code    54  bmi2.o(i.bmi2_extract_input_feat_config)
    bmi2_get_feat_config                     0x08005fdd   Thumb Code   160  bmi2.o(i.bmi2_get_feat_config)
    bmi2_get_gyro_cross_sense                0x0800607d   Thumb Code    60  bmi2.o(i.bmi2_get_gyro_cross_sense)
    bmi2_get_internal_status                 0x080060b9   Thumb Code    48  bmi2.o(i.bmi2_get_internal_status)
    bmi2_get_regs                            0x080060e9   Thumb Code   146  bmi2.o(i.bmi2_get_regs)
    bmi2_get_sensor_config                   0x0800617d   Thumb Code   570  bmi2.o(i.bmi2_get_sensor_config)
    bmi2_get_sensor_data                     0x080063b7   Thumb Code   734  bmi2.o(i.bmi2_get_sensor_data)
    bmi2_get_status                          0x08006695   Thumb Code    38  bmi2.o(i.bmi2_get_status)
    bmi2_interface_selection                 0x080066bd   Thumb Code    48  bmi2_common.o(i.bmi2_interface_selection)
    bmi2_map_data_int                        0x080066fd   Thumb Code   118  bmi2.o(i.bmi2_map_data_int)
    bmi2_sec_init                            0x08006775   Thumb Code    96  bmi2.o(i.bmi2_sec_init)
    bmi2_sensor_enable                       0x080067d9   Thumb Code    56  bmi2.o(i.bmi2_sensor_enable)
    bmi2_set_adv_power_save                  0x08006811   Thumb Code    98  bmi2.o(i.bmi2_set_adv_power_save)
    bmi2_set_regs                            0x08006875   Thumb Code   156  bmi2.o(i.bmi2_set_regs)
    bmi2_set_sensor_config                   0x08006911   Thumb Code   486  bmi2.o(i.bmi2_set_sensor_config)
    bmi2_soft_reset                          0x08006af7   Thumb Code    96  bmi2.o(i.bmi2_soft_reset)
    bmi2_write_config_file                   0x08006b57   Thumb Code    86  bmi2.o(i.bmi2_write_config_file)
    delay_us                                 0x08006d11   Thumb Code    24  drv_haltick.o(i.delay_us)
    fabs                                     0x08006d8f   Thumb Code    24  fabs.o(i.fabs)
    gimbal_self_init                         0x08007cad   Thumb Code    34  gimbal.o(i.gimbal_self_init)
    imu_pid_cal                              0x08007cd5   Thumb Code   338  gimbal.o(i.imu_pid_cal)
    imu_pid_init                             0x08007e5d   Thumb Code   158  gimbal.o(i.imu_pid_init)
    inVSqrt                                  0x08007f21   Thumb Code    40  bmi.o(i.inVSqrt)
    machinery_pid_init                       0x08007fa9   Thumb Code   152  gimbal.o(i.machinery_pid_init)
    main                                     0x08008061   Thumb Code    56  main.o(i.main)
    mec_pid_cal                              0x080080a9   Thumb Code   272  gimbal.o(i.mec_pid_cal)
    micros                                   0x080081e5   Thumb Code    30  drv_haltick.o(i.micros)
    motor_check                              0x0800820d   Thumb Code    40  motor.o(i.motor_check)
    motor_info_init                          0x08008235   Thumb Code    34  motor.o(i.motor_info_init)
    motor_info_update                        0x08008257   Thumb Code    38  motor.o(i.motor_info_update)
    osDelay                                  0x08008295   Thumb Code    14  cmsis_os.o(i.osDelay)
    osKernelStart                            0x080082a3   Thumb Code    10  cmsis_os.o(i.osKernelStart)
    osThreadCreate                           0x080082ad   Thumb Code    84  cmsis_os.o(i.osThreadCreate)
    pid_val_init                             0x08008301   Thumb Code    70  pid.o(i.pid_val_init)
    pvPortMalloc                             0x080086a1   Thumb Code   216  heap_4.o(i.pvPortMalloc)
    pxPortInitialiseStack                    0x0800877d   Thumb Code    40  port.o(i.pxPortInitialiseStack)
    rc_dial_jugde                            0x080087a9   Thumb Code   250  rc_sensor.o(i.rc_dial_jugde)
    rc_dial_reset                            0x080088a3   Thumb Code    80  rc_sensor.o(i.rc_dial_reset)
    rc_sensor_init                           0x08008971   Thumb Code    28  rc_protocol.o(i.rc_sensor_init)
    rc_sensor_update                         0x0800898d   Thumb Code   136  rc_protocol.o(i.rc_sensor_update)
    single_anglepid_cal                      0x0800a98d   Thumb Code    22  pid.o(i.single_anglepid_cal)
    single_anglesum_pid_cal                  0x0800a9a3   Thumb Code    22  pid.o(i.single_anglesum_pid_cal)
    single_pid_ctrl                          0x0800a9b9   Thumb Code   124  pid.o(i.single_pid_ctrl)
    single_speedpid_cal                      0x0800aa35   Thumb Code    22  pid.o(i.single_speedpid_cal)
    speed_pid_update                         0x0800aa4b   Thumb Code    36  motor.o(i.speed_pid_update)
    sqrt                                     0x0800aa6f   Thumb Code   110  sqrt.o(i.sqrt)
    user_delay_us                            0x0800abe5   Thumb Code     4  bmi2_common.o(i.user_delay_us)
    user_i2c_reg_read                        0x0800abe9   Thumb Code    36  bmi2_common.o(i.user_i2c_reg_read)
    user_i2c_reg_write                       0x0800ac0d   Thumb Code    70  bmi2_common.o(i.user_i2c_reg_write)
    uxListRemove                             0x0800ac59   Thumb Code    38  list.o(i.uxListRemove)
    vApplicationGetIdleTaskMemory            0x0800ac81   Thumb Code    16  freertos.o(i.vApplicationGetIdleTaskMemory)
    vListInitialise                          0x0800ac95   Thumb Code    22  list.o(i.vListInitialise)
    vListInitialiseItem                      0x0800acab   Thumb Code     6  list.o(i.vListInitialiseItem)
    vListInsert                              0x0800acb1   Thumb Code    48  list.o(i.vListInsert)
    vListInsertEnd                           0x0800ace1   Thumb Code    24  list.o(i.vListInsertEnd)
    vPortEnterCritical                       0x0800acf9   Thumb Code    54  port.o(i.vPortEnterCritical)
    vPortExitCritical                        0x0800ad39   Thumb Code    34  port.o(i.vPortExitCritical)
    vPortFree                                0x0800ad61   Thumb Code    94  heap_4.o(i.vPortFree)
    vPortSetupTimerInterrupt                 0x0800adc5   Thumb Code    32  port.o(i.vPortSetupTimerInterrupt)
    vTaskDelay                               0x0800ade9   Thumb Code    66  tasks.o(i.vTaskDelay)
    vTaskStartScheduler                      0x0800ae35   Thumb Code    90  tasks.o(i.vTaskStartScheduler)
    vTaskSuspendAll                          0x0800aea1   Thumb Code    10  tasks.o(i.vTaskSuspendAll)
    vTaskSwitchContext                       0x0800aeb1   Thumb Code    82  tasks.o(i.vTaskSwitchContext)
    xPortStartScheduler                      0x0800aff1   Thumb Code   222  port.o(i.xPortStartScheduler)
    xTaskCreate                              0x0800b0e5   Thumb Code    90  tasks.o(i.xTaskCreate)
    xTaskCreateStatic                        0x0800b13f   Thumb Code    86  tasks.o(i.xTaskCreateStatic)
    xTaskIncrementTick                       0x0800b195   Thumb Code   194  tasks.o(i.xTaskIncrementTick)
    xTaskResumeAll                           0x0800b261   Thumb Code   182  tasks.o(i.xTaskResumeAll)
    __aeabi_dneg                             0x0800b325   Thumb Code     0  basic.o(x$fpl$basic)
    _dneg                                    0x0800b325   Thumb Code     6  basic.o(x$fpl$basic)
    __aeabi_fneg                             0x0800b32b   Thumb Code     0  basic.o(x$fpl$basic)
    _fneg                                    0x0800b32b   Thumb Code     6  basic.o(x$fpl$basic)
    _dabs                                    0x0800b331   Thumb Code     6  basic.o(x$fpl$basic)
    _fabs                                    0x0800b337   Thumb Code     6  basic.o(x$fpl$basic)
    __aeabi_d2f                              0x0800b33d   Thumb Code     0  d2f.o(x$fpl$d2f)
    _d2f                                     0x0800b33d   Thumb Code    98  d2f.o(x$fpl$d2f)
    __aeabi_dadd                             0x0800b3a1   Thumb Code     0  daddsub_clz.o(x$fpl$dadd)
    _dadd                                    0x0800b3a1   Thumb Code   332  daddsub_clz.o(x$fpl$dadd)
    __aeabi_ddiv                             0x0800b4f1   Thumb Code     0  ddiv.o(x$fpl$ddiv)
    _ddiv                                    0x0800b4f1   Thumb Code   552  ddiv.o(x$fpl$ddiv)
    __aeabi_d2iz                             0x0800b7a1   Thumb Code     0  dfix.o(x$fpl$dfix)
    _dfix                                    0x0800b7a1   Thumb Code    94  dfix.o(x$fpl$dfix)
    __aeabi_i2d                              0x0800b7ff   Thumb Code     0  dflt_clz.o(x$fpl$dflt)
    _dflt                                    0x0800b7ff   Thumb Code    46  dflt_clz.o(x$fpl$dflt)
    __aeabi_ui2d                             0x0800b82d   Thumb Code     0  dflt_clz.o(x$fpl$dfltu)
    _dfltu                                   0x0800b82d   Thumb Code    38  dflt_clz.o(x$fpl$dfltu)
    __aeabi_dmul                             0x0800b855   Thumb Code     0  dmul.o(x$fpl$dmul)
    _dmul                                    0x0800b855   Thumb Code   332  dmul.o(x$fpl$dmul)
    __fpl_dnaninf                            0x0800b9a9   Thumb Code   156  dnaninf.o(x$fpl$dnaninf)
    __fpl_dretinf                            0x0800ba45   Thumb Code    12  dretinf.o(x$fpl$dretinf)
    __aeabi_drsub                            0x0800ba51   Thumb Code     0  daddsub_clz.o(x$fpl$drsb)
    _drsb                                    0x0800ba51   Thumb Code    22  daddsub_clz.o(x$fpl$drsb)
    _dsqrt                                   0x0800ba69   Thumb Code   404  dsqrt_umaal.o(x$fpl$dsqrt)
    __aeabi_dsub                             0x0800bc01   Thumb Code     0  daddsub_clz.o(x$fpl$dsub)
    _dsub                                    0x0800bc01   Thumb Code   464  daddsub_clz.o(x$fpl$dsub)
    __aeabi_f2d                              0x0800bdd5   Thumb Code     0  f2d.o(x$fpl$f2d)
    _f2d                                     0x0800bdd5   Thumb Code    86  f2d.o(x$fpl$f2d)
    __fpl_fnaninf                            0x0800be2b   Thumb Code   140  fnaninf.o(x$fpl$fnaninf)
    _fp_init                                 0x0800beb7   Thumb Code    10  fpinit.o(x$fpl$fpinit)
    __fplib_config_fpu_vfp                   0x0800bebf   Thumb Code     0  fpinit.o(x$fpl$fpinit)
    __fplib_config_pureend_doubles           0x0800bebf   Thumb Code     0  fpinit.o(x$fpl$fpinit)
    __fpl_fretinf                            0x0800bec1   Thumb Code    10  fretinf.o(x$fpl$fretinf)
    __I$use$fp                               0x0800beca   Number         0  usenofp.o(x$fpl$usenofp)
    AHBPrescTable                            0x0800bfb4   Data          16  system_stm32f4xx.o(.constdata)
    APBPrescTable                            0x0800bfc4   Data           8  system_stm32f4xx.o(.constdata)
    bmi270_config_file                       0x0800bfd2   Data        8192  bmi270.o(.constdata)
    bmi270_feat_in                           0x0800dfd2   Data          48  bmi270.o(.constdata)
    bmi270_feat_out                          0x0800e002   Data          21  bmi270.o(.constdata)
    __mathlib_zero                           0x0800e130   Data           8  qnan.o(.constdata)
    Region$$Table$$Base                      0x0800e290   Number         0  anon$$obj.o(Region$$Table)
    Region$$Table$$Limit                     0x0800e2b0   Number         0  anon$$obj.o(Region$$Table)
    defaultTaskHandle                        0x20000000   Data           4  freertos.o(.data)
    Chassis_TaskHandle                       0x20000004   Data           4  freertos.o(.data)
    WorkStateTaskHandle                      0x20000008   Data           4  freertos.o(.data)
    ImuTaskHandle                            0x2000000c   Data           4  freertos.o(.data)
    RC_HeartTaskHandle                       0x20000010   Data           4  freertos.o(.data)
    RC_DialTaskHandle                        0x20000014   Data           4  freertos.o(.data)
    Shoot_TaskHandle                         0x20000018   Data           4  freertos.o(.data)
    Gimbal_TaskHandle                        0x2000001c   Data           4  freertos.o(.data)
    uwTickFreq                               0x20000024   Data           1  stm32f4xx_hal.o(.data)
    uwTickPrio                               0x20000028   Data           4  stm32f4xx_hal.o(.data)
    uwTick                                   0x2000002c   Data           4  stm32f4xx_hal.o(.data)
    SystemCoreClock                          0x20000030   Data           4  system_stm32f4xx.o(.data)
    pxCurrentTCB                             0x20000034   Data           4  tasks.o(.data)
    chassis_txbuf                            0x2000009c   Data           8  drv_can.o(.data)
    gimbal_txbuf                             0x200000a4   Data           8  drv_can.o(.data)
    shoot_txbuf                              0x200000ac   Data           8  drv_can.o(.data)
    HalTick                                  0x200000b4   Data           4  drv_haltick.o(.data)
    rc_sensor_info                           0x200000b8   Data          26  rc_sensor.o(.data)
    rc_sensor                                0x200000d4   Data          40  rc_sensor.o(.data)
    chassis_motor                            0x200000fc   Data         208  chassis_motor.o(.data)
    chassis_input                            0x200001cc   Data           4  gimbal.o(.data)
    imu_pid_Z                                0x200001d0   Data           8  gimbal.o(.data)
    imu_pid_Y                                0x200001d8   Data           8  gimbal.o(.data)
    machinery_pid_Z                          0x200001e0   Data           8  gimbal.o(.data)
    machinery_pid_Y                          0x200001e8   Data           8  gimbal.o(.data)
    gimbal_motor                             0x200001f0   Data         104  gimbal_motor.o(.data)
    shoot_motor                              0x20000258   Data         208  shoot_motor.o(.data)
    Speed_Block_Cnt                          0x20000328   Data           1  shoot.o(.data)
    Toggle_Block_Cnt1                        0x20000329   Data           1  shoot.o(.data)
    Single_Block_Cnt                         0x2000032a   Data           1  shoot.o(.data)
    Toggle_Block_Cnt2                        0x2000032b   Data           1  shoot.o(.data)
    ggx                                      0x2000032c   Data           2  imu_task.o(.data)
    ggy                                      0x2000032e   Data           2  imu_task.o(.data)
    ggz                                      0x20000330   Data           2  imu_task.o(.data)
    aax                                      0x20000332   Data           2  imu_task.o(.data)
    aay                                      0x20000334   Data           2  imu_task.o(.data)
    aaz                                      0x20000336   Data           2  imu_task.o(.data)
    pitch                                    0x20000338   Data           4  imu_task.o(.data)
    roll                                     0x2000033c   Data           4  imu_task.o(.data)
    yaw                                      0x20000340   Data           4  imu_task.o(.data)
    filterout1                               0x20000344   Data           4  imu_task.o(.data)
    filterout2                               0x20000348   Data           4  imu_task.o(.data)
    RC_last_state                            0x2000034c   Data           1  rc_heart_task.o(.data)
    RC_this_state                            0x2000034d   Data           1  rc_heart_task.o(.data)
    Mec_Return_flag                          0x2000034e   Data           1  rc_heart_task.o(.data)
    tick                                     0x20000350   Data           4  rc_heart_task.o(.data)
    Kp                                       0x20000354   Data           4  bmi.o(.data)
    Ki                                       0x20000358   Data           4  bmi.o(.data)
    halfT                                    0x2000035c   Data           4  bmi.o(.data)
    q0                                       0x20000360   Data           4  bmi.o(.data)
    q1                                       0x20000364   Data           4  bmi.o(.data)
    q2                                       0x20000368   Data           4  bmi.o(.data)
    q3                                       0x2000036c   Data           4  bmi.o(.data)
    norm                                     0x20000370   Data           4  bmi.o(.data)
    vx                                       0x20000374   Data           4  bmi.o(.data)
    vy                                       0x20000378   Data           4  bmi.o(.data)
    vz                                       0x2000037c   Data           4  bmi.o(.data)
    ex                                       0x20000380   Data           4  bmi.o(.data)
    ey                                       0x20000384   Data           4  bmi.o(.data)
    ez                                       0x20000388   Data           4  bmi.o(.data)
    gx                                       0x2000038c   Data           4  bmi.o(.data)
    gy                                       0x20000390   Data           4  bmi.o(.data)
    gz                                       0x20000394   Data           4  bmi.o(.data)
    ax                                       0x20000398   Data           4  bmi.o(.data)
    ay                                       0x2000039c   Data           4  bmi.o(.data)
    az                                       0x200003a0   Data           4  bmi.o(.data)
    exInt                                    0x200003a4   Data           4  bmi.o(.data)
    eyInt                                    0x200003a8   Data           4  bmi.o(.data)
    ezInt                                    0x200003ac   Data           4  bmi.o(.data)
    q0temp                                   0x200003b0   Data           4  bmi.o(.data)
    q1temp                                   0x200003b4   Data           4  bmi.o(.data)
    q2temp                                   0x200003b8   Data           4  bmi.o(.data)
    q3temp                                   0x200003bc   Data           4  bmi.o(.data)
    MPU_ADDR                                 0x200003c0   Data           1  bmi2_common.o(.data)
    hcan1                                    0x20000618   Data          40  can.o(.bss)
    hcan2                                    0x20000640   Data          40  can.o(.bss)
    htim1                                    0x20000668   Data          72  tim.o(.bss)
    huart1                                   0x200006b0   Data          68  usart.o(.bss)
    huart4                                   0x200006f4   Data          68  usart.o(.bss)
    huart5                                   0x20000738   Data          68  usart.o(.bss)
    huart2                                   0x2000077c   Data          68  usart.o(.bss)
    hdma_usart2_rx                           0x200007c0   Data          96  usart.o(.bss)
    htim2                                    0x20000820   Data          72  stm32f4xx_hal_timebase_tim.o(.bss)
    CAN1_TxMsg                               0x20004558   Data          32  drv_can.o(.bss)
    CAN1_RxMsg                               0x20004578   Data          36  drv_can.o(.bss)
    CAN2_TxMsg                               0x2000459c   Data          32  drv_can.o(.bss)
    CAN2_RxMsg                               0x200045bc   Data          36  drv_can.o(.bss)
    usart1_dma_rxbuf                         0x200045e0   Data         100  drv_uart.o(.bss)
    usart2_dma_rxbuf                         0x20004644   Data          48  drv_uart.o(.bss)
    usart4_dma_rxbuf                         0x20004674   Data         100  drv_uart.o(.bss)
    usart5_dma_rxbuf                         0x200046d8   Data         200  drv_uart.o(.bss)
    rc_sensor_dial                           0x200047a0   Data          28  rc_sensor.o(.bss)
    chassis_motor_info                       0x200047bc   Data          80  chassis_motor.o(.bss)
    chassis_speed_pid                        0x2000480c   Data         224  chassis_motor.o(.bss)
    chassis_angle_pid                        0x200048ec   Data         224  chassis_motor.o(.bss)
    chassis_anglesum_pid                     0x200049cc   Data         224  chassis_motor.o(.bss)
    gimbal_imu_pid                           0x20004aac   Data         224  gimbal.o(.bss)
    gimbal_motor_info                        0x20004b8c   Data          40  gimbal_motor.o(.bss)
    gimbal_speed_pid                         0x20004bb4   Data         112  gimbal_motor.o(.bss)
    gimbal_angle_pid                         0x20004c24   Data         112  gimbal_motor.o(.bss)
    gimbal_anglesum_pid                      0x20004c94   Data         112  gimbal_motor.o(.bss)
    shoot_motor_info                         0x20004d04   Data          80  shoot_motor.o(.bss)
    shoot_speed_pid                          0x20004d54   Data         224  shoot_motor.o(.bss)
    shoot_angle_pid                          0x20004e34   Data         224  shoot_motor.o(.bss)
    shoot_anglesum_pid                       0x20004f14   Data         224  shoot_motor.o(.bss)
    bmi2_dev                                 0x20004ff8   Data         104  bmi.o(.bss)
    __libspace_start                         0x20005060   Data          96  libspace.o(.bss)
    __temporary_stack_top$libspace           0x200050c0   Data           0  libspace.o(.bss)



==============================================================================

Memory Map of the image

  Image Entry point : 0x08000189

  Load Region LR_IROM1 (Base: 0x08000000, Size: 0x0000e674, Max: 0x00080000, ABSOLUTE, COMPRESSED[0x0000e394])

    Execution Region ER_IROM1 (Exec base: 0x08000000, Load base: 0x08000000, Size: 0x0000e2b0, Max: 0x00080000, ABSOLUTE)

    Exec Addr    Load Addr    Size         Type   Attr      Idx    E Section Name        Object

    0x08000000   0x08000000   0x00000188   Data   RO            3    RESET               startup_stm32f407xx.o
    0x08000188   0x08000188   0x00000008   Code   RO         7438  * !!!main             c_w.l(__main.o)
    0x08000190   0x08000190   0x00000034   Code   RO         7816    !!!scatter          c_w.l(__scatter.o)
    0x080001c4   0x080001c4   0x0000005a   Code   RO         7814    !!dczerorl2         c_w.l(__dczerorl2.o)
    0x0800021e   0x0800021e   0x00000002   PAD
    0x08000220   0x08000220   0x0000001c   Code   RO         7818    !!handler_zi        c_w.l(__scatter_zi.o)
    0x0800023c   0x0800023c   0x00000002   Code   RO         7751    .ARM.Collect$$libinit$$00000000  c_w.l(libinit.o)
    0x0800023e   0x0800023e   0x00000004   Code   RO         7544    .ARM.Collect$$libinit$$00000001  c_w.l(libinit2.o)
    0x08000242   0x08000242   0x00000000   Code   RO         7547    .ARM.Collect$$libinit$$00000004  c_w.l(libinit2.o)
    0x08000242   0x08000242   0x00000008   Code   RO         7548    .ARM.Collect$$libinit$$00000005  c_w.l(libinit2.o)
    0x0800024a   0x0800024a   0x00000000   Code   RO         7550    .ARM.Collect$$libinit$$0000000A  c_w.l(libinit2.o)
    0x0800024a   0x0800024a   0x00000000   Code   RO         7552    .ARM.Collect$$libinit$$0000000C  c_w.l(libinit2.o)
    0x0800024a   0x0800024a   0x00000000   Code   RO         7554    .ARM.Collect$$libinit$$0000000E  c_w.l(libinit2.o)
    0x0800024a   0x0800024a   0x00000000   Code   RO         7557    .ARM.Collect$$libinit$$00000011  c_w.l(libinit2.o)
    0x0800024a   0x0800024a   0x00000000   Code   RO         7559    .ARM.Collect$$libinit$$00000013  c_w.l(libinit2.o)
    0x0800024a   0x0800024a   0x00000000   Code   RO         7561    .ARM.Collect$$libinit$$00000015  c_w.l(libinit2.o)
    0x0800024a   0x0800024a   0x00000000   Code   RO         7563    .ARM.Collect$$libinit$$00000017  c_w.l(libinit2.o)
    0x0800024a   0x0800024a   0x00000000   Code   RO         7565    .ARM.Collect$$libinit$$00000019  c_w.l(libinit2.o)
    0x0800024a   0x0800024a   0x00000000   Code   RO         7567    .ARM.Collect$$libinit$$0000001B  c_w.l(libinit2.o)
    0x0800024a   0x0800024a   0x00000000   Code   RO         7569    .ARM.Collect$$libinit$$0000001D  c_w.l(libinit2.o)
    0x0800024a   0x0800024a   0x00000000   Code   RO         7571    .ARM.Collect$$libinit$$0000001F  c_w.l(libinit2.o)
    0x0800024a   0x0800024a   0x00000000   Code   RO         7573    .ARM.Collect$$libinit$$00000021  c_w.l(libinit2.o)
    0x0800024a   0x0800024a   0x00000000   Code   RO         7575    .ARM.Collect$$libinit$$00000023  c_w.l(libinit2.o)
    0x0800024a   0x0800024a   0x00000000   Code   RO         7577    .ARM.Collect$$libinit$$00000025  c_w.l(libinit2.o)
    0x0800024a   0x0800024a   0x00000000   Code   RO         7581    .ARM.Collect$$libinit$$0000002C  c_w.l(libinit2.o)
    0x0800024a   0x0800024a   0x00000000   Code   RO         7583    .ARM.Collect$$libinit$$0000002E  c_w.l(libinit2.o)
    0x0800024a   0x0800024a   0x00000000   Code   RO         7585    .ARM.Collect$$libinit$$00000030  c_w.l(libinit2.o)
    0x0800024a   0x0800024a   0x00000000   Code   RO         7587    .ARM.Collect$$libinit$$00000032  c_w.l(libinit2.o)
    0x0800024a   0x0800024a   0x00000002   Code   RO         7588    .ARM.Collect$$libinit$$00000033  c_w.l(libinit2.o)
    0x0800024c   0x0800024c   0x00000002   Code   RO         7811    .ARM.Collect$$libshutdown$$00000000  c_w.l(libshutdown.o)
    0x0800024e   0x0800024e   0x00000000   Code   RO         7769    .ARM.Collect$$libshutdown$$00000002  c_w.l(libshutdown2.o)
    0x0800024e   0x0800024e   0x00000000   Code   RO         7771    .ARM.Collect$$libshutdown$$00000004  c_w.l(libshutdown2.o)
    0x0800024e   0x0800024e   0x00000000   Code   RO         7774    .ARM.Collect$$libshutdown$$00000007  c_w.l(libshutdown2.o)
    0x0800024e   0x0800024e   0x00000000   Code   RO         7777    .ARM.Collect$$libshutdown$$0000000A  c_w.l(libshutdown2.o)
    0x0800024e   0x0800024e   0x00000000   Code   RO         7779    .ARM.Collect$$libshutdown$$0000000C  c_w.l(libshutdown2.o)
    0x0800024e   0x0800024e   0x00000000   Code   RO         7782    .ARM.Collect$$libshutdown$$0000000F  c_w.l(libshutdown2.o)
    0x0800024e   0x0800024e   0x00000002   Code   RO         7783    .ARM.Collect$$libshutdown$$00000010  c_w.l(libshutdown2.o)
    0x08000250   0x08000250   0x00000000   Code   RO         7510    .ARM.Collect$$rtentry$$00000000  c_w.l(__rtentry.o)
    0x08000250   0x08000250   0x00000000   Code   RO         7675    .ARM.Collect$$rtentry$$00000002  c_w.l(__rtentry2.o)
    0x08000250   0x08000250   0x00000006   Code   RO         7687    .ARM.Collect$$rtentry$$00000004  c_w.l(__rtentry4.o)
    0x08000256   0x08000256   0x00000000   Code   RO         7677    .ARM.Collect$$rtentry$$00000009  c_w.l(__rtentry2.o)
    0x08000256   0x08000256   0x00000004   Code   RO         7678    .ARM.Collect$$rtentry$$0000000A  c_w.l(__rtentry2.o)
    0x0800025a   0x0800025a   0x00000000   Code   RO         7680    .ARM.Collect$$rtentry$$0000000C  c_w.l(__rtentry2.o)
    0x0800025a   0x0800025a   0x00000008   Code   RO         7681    .ARM.Collect$$rtentry$$0000000D  c_w.l(__rtentry2.o)
    0x08000262   0x08000262   0x00000002   Code   RO         7756    .ARM.Collect$$rtexit$$00000000  c_w.l(rtexit.o)
    0x08000264   0x08000264   0x00000000   Code   RO         7787    .ARM.Collect$$rtexit$$00000002  c_w.l(rtexit2.o)
    0x08000264   0x08000264   0x00000004   Code   RO         7788    .ARM.Collect$$rtexit$$00000003  c_w.l(rtexit2.o)
    0x08000268   0x08000268   0x00000006   Code   RO         7789    .ARM.Collect$$rtexit$$00000004  c_w.l(rtexit2.o)
    0x0800026e   0x0800026e   0x00000002   PAD
    0x08000270   0x08000270   0x000000be   Code   RO         4606    .emb_text           port.o
    0x0800032e   0x0800032e   0x00000002   PAD
    0x08000330   0x08000330   0x00000000   Code   RO         7698    .emb_text           c_w.l(maybetermalloc1.o)
    0x08000330   0x08000330   0x00000040   Code   RO            4    .text               startup_stm32f407xx.o
    0x08000370   0x08000370   0x0000005e   Code   RO         7366    .text               c_w.l(h1_alloc.o)
    0x080003ce   0x080003ce   0x0000004e   Code   RO         7368    .text               c_w.l(h1_free.o)
    0x0800041c   0x0800041c   0x000000ee   Code   RO         7424    .text               c_w.l(lludivv7m.o)
    0x0800050a   0x0800050a   0x00000064   Code   RO         7428    .text               c_w.l(rt_memcpy_w.o)
    0x0800056e   0x0800056e   0x00000044   Code   RO         7432    .text               c_w.l(rt_memclr.o)
    0x080005b2   0x080005b2   0x0000004e   Code   RO         7434    .text               c_w.l(rt_memclr_w.o)
    0x08000600   0x08000600   0x00000006   Code   RO         7436    .text               c_w.l(heapauxi.o)
    0x08000606   0x08000606   0x00000002   PAD
    0x08000608   0x08000608   0x00000008   Code   RO         7518    .text               c_w.l(rt_heap_descriptor_intlibspace.o)
    0x08000610   0x08000610   0x00000004   Code   RO         7520    .text               c_w.l(hguard.o)
    0x08000614   0x08000614   0x0000008a   Code   RO         7522    .text               c_w.l(init_alloc.o)
    0x0800069e   0x0800069e   0x0000000e   Code   RO         7526    .text               c_w.l(h1_init.o)
    0x080006ac   0x080006ac   0x00000016   Code   RO         7540    .text               c_w.l(_rserrno.o)
    0x080006c2   0x080006c2   0x00000002   PAD
    0x080006c4   0x080006c4   0x00000008   Code   RO         7671    .text               c_w.l(libspace.o)
    0x080006cc   0x080006cc   0x00000008   Code   RO         7694    .text               c_w.l(rt_errno_addr_intlibspace.o)
    0x080006d4   0x080006d4   0x00000034   Code   RO         7700    .text               c_w.l(h1_extend.o)
    0x08000708   0x08000708   0x0000000e   Code   RO         7704    .text               c_w.l(defsig_rtmem_outer.o)
    0x08000716   0x08000716   0x00000002   Code   RO         7723    .text               c_w.l(use_no_semi.o)
    0x08000718   0x08000718   0x00000000   Code   RO         7725    .text               c_w.l(indicate_semi.o)
    0x08000718   0x08000718   0x0000004a   Code   RO         7726    .text               c_w.l(sys_stackheap_outer.o)
    0x08000762   0x08000762   0x00000012   Code   RO         7732    .text               c_w.l(exit.o)
    0x08000774   0x08000774   0x0000000a   Code   RO         7734    .text               c_w.l(defsig_exit.o)
    0x0800077e   0x0800077e   0x00000002   PAD
    0x08000780   0x08000780   0x00000050   Code   RO         7740    .text               c_w.l(defsig_rtmem_inner.o)
    0x080007d0   0x080007d0   0x0000000c   Code   RO         7754    .text               c_w.l(sys_exit.o)
    0x080007dc   0x080007dc   0x00000032   Code   RO         7764    .text               c_w.l(defsig_general.o)
    0x0800080e   0x0800080e   0x0000000e   Code   RO         7784    .text               c_w.l(sys_wrch.o)
    0x0800081c   0x0800081c   0x0000045c   Code   RO         5917    i.BMI_Get_EulerAngle  bmi.o
    0x08000c78   0x08000c78   0x00000048   Code   RO         5919    i.BMI_Get_RawData   bmi.o
    0x08000cc0   0x08000cc0   0x0000006c   Code   RO         5920    i.BMI_Init          bmi.o
    0x08000d2c   0x08000d2c   0x00000244   Code   RO         5417    i.Block_Manage      shoot.o
    0x08000f70   0x08000f70   0x00000002   Code   RO          504    i.BusFault_Handler  stm32f4xx_it.o
    0x08000f72   0x08000f72   0x00000002   PAD
    0x08000f74   0x08000f74   0x0000000c   Code   RO          505    i.CAN1_RX0_IRQHandler  stm32f4xx_it.o
    0x08000f80   0x08000f80   0x0000008c   Code   RO         4982    i.CAN1_rxDataHandler  can_protocol.o
    0x0800100c   0x0800100c   0x0000000c   Code   RO          506    i.CAN2_RX0_IRQHandler  stm32f4xx_it.o
    0x08001018   0x08001018   0x00000064   Code   RO         4983    i.CAN2_rxDataHandler  can_protocol.o
    0x0800107c   0x0800107c   0x0000001a   Code   RO         4688    i.CAN_Filter_Init   drv_can.o
    0x08001096   0x08001096   0x00000002   PAD
    0x08001098   0x08001098   0x00000048   Code   RO         4689    i.CAN_Init          drv_can.o
    0x080010e0   0x080010e0   0x00000058   Code   RO         4690    i.CAN_Send_Msg      drv_can.o
    0x08001138   0x08001138   0x000000c4   Code   RO         5782    i.Car_Unload        rc_heart_task.o
    0x080011fc   0x080011fc   0x00000058   Code   RO         5194    i.Chassis_Init      chassis.o
    0x08001254   0x08001254   0x000000c4   Code   RO         5259    i.Chassis_Input     gimbal.o
    0x08001318   0x08001318   0x000002a0   Code   RO         5195    i.Chassis_MEC_Input  chassis.o
    0x080015b8   0x080015b8   0x00000090   Code   RO         5196    i.Chassis_Txbuf_FillIn  chassis.o
    0x08001648   0x08001648   0x00000024   Code   RO         5197    i.Chassis_send      chassis.o
    0x0800166c   0x0800166c   0x00000024   Code   RO         5590    i.ConstrainFloat    rp_math.o
    0x08001690   0x08001690   0x0000000c   Code   RO         5531    i.Cover_Awake       servo.o
    0x0800169c   0x0800169c   0x0000000c   Code   RO         5532    i.Cover_Close       servo.o
    0x080016a8   0x080016a8   0x0000000c   Code   RO         5533    i.Cover_Open        servo.o
    0x080016b4   0x080016b4   0x0000000c   Code   RO         5535    i.Cover_Sleep       servo.o
    0x080016c0   0x080016c0   0x00000014   Code   RO         5260    i.Cover_State_Judge  gimbal.o
    0x080016d4   0x080016d4   0x0000000c   Code   RO          507    i.DMA1_Stream5_IRQHandler  stm32f4xx_it.o
    0x080016e0   0x080016e0   0x00000244   Code   RO         4748    i.DMAEx_MultiBufferStart_NoIT  drv_uart.o
    0x08001924   0x08001924   0x00000028   Code   RO         1348    i.DMA_CalcBaseAndBitshift  stm32f4xx_hal_dma.o
    0x0800194c   0x0800194c   0x00000054   Code   RO         1349    i.DMA_CheckFifoParam  stm32f4xx_hal_dma.o
    0x080019a0   0x080019a0   0x00000014   Code   RO         4750    i.DRV_UART_IRQHandler  drv_uart.o
    0x080019b4   0x080019b4   0x00000002   Code   RO          508    i.DebugMon_Handler  stm32f4xx_it.o
    0x080019b6   0x080019b6   0x00000004   Code   RO           13    i.Error_Handler     main.o
    0x080019ba   0x080019ba   0x00000002   PAD
    0x080019bc   0x080019bc   0x0000003c   Code   RO         5418    i.FricWheel_WorkState_Switch  shoot.o
    0x080019f8   0x080019f8   0x00000016   Code   RO         5261    i.Gimbal_Init       gimbal.o
    0x08001a0e   0x08001a0e   0x00000002   PAD
    0x08001a10   0x08001a10   0x00000038   Code   RO         5262    i.Gimbal_Reset      gimbal.o
    0x08001a48   0x08001a48   0x00000020   Code   RO         5263    i.Gimbal_Send       gimbal.o
    0x08001a68   0x08001a68   0x00000024   Code   RO          656    i.HAL_CAN_ActivateNotification  stm32f4xx_hal_can.o
    0x08001a8c   0x08001a8c   0x000000c8   Code   RO          657    i.HAL_CAN_AddTxMessage  stm32f4xx_hal_can.o
    0x08001b54   0x08001b54   0x0000010c   Code   RO          658    i.HAL_CAN_ConfigFilter  stm32f4xx_hal_can.o
    0x08001c60   0x08001c60   0x00000002   Code   RO          661    i.HAL_CAN_ErrorCallback  stm32f4xx_hal_can.o
    0x08001c62   0x08001c62   0x000000e8   Code   RO          664    i.HAL_CAN_GetRxMessage  stm32f4xx_hal_can.o
    0x08001d4a   0x08001d4a   0x000001fc   Code   RO          668    i.HAL_CAN_IRQHandler  stm32f4xx_hal_can.o
    0x08001f46   0x08001f46   0x0000011a   Code   RO          669    i.HAL_CAN_Init      stm32f4xx_hal_can.o
    0x08002060   0x08002060   0x000000fc   Code   RO          339    i.HAL_CAN_MspInit   can.o
    0x0800215c   0x0800215c   0x00000002   Code   RO          676    i.HAL_CAN_RxFifo0FullCallback  stm32f4xx_hal_can.o
    0x0800215e   0x0800215e   0x00000002   PAD
    0x08002160   0x08002160   0x0000005c   Code   RO         4691    i.HAL_CAN_RxFifo0MsgPendingCallback  drv_can.o
    0x080021bc   0x080021bc   0x00000002   Code   RO          678    i.HAL_CAN_RxFifo1FullCallback  stm32f4xx_hal_can.o
    0x080021be   0x080021be   0x00000002   Code   RO          679    i.HAL_CAN_RxFifo1MsgPendingCallback  stm32f4xx_hal_can.o
    0x080021c0   0x080021c0   0x00000002   Code   RO          680    i.HAL_CAN_SleepCallback  stm32f4xx_hal_can.o
    0x080021c2   0x080021c2   0x00000002   PAD
    0x080021c4   0x080021c4   0x00000058   Code   RO          681    i.HAL_CAN_Start     stm32f4xx_hal_can.o
    0x0800221c   0x0800221c   0x00000002   Code   RO          683    i.HAL_CAN_TxMailbox0AbortCallback  stm32f4xx_hal_can.o
    0x0800221e   0x0800221e   0x00000002   Code   RO          684    i.HAL_CAN_TxMailbox0CompleteCallback  stm32f4xx_hal_can.o
    0x08002220   0x08002220   0x00000002   Code   RO          685    i.HAL_CAN_TxMailbox1AbortCallback  stm32f4xx_hal_can.o
    0x08002222   0x08002222   0x00000002   Code   RO          686    i.HAL_CAN_TxMailbox1CompleteCallback  stm32f4xx_hal_can.o
    0x08002224   0x08002224   0x00000002   Code   RO          687    i.HAL_CAN_TxMailbox2AbortCallback  stm32f4xx_hal_can.o
    0x08002226   0x08002226   0x00000002   Code   RO          688    i.HAL_CAN_TxMailbox2CompleteCallback  stm32f4xx_hal_can.o
    0x08002228   0x08002228   0x00000002   Code   RO          690    i.HAL_CAN_WakeUpFromRxMsgCallback  stm32f4xx_hal_can.o
    0x0800222a   0x0800222a   0x00000092   Code   RO         1351    i.HAL_DMA_Abort     stm32f4xx_hal_dma.o
    0x080022bc   0x080022bc   0x00000024   Code   RO         1352    i.HAL_DMA_Abort_IT  stm32f4xx_hal_dma.o
    0x080022e0   0x080022e0   0x000001a0   Code   RO         1356    i.HAL_DMA_IRQHandler  stm32f4xx_hal_dma.o
    0x08002480   0x08002480   0x000000d4   Code   RO         1357    i.HAL_DMA_Init      stm32f4xx_hal_dma.o
    0x08002554   0x08002554   0x000001f0   Code   RO         1244    i.HAL_GPIO_Init     stm32f4xx_hal_gpio.o
    0x08002744   0x08002744   0x0000000a   Code   RO         1248    i.HAL_GPIO_WritePin  stm32f4xx_hal_gpio.o
    0x0800274e   0x0800274e   0x00000002   PAD
    0x08002750   0x08002750   0x0000000c   Code   RO         1776    i.HAL_GetTick       stm32f4xx_hal.o
    0x0800275c   0x0800275c   0x00000034   Code   RO         4873    i.HAL_IncTick       drv_haltick.o
    0x08002790   0x08002790   0x00000034   Code   RO         1783    i.HAL_Init          stm32f4xx_hal.o
    0x080027c4   0x080027c4   0x00000074   Code   RO          616    i.HAL_InitTick      stm32f4xx_hal_timebase_tim.o
    0x08002838   0x08002838   0x00000038   Code   RO          592    i.HAL_MspInit       stm32f4xx_hal_msp.o
    0x08002870   0x08002870   0x0000001a   Code   RO         1633    i.HAL_NVIC_EnableIRQ  stm32f4xx_hal_cortex.o
    0x0800288a   0x0800288a   0x00000002   PAD
    0x0800288c   0x0800288c   0x00000040   Code   RO         1639    i.HAL_NVIC_SetPriority  stm32f4xx_hal_cortex.o
    0x080028cc   0x080028cc   0x00000024   Code   RO         1640    i.HAL_NVIC_SetPriorityGrouping  stm32f4xx_hal_cortex.o
    0x080028f0   0x080028f0   0x00000134   Code   RO          890    i.HAL_RCC_ClockConfig  stm32f4xx_hal_rcc.o
    0x08002a24   0x08002a24   0x00000040   Code   RO          894    i.HAL_RCC_GetClockConfig  stm32f4xx_hal_rcc.o
    0x08002a64   0x08002a64   0x00000020   Code   RO          897    i.HAL_RCC_GetPCLK1Freq  stm32f4xx_hal_rcc.o
    0x08002a84   0x08002a84   0x00000020   Code   RO          898    i.HAL_RCC_GetPCLK2Freq  stm32f4xx_hal_rcc.o
    0x08002aa4   0x08002aa4   0x00000064   Code   RO          899    i.HAL_RCC_GetSysClockFreq  stm32f4xx_hal_rcc.o
    0x08002b08   0x08002b08   0x0000036c   Code   RO          902    i.HAL_RCC_OscConfig  stm32f4xx_hal_rcc.o
    0x08002e74   0x08002e74   0x00000002   Code   RO         2727    i.HAL_TIMEx_BreakCallback  stm32f4xx_hal_tim_ex.o
    0x08002e76   0x08002e76   0x00000002   Code   RO         2728    i.HAL_TIMEx_CommutCallback  stm32f4xx_hal_tim_ex.o
    0x08002e78   0x08002e78   0x00000054   Code   RO         2730    i.HAL_TIMEx_ConfigBreakDeadTime  stm32f4xx_hal_tim_ex.o
    0x08002ecc   0x08002ecc   0x00000090   Code   RO         2746    i.HAL_TIMEx_MasterConfigSynchronization  stm32f4xx_hal_tim_ex.o
    0x08002f5c   0x08002f5c   0x0000005a   Code   RO         2023    i.HAL_TIM_Base_Init  stm32f4xx_hal_tim.o
    0x08002fb6   0x08002fb6   0x00000002   PAD
    0x08002fb8   0x08002fb8   0x00000028   Code   RO          412    i.HAL_TIM_Base_MspInit  tim.o
    0x08002fe0   0x08002fe0   0x00000080   Code   RO         2028    i.HAL_TIM_Base_Start_IT  stm32f4xx_hal_tim.o
    0x08003060   0x08003060   0x000000dc   Code   RO         2032    i.HAL_TIM_ConfigClockSource  stm32f4xx_hal_tim.o
    0x0800313c   0x0800313c   0x00000002   Code   RO         2057    i.HAL_TIM_IC_CaptureCallback  stm32f4xx_hal_tim.o
    0x0800313e   0x0800313e   0x00000166   Code   RO         2071    i.HAL_TIM_IRQHandler  stm32f4xx_hal_tim.o
    0x080032a4   0x080032a4   0x00000054   Code   RO          413    i.HAL_TIM_MspPostInit  tim.o
    0x080032f8   0x080032f8   0x00000002   Code   RO         2074    i.HAL_TIM_OC_DelayElapsedCallback  stm32f4xx_hal_tim.o
    0x080032fa   0x080032fa   0x000000cc   Code   RO         2095    i.HAL_TIM_PWM_ConfigChannel  stm32f4xx_hal_tim.o
    0x080033c6   0x080033c6   0x0000005a   Code   RO         2098    i.HAL_TIM_PWM_Init  stm32f4xx_hal_tim.o
    0x08003420   0x08003420   0x00000002   Code   RO         2100    i.HAL_TIM_PWM_MspInit  stm32f4xx_hal_tim.o
    0x08003422   0x08003422   0x00000002   Code   RO         2101    i.HAL_TIM_PWM_PulseFinishedCallback  stm32f4xx_hal_tim.o
    0x08003424   0x08003424   0x000000c8   Code   RO         2103    i.HAL_TIM_PWM_Start  stm32f4xx_hal_tim.o
    0x080034ec   0x080034ec   0x0000007c   Code   RO         2106    i.HAL_TIM_PWM_Stop  stm32f4xx_hal_tim.o
    0x08003568   0x08003568   0x0000000e   Code   RO           14    i.HAL_TIM_PeriodElapsedCallback  main.o
    0x08003576   0x08003576   0x00000002   Code   RO         2114    i.HAL_TIM_TriggerCallback  stm32f4xx_hal_tim.o
    0x08003578   0x08003578   0x00000002   Code   RO         3005    i.HAL_UARTEx_RxEventCallback  stm32f4xx_hal_uart.o
    0x0800357a   0x0800357a   0x00000002   Code   RO         3019    i.HAL_UART_ErrorCallback  stm32f4xx_hal_uart.o
    0x0800357c   0x0800357c   0x00000268   Code   RO         3022    i.HAL_UART_IRQHandler  stm32f4xx_hal_uart.o
    0x080037e4   0x080037e4   0x00000062   Code   RO         3023    i.HAL_UART_Init     stm32f4xx_hal_uart.o
    0x08003846   0x08003846   0x00000002   PAD
    0x08003848   0x08003848   0x000000d4   Code   RO          460    i.HAL_UART_MspInit  usart.o
    0x0800391c   0x0800391c   0x00000002   Code   RO         3029    i.HAL_UART_RxCpltCallback  stm32f4xx_hal_uart.o
    0x0800391e   0x0800391e   0x00000002   Code   RO         3034    i.HAL_UART_TxCpltCallback  stm32f4xx_hal_uart.o
    0x08003920   0x08003920   0x00000002   Code   RO          509    i.HardFault_Handler  stm32f4xx_it.o
    0x08003922   0x08003922   0x00000002   PAD
    0x08003924   0x08003924   0x00000040   Code   RO         7303    i.IIC_Ack           soft_iic.o
    0x08003964   0x08003964   0x00000040   Code   RO         7304    i.IIC_NAck          soft_iic.o
    0x080039a4   0x080039a4   0x00000068   Code   RO         7305    i.IIC_Read_Byte     soft_iic.o
    0x08003a0c   0x08003a0c   0x00000060   Code   RO         7306    i.IIC_Send_Byte     soft_iic.o
    0x08003a6c   0x08003a6c   0x00000040   Code   RO         7307    i.IIC_Start         soft_iic.o
    0x08003aac   0x08003aac   0x00000044   Code   RO         7308    i.IIC_Stop          soft_iic.o
    0x08003af0   0x08003af0   0x00000054   Code   RO         7309    i.IIC_Wait_Ack      soft_iic.o
    0x08003b44   0x08003b44   0x00000038   Code   RO         5264    i.IMU_Mode          gimbal.o
    0x08003b7c   0x08003b7c   0x0000001c   Code   RO         5536    i.Judge_Cover_State  servo.o
    0x08003b98   0x08003b98   0x00000028   Code   RO         5783    i.Judge_RC_Transtate  rc_heart_task.o
    0x08003bc0   0x08003bc0   0x00000038   Code   RO         5265    i.MEC_Mode          gimbal.o
    0x08003bf8   0x08003bf8   0x0000004c   Code   RO         7119    i.MPU_Read_Byte     bmi2_common.o
    0x08003c44   0x08003c44   0x00000060   Code   RO         7120    i.MPU_Read_all      bmi2_common.o
    0x08003ca4   0x08003ca4   0x00000048   Code   RO          340    i.MX_CAN1_Init      can.o
    0x08003cec   0x08003cec   0x00000048   Code   RO          341    i.MX_CAN2_Init      can.o
    0x08003d34   0x08003d34   0x0000002c   Code   RO          387    i.MX_DMA_Init       dma.o
    0x08003d60   0x08003d60   0x000000c0   Code   RO          246    i.MX_FREERTOS_Init  freertos.o
    0x08003e20   0x08003e20   0x000000c8   Code   RO          222    i.MX_GPIO_Init      gpio.o
    0x08003ee8   0x08003ee8   0x000000dc   Code   RO          414    i.MX_TIM1_Init      tim.o
    0x08003fc4   0x08003fc4   0x0000003c   Code   RO          461    i.MX_USART2_UART_Init  usart.o
    0x08004000   0x08004000   0x000000a0   Code   RO         5266    i.Mechanical_Return  gimbal.o
    0x080040a0   0x080040a0   0x00000002   Code   RO          510    i.MemManage_Handler  stm32f4xx_it.o
    0x080040a2   0x080040a2   0x00000010   Code   RO         5593    i.MyAbs_Float       rp_math.o
    0x080040b2   0x080040b2   0x00000056   Code   RO         5595    i.MyRampFloat       rp_math.o
    0x08004108   0x08004108   0x00000002   Code   RO          511    i.NMI_Handler       stm32f4xx_it.o
    0x0800410a   0x0800410a   0x00000002   PAD
    0x0800410c   0x0800410c   0x00000024   Code   RO         5784    i.Offline_Reset_Var  rc_heart_task.o
    0x08004130   0x08004130   0x00000038   Code   RO         5597    i.RampFloat         rp_math.o
    0x08004168   0x08004168   0x00000014   Code   RO         5537    i.Servo_Init        servo.o
    0x0800417c   0x0800417c   0x00000054   Code   RO         5921    i.Set_accel         bmi.o
    0x080041d0   0x080041d0   0x00000058   Code   RO         5922    i.Set_gyro          bmi.o
    0x08004228   0x08004228   0x00000064   Code   RO         5419    i.Shoot             shoot.o
    0x0800428c   0x0800428c   0x0000009c   Code   RO         5420    i.Shoot_Init        shoot.o
    0x08004328   0x08004328   0x00000024   Code   RO         5421    i.Shoot_Send        shoot.o
    0x0800434c   0x0800434c   0x000000cc   Code   RO         5422    i.Shoot_Txbuf_FillIn  shoot.o
    0x08004418   0x08004418   0x00000024   Code   RO         5716    i.StartChassis_Task  chassis_task.o
    0x0800443c   0x0800443c   0x00000008   Code   RO          248    i.StartDefaultTask  freertos.o
    0x08004444   0x08004444   0x00000048   Code   RO         5881    i.StartGimbal_Task  gimbal_task.o
    0x0800448c   0x0800448c   0x000000b0   Code   RO         5752    i.StartImuTask      imu_task.o
    0x0800453c   0x0800453c   0x0000001c   Code   RO         5830    i.StartRC_DialTask  rc_dial_task.o
    0x08004558   0x08004558   0x0000005c   Code   RO         5785    i.StartRC_HeartTask  rc_heart_task.o
    0x080045b4   0x080045b4   0x00000028   Code   RO         5854    i.StartShoot_Task   shoot_task.o
    0x080045dc   0x080045dc   0x00000008   Code   RO         5717    i.StartWorkStateTask  chassis_task.o
    0x080045e4   0x080045e4   0x0000002c   Code   RO         4607    i.SysTick_Handler   port.o
    0x08004610   0x08004610   0x00000094   Code   RO           15    i.SystemClock_Config  main.o
    0x080046a4   0x080046a4   0x00000010   Code   RO         3352    i.SystemInit        system_stm32f4xx.o
    0x080046b4   0x080046b4   0x0000000c   Code   RO          512    i.TIM2_IRQHandler   stm32f4xx_it.o
    0x080046c0   0x080046c0   0x000000c8   Code   RO         2116    i.TIM_Base_SetConfig  stm32f4xx_hal_tim.o
    0x08004788   0x08004788   0x0000001a   Code   RO         2117    i.TIM_CCxChannelCmd  stm32f4xx_hal_tim.o
    0x080047a2   0x080047a2   0x00000014   Code   RO         2127    i.TIM_ETR_SetConfig  stm32f4xx_hal_tim.o
    0x080047b6   0x080047b6   0x00000010   Code   RO         2128    i.TIM_ITRx_SetConfig  stm32f4xx_hal_tim.o
    0x080047c6   0x080047c6   0x00000002   PAD
    0x080047c8   0x080047c8   0x00000060   Code   RO         2129    i.TIM_OC1_SetConfig  stm32f4xx_hal_tim.o
    0x08004828   0x08004828   0x0000006c   Code   RO         2130    i.TIM_OC2_SetConfig  stm32f4xx_hal_tim.o
    0x08004894   0x08004894   0x00000068   Code   RO         2131    i.TIM_OC3_SetConfig  stm32f4xx_hal_tim.o
    0x080048fc   0x080048fc   0x00000050   Code   RO         2132    i.TIM_OC4_SetConfig  stm32f4xx_hal_tim.o
    0x0800494c   0x0800494c   0x00000022   Code   RO         2134    i.TIM_TI1_ConfigInputStage  stm32f4xx_hal_tim.o
    0x0800496e   0x0800496e   0x00000024   Code   RO         2136    i.TIM_TI2_ConfigInputStage  stm32f4xx_hal_tim.o
    0x08004992   0x08004992   0x00000010   Code   RO         3036    i.UART_DMAAbortOnError  stm32f4xx_hal_uart.o
    0x080049a2   0x080049a2   0x0000004e   Code   RO         3046    i.UART_EndRxTransfer  stm32f4xx_hal_uart.o
    0x080049f0   0x080049f0   0x000000c0   Code   RO         3048    i.UART_Receive_IT   stm32f4xx_hal_uart.o
    0x08004ab0   0x08004ab0   0x0000010c   Code   RO         3049    i.UART_SetConfig    stm32f4xx_hal_uart.o
    0x08004bbc   0x08004bbc   0x00000018   Code   RO          513    i.USART2_IRQHandler  stm32f4xx_it.o
    0x08004bd4   0x08004bd4   0x0000003c   Code   RO         4753    i.USART2_Init       drv_uart.o
    0x08004c10   0x08004c10   0x0000001c   Code   RO         4920    i.USART2_rxDataHandler  rc_protocol.o
    0x08004c2c   0x08004c2c   0x00000002   Code   RO         4756    i.USART4_rxDataHandler  drv_uart.o
    0x08004c2e   0x08004c2e   0x00000002   Code   RO         4758    i.USART5_rxDataHandler  drv_uart.o
    0x08004c30   0x08004c30   0x00000002   Code   RO          514    i.UsageFault_Handler  stm32f4xx_it.o
    0x08004c32   0x08004c32   0x00000030   Code   RO         7641    i.__ARM_fpclassify  m_wm.l(fpclassify.o)
    0x08004c62   0x08004c62   0x00000020   Code   RO         1646    i.__NVIC_SetPriority  stm32f4xx_hal_cortex.o
    0x08004c82   0x08004c82   0x00000006   PAD
    0x08004c88   0x08004c88   0x00000360   Code   RO         7458    i.__hardfp_asin     m_wm.l(asin.o)
    0x08004fe8   0x08004fe8   0x000002d8   Code   RO         7604    i.__hardfp_atan     m_wm.l(atan.o)
    0x080052c0   0x080052c0   0x000001f0   Code   RO         7472    i.__hardfp_atan2    m_wm.l(atan2.o)
    0x080054b0   0x080054b0   0x000000c8   Code   RO         7484    i.__hardfp_cos      m_wm.l(cos.o)
    0x08005578   0x08005578   0x000000c8   Code   RO         7496    i.__hardfp_sin      m_wm.l(sin.o)
    0x08005640   0x08005640   0x00000438   Code   RO         7646    i.__ieee754_rem_pio2  m_wm.l(rred.o)
    0x08005a78   0x08005a78   0x00000170   Code   RO         7618    i.__kernel_cos      m_wm.l(cos_i.o)
    0x08005be8   0x08005be8   0x000000f8   Code   RO         7643    i.__kernel_poly     m_wm.l(poly.o)
    0x08005ce0   0x08005ce0   0x00000130   Code   RO         7651    i.__kernel_sin      m_wm.l(sin_i.o)
    0x08005e10   0x08005e10   0x00000014   Code   RO         7622    i.__mathlib_dbl_infnan  m_wm.l(dunder.o)
    0x08005e24   0x08005e24   0x00000014   Code   RO         7623    i.__mathlib_dbl_infnan2  m_wm.l(dunder.o)
    0x08005e38   0x08005e38   0x00000020   Code   RO         7624    i.__mathlib_dbl_invalid  m_wm.l(dunder.o)
    0x08005e58   0x08005e58   0x00000020   Code   RO         7627    i.__mathlib_dbl_underflow  m_wm.l(dunder.o)
    0x08005e78   0x08005e78   0x00000030   Code   RO         5477    i.angle_pid_update  motor.o
    0x08005ea8   0x08005ea8   0x00000074   Code   RO         5478    i.anglesum_pid_update  motor.o
    0x08005f1c   0x08005f1c   0x00000010   Code   RO         7606    i.atan              m_wm.l(atan.o)
    0x08005f2c   0x08005f2c   0x00000078   Code   RO         7274    i.bmi270_init       bmi270.o
    0x08005fa4   0x08005fa4   0x00000002   Code   RO         7122    i.bmi2_error_codes_print_result  bmi2_common.o
    0x08005fa6   0x08005fa6   0x00000036   Code   RO         6026    i.bmi2_extract_input_feat_config  bmi2.o
    0x08005fdc   0x08005fdc   0x000000a0   Code   RO         6031    i.bmi2_get_feat_config  bmi2.o
    0x0800607c   0x0800607c   0x0000003c   Code   RO         6038    i.bmi2_get_gyro_cross_sense  bmi2.o
    0x080060b8   0x080060b8   0x00000030   Code   RO         6041    i.bmi2_get_internal_status  bmi2.o
    0x080060e8   0x080060e8   0x00000092   Code   RO         6042    i.bmi2_get_regs     bmi2.o
    0x0800617a   0x0800617a   0x00000002   PAD
    0x0800617c   0x0800617c   0x0000023a   Code   RO         6044    i.bmi2_get_sensor_config  bmi2.o
    0x080063b6   0x080063b6   0x000002de   Code   RO         6045    i.bmi2_get_sensor_data  bmi2.o
    0x08006694   0x08006694   0x00000026   Code   RO         6046    i.bmi2_get_status   bmi2.o
    0x080066ba   0x080066ba   0x00000002   PAD
    0x080066bc   0x080066bc   0x00000040   Code   RO         7123    i.bmi2_interface_selection  bmi2_common.o
    0x080066fc   0x080066fc   0x00000076   Code   RO         6047    i.bmi2_map_data_int  bmi2.o
    0x08006772   0x08006772   0x00000002   PAD
    0x08006774   0x08006774   0x00000064   Code   RO         6057    i.bmi2_sec_init     bmi2.o
    0x080067d8   0x080067d8   0x00000038   Code   RO         6059    i.bmi2_sensor_enable  bmi2.o
    0x08006810   0x08006810   0x00000062   Code   RO         6061    i.bmi2_set_adv_power_save  bmi2.o
    0x08006872   0x08006872   0x00000002   PAD
    0x08006874   0x08006874   0x0000009c   Code   RO         6071    i.bmi2_set_regs     bmi2.o
    0x08006910   0x08006910   0x000001e6   Code   RO         6073    i.bmi2_set_sensor_config  bmi2.o
    0x08006af6   0x08006af6   0x00000060   Code   RO         6074    i.bmi2_soft_reset   bmi2.o
    0x08006b56   0x08006b56   0x00000056   Code   RO         6078    i.bmi2_write_config_file  bmi2.o
    0x08006bac   0x08006bac   0x0000003e   Code   RO         6081    i.cfg_error_status  bmi2.o
    0x08006bea   0x08006bea   0x00000030   Code   RO         6082    i.check_boundary_val  bmi2.o
    0x08006c1a   0x08006c1a   0x0000001a   Code   RO         6084    i.comp_gyro_cross_axis_sensitivity  bmi2.o
    0x08006c34   0x08006c34   0x000000dc   Code   RO         6085    i.config_aux_interface  bmi2.o
    0x08006d10   0x08006d10   0x00000018   Code   RO         4875    i.delay_us          drv_haltick.o
    0x08006d28   0x08006d28   0x00000018   Code   RO         4759    i.dma_m0_rxcplt_callback  drv_uart.o
    0x08006d40   0x08006d40   0x00000018   Code   RO         4760    i.dma_m1_rxcplt_callback  drv_uart.o
    0x08006d58   0x08006d58   0x00000036   Code   RO         6092    i.extract_output_feat_config  bmi2.o
    0x08006d8e   0x08006d8e   0x00000018   Code   RO         7637    i.fabs              m_wm.l(fabs.o)
    0x08006da6   0x08006da6   0x00000020   Code   RO         6093    i.get_acc_gyr_data  bmi2.o
    0x08006dc6   0x08006dc6   0x0000004e   Code   RO         6094    i.get_accel_config  bmi2.o
    0x08006e14   0x08006e14   0x00000068   Code   RO         6095    i.get_accel_self_test_status  bmi2.o
    0x08006e7c   0x08006e7c   0x0000008a   Code   RO         6096    i.get_any_motion_config  bmi2.o
    0x08006f06   0x08006f06   0x000000aa   Code   RO         6097    i.get_aux_config    bmi2.o
    0x08006fb0   0x08006fb0   0x00000058   Code   RO         6099    i.get_ext_sens_sync_config  bmi2.o
    0x08007008   0x08007008   0x00000086   Code   RO         6100    i.get_flat_config   bmi2.o
    0x0800708e   0x0800708e   0x00000082   Code   RO         6101    i.get_free_fall_det_config  bmi2.o
    0x08007110   0x08007110   0x00000058   Code   RO         6102    i.get_glance_detect_config  bmi2.o
    0x08007168   0x08007168   0x0000005e   Code   RO         6103    i.get_gyro_config   bmi2.o
    0x080071c6   0x080071c6   0x00000072   Code   RO         6104    i.get_gyro_cross_sense  bmi2.o
    0x08007238   0x08007238   0x0000008a   Code   RO         6105    i.get_gyro_gain_update_config  bmi2.o
    0x080072c2   0x080072c2   0x00000068   Code   RO         6106    i.get_gyro_gain_update_status  bmi2.o
    0x0800732a   0x0800732a   0x000000a4   Code   RO         6107    i.get_high_g_config  bmi2.o
    0x080073ce   0x080073ce   0x00000092   Code   RO         6108    i.get_low_g_config  bmi2.o
    0x08007460   0x08007460   0x0000008a   Code   RO         6110    i.get_no_motion_config  bmi2.o
    0x080074ea   0x080074ea   0x00000076   Code   RO         6111    i.get_nvm_error_status  bmi2.o
    0x08007560   0x08007560   0x000000b4   Code   RO         6112    i.get_ois_output    bmi2.o
    0x08007614   0x08007614   0x0000008c   Code   RO         6113    i.get_orient_config  bmi2.o
    0x080076a0   0x080076a0   0x00000056   Code   RO         6116    i.get_remapped_data  bmi2.o
    0x080076f6   0x080076f6   0x000000be   Code   RO         6117    i.get_sig_motion_config  bmi2.o
    0x080077b4   0x080077b4   0x0000008a   Code   RO         6119    i.get_step_config   bmi2.o
    0x0800783e   0x0800783e   0x000000aa   Code   RO         6120    i.get_step_count_params_config  bmi2.o
    0x080078e8   0x080078e8   0x0000006e   Code   RO         6121    i.get_step_counter_output  bmi2.o
    0x08007956   0x08007956   0x00000058   Code   RO         6122    i.get_tilt_config   bmi2.o
    0x080079ae   0x080079ae   0x00000058   Code   RO         6123    i.get_up_hold_to_wake_config  bmi2.o
    0x08007a06   0x08007a06   0x0000007c   Code   RO         6125    i.get_wake_up_config  bmi2.o
    0x08007a82   0x08007a82   0x00000076   Code   RO         6126    i.get_wrist_gest_config  bmi2.o
    0x08007af8   0x08007af8   0x0000008a   Code   RO         6127    i.get_wrist_gest_w_config  bmi2.o
    0x08007b82   0x08007b82   0x0000008e   Code   RO         6128    i.get_wrist_wear_wake_up_config  bmi2.o
    0x08007c10   0x08007c10   0x0000009c   Code   RO         6129    i.get_wrist_wear_wake_up_wh_config  bmi2.o
    0x08007cac   0x08007cac   0x00000028   Code   RO         5267    i.gimbal_self_init  gimbal.o
    0x08007cd4   0x08007cd4   0x00000188   Code   RO         5268    i.imu_pid_cal       gimbal.o
    0x08007e5c   0x08007e5c   0x000000c4   Code   RO         5269    i.imu_pid_init      gimbal.o
    0x08007f20   0x08007f20   0x0000002c   Code   RO         5923    i.inVSqrt           bmi.o
    0x08007f4c   0x08007f4c   0x00000026   Code   RO         5924    i.lsb_to_dps        bmi.o
    0x08007f72   0x08007f72   0x00000002   PAD
    0x08007f74   0x08007f74   0x00000034   Code   RO         5925    i.lsb_to_mps2       bmi.o
    0x08007fa8   0x08007fa8   0x000000b8   Code   RO         5270    i.machinery_pid_init  gimbal.o
    0x08008060   0x08008060   0x0000003c   Code   RO           16    i.main              main.o
    0x0800809c   0x0800809c   0x0000000c   Code   RO         4172    i.makeFreeRtosPriority  cmsis_os.o
    0x080080a8   0x080080a8   0x0000013c   Code   RO         5271    i.mec_pid_cal       gimbal.o
    0x080081e4   0x080081e4   0x00000028   Code   RO         4876    i.micros            drv_haltick.o
    0x0800820c   0x0800820c   0x00000028   Code   RO         5479    i.motor_check       motor.o
    0x08008234   0x08008234   0x00000022   Code   RO         5480    i.motor_info_init   motor.o
    0x08008256   0x08008256   0x00000026   Code   RO         5481    i.motor_info_update  motor.o
    0x0800827c   0x0800827c   0x00000018   Code   RO         6131    i.null_ptr_check    bmi2.o
    0x08008294   0x08008294   0x0000000e   Code   RO         4174    i.osDelay           cmsis_os.o
    0x080082a2   0x080082a2   0x0000000a   Code   RO         4177    i.osKernelStart     cmsis_os.o
    0x080082ac   0x080082ac   0x00000054   Code   RO         4211    i.osThreadCreate    cmsis_os.o
    0x08008300   0x08008300   0x00000054   Code   RO         5663    i.pid_val_init      pid.o
    0x08008354   0x08008354   0x00000070   Code   RO         3854    i.prvAddCurrentTaskToDelayedList  tasks.o
    0x080083c4   0x080083c4   0x000000d0   Code   RO         3855    i.prvAddNewTaskToReadyList  tasks.o
    0x08008494   0x08008494   0x00000034   Code   RO         3856    i.prvDeleteTCB      tasks.o
    0x080084c8   0x080084c8   0x0000004c   Code   RO         4539    i.prvHeapInit       heap_4.o
    0x08008514   0x08008514   0x00000060   Code   RO         3857    i.prvIdleTask       tasks.o
    0x08008574   0x08008574   0x00000098   Code   RO         3858    i.prvInitialiseNewTask  tasks.o
    0x0800860c   0x0800860c   0x0000004c   Code   RO         4540    i.prvInsertBlockIntoFreeList  heap_4.o
    0x08008658   0x08008658   0x00000020   Code   RO         3859    i.prvResetNextTaskUnblockTime  tasks.o
    0x08008678   0x08008678   0x00000028   Code   RO         4608    i.prvTaskExitError  port.o
    0x080086a0   0x080086a0   0x000000dc   Code   RO         4541    i.pvPortMalloc      heap_4.o
    0x0800877c   0x0800877c   0x0000002c   Code   RO         4609    i.pxPortInitialiseStack  port.o
    0x080087a8   0x080087a8   0x000000fa   Code   RO         5107    i.rc_dial_jugde     rc_sensor.o
    0x080088a2   0x080088a2   0x00000050   Code   RO         5108    i.rc_dial_reset     rc_sensor.o
    0x080088f2   0x080088f2   0x00000056   Code   RO         5109    i.rc_sensor_check   rc_sensor.o
    0x08008948   0x08008948   0x00000028   Code   RO         5110    i.rc_sensor_heart_beat  rc_sensor.o
    0x08008970   0x08008970   0x0000001c   Code   RO         4921    i.rc_sensor_init    rc_protocol.o
    0x0800898c   0x0800898c   0x00000088   Code   RO         4922    i.rc_sensor_update  rc_protocol.o
    0x08008a14   0x08008a14   0x0000014e   Code   RO         6145    i.select_sensor     bmi2.o
    0x08008b62   0x08008b62   0x00000002   PAD
    0x08008b64   0x08008b64   0x000003c4   Code   RO         6148    i.sensor_enable     bmi2.o
    0x08008f28   0x08008f28   0x00000098   Code   RO         6149    i.set_accel_config  bmi2.o
    0x08008fc0   0x08008fc0   0x00000056   Code   RO         6151    i.set_act_recog     bmi2.o
    0x08009016   0x08009016   0x0000005a   Code   RO         6152    i.set_any_motion    bmi2.o
    0x08009070   0x08009070   0x000000c6   Code   RO         6153    i.set_any_motion_config  bmi2.o
    0x08009136   0x08009136   0x00000090   Code   RO         6154    i.set_aux_config    bmi2.o
    0x080091c6   0x080091c6   0x00000036   Code   RO         6155    i.set_config_load   bmi2.o
    0x080091fc   0x080091fc   0x00000056   Code   RO         6156    i.set_double_tap    bmi2.o
    0x08009252   0x08009252   0x00000056   Code   RO         6157    i.set_ext_sens_sync  bmi2.o
    0x080092a8   0x080092a8   0x0000008e   Code   RO         6158    i.set_ext_sens_sync_config  bmi2.o
    0x08009336   0x08009336   0x00000002   PAD
    0x08009338   0x08009338   0x00000068   Code   RO         6159    i.set_feat_accel_self_test  bmi2.o
    0x080093a0   0x080093a0   0x00000056   Code   RO         6160    i.set_flat          bmi2.o
    0x080093f6   0x080093f6   0x000000bc   Code   RO         6161    i.set_flat_config   bmi2.o
    0x080094b2   0x080094b2   0x00000056   Code   RO         6162    i.set_free_fall_det  bmi2.o
    0x08009508   0x08009508   0x000000a8   Code   RO         6163    i.set_free_fall_det_config  bmi2.o
    0x080095b0   0x080095b0   0x0000008e   Code   RO         6164    i.set_glance_detect_config  bmi2.o
    0x0800963e   0x0800963e   0x00000056   Code   RO         6165    i.set_glance_detector  bmi2.o
    0x08009694   0x08009694   0x000000ac   Code   RO         6166    i.set_gyro_config   bmi2.o
    0x08009740   0x08009740   0x00000056   Code   RO         6167    i.set_gyro_self_offset_corr  bmi2.o
    0x08009796   0x08009796   0x0000005a   Code   RO         6168    i.set_gyro_user_gain  bmi2.o
    0x080097f0   0x080097f0   0x000000a2   Code   RO         6169    i.set_gyro_user_gain_config  bmi2.o
    0x08009892   0x08009892   0x0000005a   Code   RO         6170    i.set_high_g        bmi2.o
    0x080098ec   0x080098ec   0x000000da   Code   RO         6171    i.set_high_g_config  bmi2.o
    0x080099c6   0x080099c6   0x0000005a   Code   RO         6173    i.set_low_g         bmi2.o
    0x08009a20   0x08009a20   0x000000ba   Code   RO         6174    i.set_low_g_config  bmi2.o
    0x08009ada   0x08009ada   0x0000005a   Code   RO         6176    i.set_no_motion     bmi2.o
    0x08009b34   0x08009b34   0x000000c6   Code   RO         6177    i.set_no_motion_config  bmi2.o
    0x08009bfa   0x08009bfa   0x000000c6   Code   RO         6179    i.set_orient_config  bmi2.o
    0x08009cc0   0x08009cc0   0x00000056   Code   RO         6180    i.set_orientation   bmi2.o
    0x08009d16   0x08009d16   0x0000009e   Code   RO         6181    i.set_primary_ois_config  bmi2.o
    0x08009db4   0x08009db4   0x0000005a   Code   RO         6183    i.set_sig_motion    bmi2.o
    0x08009e0e   0x08009e0e   0x000000be   Code   RO         6184    i.set_sig_motion_config  bmi2.o
    0x08009ecc   0x08009ecc   0x00000056   Code   RO         6185    i.set_single_tap    bmi2.o
    0x08009f22   0x08009f22   0x0000005a   Code   RO         6186    i.set_step_activity  bmi2.o
    0x08009f7c   0x08009f7c   0x000000c0   Code   RO         6187    i.set_step_config   bmi2.o
    0x0800a03c   0x0800a03c   0x000000d4   Code   RO         6188    i.set_step_count_params_config  bmi2.o
    0x0800a110   0x0800a110   0x0000005a   Code   RO         6189    i.set_step_counter  bmi2.o
    0x0800a16a   0x0800a16a   0x0000005a   Code   RO         6190    i.set_step_detector  bmi2.o
    0x0800a1c4   0x0800a1c4   0x00000056   Code   RO         6191    i.set_tilt          bmi2.o
    0x0800a21a   0x0800a21a   0x0000008e   Code   RO         6192    i.set_tilt_config   bmi2.o
    0x0800a2a8   0x0800a2a8   0x00000056   Code   RO         6193    i.set_triple_tap    bmi2.o
    0x0800a2fe   0x0800a2fe   0x00000056   Code   RO         6194    i.set_up_hold_to_wake  bmi2.o
    0x0800a354   0x0800a354   0x0000008e   Code   RO         6195    i.set_up_hold_to_wake_config  bmi2.o
    0x0800a3e2   0x0800a3e2   0x00000056   Code   RO         6196    i.set_wake_up       bmi2.o
    0x0800a438   0x0800a438   0x000000bc   Code   RO         6197    i.set_wake_up_config  bmi2.o
    0x0800a4f4   0x0800a4f4   0x000000b6   Code   RO         6198    i.set_wrist_gest_config  bmi2.o
    0x0800a5aa   0x0800a5aa   0x000000c8   Code   RO         6199    i.set_wrist_gest_w_config  bmi2.o
    0x0800a672   0x0800a672   0x00000056   Code   RO         6200    i.set_wrist_gesture  bmi2.o
    0x0800a6c8   0x0800a6c8   0x00000056   Code   RO         6201    i.set_wrist_gesture_wh  bmi2.o
    0x0800a71e   0x0800a71e   0x00000056   Code   RO         6202    i.set_wrist_wear_wake_up  bmi2.o
    0x0800a774   0x0800a774   0x000000c8   Code   RO         6203    i.set_wrist_wear_wake_up_config  bmi2.o
    0x0800a83c   0x0800a83c   0x00000056   Code   RO         6204    i.set_wrist_wear_wake_up_wh  bmi2.o
    0x0800a892   0x0800a892   0x000000fa   Code   RO         6205    i.set_wrist_wear_wake_up_wh_config  bmi2.o
    0x0800a98c   0x0800a98c   0x00000016   Code   RO         5664    i.single_anglepid_cal  pid.o
    0x0800a9a2   0x0800a9a2   0x00000016   Code   RO         5665    i.single_anglesum_pid_cal  pid.o
    0x0800a9b8   0x0800a9b8   0x0000007c   Code   RO         5666    i.single_pid_ctrl   pid.o
    0x0800aa34   0x0800aa34   0x00000016   Code   RO         5667    i.single_speedpid_cal  pid.o
    0x0800aa4a   0x0800aa4a   0x00000024   Code   RO         5482    i.speed_pid_update  motor.o
    0x0800aa6e   0x0800aa6e   0x0000006e   Code   RO         7659    i.sqrt              m_wm.l(sqrt.o)
    0x0800aadc   0x0800aadc   0x000000c8   Code   RO         4761    i.uart_rx_idle_callback  drv_uart.o
    0x0800aba4   0x0800aba4   0x00000040   Code   RO         6217    i.upload_file       bmi2.o
    0x0800abe4   0x0800abe4   0x00000004   Code   RO         7127    i.user_delay_us     bmi2_common.o
    0x0800abe8   0x0800abe8   0x00000024   Code   RO         7128    i.user_i2c_reg_read  bmi2_common.o
    0x0800ac0c   0x0800ac0c   0x0000004c   Code   RO         7129    i.user_i2c_reg_write  bmi2_common.o
    0x0800ac58   0x0800ac58   0x00000026   Code   RO         3490    i.uxListRemove      list.o
    0x0800ac7e   0x0800ac7e   0x00000002   PAD
    0x0800ac80   0x0800ac80   0x00000014   Code   RO          255    i.vApplicationGetIdleTaskMemory  freertos.o
    0x0800ac94   0x0800ac94   0x00000016   Code   RO         3491    i.vListInitialise   list.o
    0x0800acaa   0x0800acaa   0x00000006   Code   RO         3492    i.vListInitialiseItem  list.o
    0x0800acb0   0x0800acb0   0x00000030   Code   RO         3493    i.vListInsert       list.o
    0x0800ace0   0x0800ace0   0x00000018   Code   RO         3494    i.vListInsertEnd    list.o
    0x0800acf8   0x0800acf8   0x00000040   Code   RO         4611    i.vPortEnterCritical  port.o
    0x0800ad38   0x0800ad38   0x00000028   Code   RO         4612    i.vPortExitCritical  port.o
    0x0800ad60   0x0800ad60   0x00000064   Code   RO         4542    i.vPortFree         heap_4.o
    0x0800adc4   0x0800adc4   0x00000024   Code   RO         4613    i.vPortSetupTimerInterrupt  port.o
    0x0800ade8   0x0800ade8   0x0000004c   Code   RO         3868    i.vTaskDelay        tasks.o
    0x0800ae34   0x0800ae34   0x0000006c   Code   RO         3881    i.vTaskStartScheduler  tasks.o
    0x0800aea0   0x0800aea0   0x00000010   Code   RO         3883    i.vTaskSuspendAll   tasks.o
    0x0800aeb0   0x0800aeb0   0x0000005c   Code   RO         3884    i.vTaskSwitchContext  tasks.o
    0x0800af0c   0x0800af0c   0x000000e4   Code   RO         6223    i.write_config_file  bmi2.o
    0x0800aff0   0x0800aff0   0x000000f4   Code   RO         4615    i.xPortStartScheduler  port.o
    0x0800b0e4   0x0800b0e4   0x0000005a   Code   RO         3887    i.xTaskCreate       tasks.o
    0x0800b13e   0x0800b13e   0x00000056   Code   RO         3888    i.xTaskCreateStatic  tasks.o
    0x0800b194   0x0800b194   0x000000cc   Code   RO         3895    i.xTaskIncrementTick  tasks.o
    0x0800b260   0x0800b260   0x000000c4   Code   RO         3901    i.xTaskResumeAll    tasks.o
    0x0800b324   0x0800b324   0x00000018   Code   RO         7589    x$fpl$basic         fz_wm.l(basic.o)
    0x0800b33c   0x0800b33c   0x00000062   Code   RO         7440    x$fpl$d2f           fz_wm.l(d2f.o)
    0x0800b39e   0x0800b39e   0x00000002   PAD
    0x0800b3a0   0x0800b3a0   0x00000150   Code   RO         7442    x$fpl$dadd          fz_wm.l(daddsub_clz.o)
    0x0800b4f0   0x0800b4f0   0x000002b0   Code   RO         7592    x$fpl$ddiv          fz_wm.l(ddiv.o)
    0x0800b7a0   0x0800b7a0   0x0000005e   Code   RO         7713    x$fpl$dfix          fz_wm.l(dfix.o)
    0x0800b7fe   0x0800b7fe   0x0000002e   Code   RO         7449    x$fpl$dflt          fz_wm.l(dflt_clz.o)
    0x0800b82c   0x0800b82c   0x00000026   Code   RO         7448    x$fpl$dfltu         fz_wm.l(dflt_clz.o)
    0x0800b852   0x0800b852   0x00000002   PAD
    0x0800b854   0x0800b854   0x00000154   Code   RO         7454    x$fpl$dmul          fz_wm.l(dmul.o)
    0x0800b9a8   0x0800b9a8   0x0000009c   Code   RO         7595    x$fpl$dnaninf       fz_wm.l(dnaninf.o)
    0x0800ba44   0x0800ba44   0x0000000c   Code   RO         7597    x$fpl$dretinf       fz_wm.l(dretinf.o)
    0x0800ba50   0x0800ba50   0x00000016   Code   RO         7443    x$fpl$drsb          fz_wm.l(daddsub_clz.o)
    0x0800ba66   0x0800ba66   0x00000002   PAD
    0x0800ba68   0x0800ba68   0x00000198   Code   RO         7719    x$fpl$dsqrt         fz_wm.l(dsqrt_umaal.o)
    0x0800bc00   0x0800bc00   0x000001d4   Code   RO         7444    x$fpl$dsub          fz_wm.l(daddsub_clz.o)
    0x0800bdd4   0x0800bdd4   0x00000056   Code   RO         7456    x$fpl$f2d           fz_wm.l(f2d.o)
    0x0800be2a   0x0800be2a   0x0000008c   Code   RO         7599    x$fpl$fnaninf       fz_wm.l(fnaninf.o)
    0x0800beb6   0x0800beb6   0x0000000a   Code   RO         7721    x$fpl$fpinit        fz_wm.l(fpinit.o)
    0x0800bec0   0x0800bec0   0x0000000a   Code   RO         7601    x$fpl$fretinf       fz_wm.l(fretinf.o)
    0x0800beca   0x0800beca   0x00000000   Code   RO         7603    x$fpl$usenofp       fz_wm.l(usenofp.o)
    0x0800beca   0x0800beca   0x00000002   PAD
    0x0800becc   0x0800becc   0x000000e0   Data   RO          257    .constdata          freertos.o
    0x0800bfac   0x0800bfac   0x00000008   Data   RO         1363    .constdata          stm32f4xx_hal_dma.o
    0x0800bfb4   0x0800bfb4   0x00000010   Data   RO         3353    .constdata          system_stm32f4xx.o
    0x0800bfc4   0x0800bfc4   0x00000008   Data   RO         3354    .constdata          system_stm32f4xx.o
    0x0800bfcc   0x0800bfcc   0x00000006   Data   RO         6225    .constdata          bmi2.o
    0x0800bfd2   0x0800bfd2   0x00002045   Data   RO         7275    .constdata          bmi270.o
    0x0800e017   0x0800e017   0x00000001   PAD
    0x0800e018   0x0800e018   0x00000050   Data   RO         7461    .constdata          m_wm.l(asin.o)
    0x0800e068   0x0800e068   0x00000098   Data   RO         7607    .constdata          m_wm.l(atan.o)
    0x0800e100   0x0800e100   0x00000030   Data   RO         7619    .constdata          m_wm.l(cos_i.o)
    0x0800e130   0x0800e130   0x00000008   Data   RO         7645    .constdata          m_wm.l(qnan.o)
    0x0800e138   0x0800e138   0x000000c8   Data   RO         7648    .constdata          m_wm.l(rred.o)
    0x0800e200   0x0800e200   0x00000028   Data   RO         7652    .constdata          m_wm.l(sin_i.o)
    0x0800e228   0x0800e228   0x00000068   Data   RO          258    .conststring        freertos.o
    0x0800e290   0x0800e290   0x00000020   Data   RO         7812    Region$$Table       anon$$obj.o


    Execution Region RW_IRAM1 (Exec base: 0x20000000, Load base: 0x0800e2b0, Size: 0x000056c0, Max: 0x0001c000, ABSOLUTE, COMPRESSED[0x000000e4])

    Exec Addr    Load Addr    Size         Type   Attr      Idx    E Section Name        Object

    0x20000000   COMPRESSED   0x00000020   Data   RW          259    .data               freertos.o
    0x20000020   COMPRESSED   0x00000004   Data   RW          343    .data               can.o
    0x20000024   COMPRESSED   0x0000000c   Data   RW         1790    .data               stm32f4xx_hal.o
    0x20000030   COMPRESSED   0x00000004   Data   RW         3355    .data               system_stm32f4xx.o
    0x20000034   COMPRESSED   0x0000003c   Data   RW         3904    .data               tasks.o
    0x20000070   COMPRESSED   0x00000020   Data   RW         4548    .data               heap_4.o
    0x20000090   COMPRESSED   0x0000000c   Data   RW         4616    .data               port.o
    0x2000009c   COMPRESSED   0x00000008   Data   RW         4693    .data               drv_can.o
    0x200000a4   COMPRESSED   0x00000008   Data   RW         4694    .data               drv_can.o
    0x200000ac   COMPRESSED   0x00000008   Data   RW         4695    .data               drv_can.o
    0x200000b4   COMPRESSED   0x00000004   Data   RW         4877    .data               drv_haltick.o
    0x200000b8   COMPRESSED   0x0000001a   Data   RW         5113    .data               rc_sensor.o
    0x200000d2   COMPRESSED   0x00000002   PAD
    0x200000d4   COMPRESSED   0x00000028   Data   RW         5114    .data               rc_sensor.o
    0x200000fc   COMPRESSED   0x000000d0   Data   RW         5170    .data               chassis_motor.o
    0x200001cc   COMPRESSED   0x00000024   Data   RW         5273    .data               gimbal.o
    0x200001f0   COMPRESSED   0x00000068   Data   RW         5365    .data               gimbal_motor.o
    0x20000258   COMPRESSED   0x000000d0   Data   RW         5393    .data               shoot_motor.o
    0x20000328   COMPRESSED   0x00000004   Data   RW         5423    .data               shoot.o
    0x2000032c   COMPRESSED   0x00000020   Data   RW         5753    .data               imu_task.o
    0x2000034c   COMPRESSED   0x00000008   Data   RW         5786    .data               rc_heart_task.o
    0x20000354   COMPRESSED   0x0000006c   Data   RW         5928    .data               bmi.o
    0x200003c0   COMPRESSED   0x00000002   Data   RW         7132    .data               bmi2_common.o
    0x200003c2   COMPRESSED   0x00000002   PAD
    0x200003c4        -       0x00000254   Zero   RW          256    .bss                freertos.o
    0x20000618        -       0x00000050   Zero   RW          342    .bss                can.o
    0x20000668        -       0x00000048   Zero   RW          415    .bss                tim.o
    0x200006b0        -       0x00000044   Zero   RW          462    .bss                usart.o
    0x200006f4        -       0x00000044   Zero   RW          463    .bss                usart.o
    0x20000738        -       0x00000044   Zero   RW          464    .bss                usart.o
    0x2000077c        -       0x000000a4   Zero   RW          465    .bss                usart.o
    0x20000820        -       0x00000048   Zero   RW          619    .bss                stm32f4xx_hal_timebase_tim.o
    0x20000868        -       0x000000f0   Zero   RW         3903    .bss                tasks.o
    0x20000958        -       0x00003c00   Zero   RW         4547    .bss                heap_4.o
    0x20004558        -       0x00000088   Zero   RW         4692    .bss                drv_can.o
    0x200045e0        -       0x000001c0   Zero   RW         4762    .bss                drv_uart.o
    0x200047a0        -       0x0000001c   Zero   RW         5111    .bss                rc_sensor.o
    0x200047bc        -       0x00000050   Zero   RW         5166    .bss                chassis_motor.o
    0x2000480c        -       0x000000e0   Zero   RW         5167    .bss                chassis_motor.o
    0x200048ec        -       0x000000e0   Zero   RW         5168    .bss                chassis_motor.o
    0x200049cc        -       0x000000e0   Zero   RW         5169    .bss                chassis_motor.o
    0x20004aac        -       0x000000e0   Zero   RW         5272    .bss                gimbal.o
    0x20004b8c        -       0x00000028   Zero   RW         5361    .bss                gimbal_motor.o
    0x20004bb4        -       0x00000070   Zero   RW         5362    .bss                gimbal_motor.o
    0x20004c24        -       0x00000070   Zero   RW         5363    .bss                gimbal_motor.o
    0x20004c94        -       0x00000070   Zero   RW         5364    .bss                gimbal_motor.o
    0x20004d04        -       0x00000050   Zero   RW         5389    .bss                shoot_motor.o
    0x20004d54        -       0x000000e0   Zero   RW         5390    .bss                shoot_motor.o
    0x20004e34        -       0x000000e0   Zero   RW         5391    .bss                shoot_motor.o
    0x20004f14        -       0x000000e0   Zero   RW         5392    .bss                shoot_motor.o
    0x20004ff4   COMPRESSED   0x00000004   PAD
    0x20004ff8        -       0x00000068   Zero   RW         5927    .bss                bmi.o
    0x20005060        -       0x00000060   Zero   RW         7672    .bss                c_w.l(libspace.o)
    0x200050c0        -       0x00000200   Zero   RW            2    HEAP                startup_stm32f407xx.o
    0x200052c0        -       0x00000400   Zero   RW            1    STACK               startup_stm32f407xx.o


    Execution Region RW_IRAM2 (Exec base: 0x2001c000, Load base: 0x0800e394, Size: 0x00000000, Max: 0x00004000, ABSOLUTE)

    **** No section assigned to this execution region ****


==============================================================================

Image component sizes


      Code (inc. data)   RO Data    RW Data    ZI Data      Debug   Object Name

      1602         46          0        108        104      47171   bmi.o
     15630        116          6          0          0     113602   bmi2.o
       120         10       8261          0          0       1578   bmi270.o
       354         30          0          2          0       5410   bmi2_common.o
       396         46          0          4         80       2434   can.o
       240         14          0          0          0       1746   can_protocol.o
       940         80          0          0          0       3077   chassis.o
         0          0          0        208        752        876   chassis_motor.o
        44          6          0          0          0       1057   chassis_task.o
       120          0          0          0          0      23197   cmsis_os.o
        44          4          0          0          0        754   dma.o
       278         32          0         24        136       3783   drv_can.o
       116         24          0          4          0       2090   drv_haltick.o
       912         52          0          0        448       5994   drv_uart.o
         0          0          0          0          0      16840   event_groups.o
       220         12        328         32        596       3087   freertos.o
      1726        270          0         36        224       9677   gimbal.o
         0          0          0        104        376        855   gimbal_motor.o
        72         12          0          0          0        567   gimbal_task.o
       200         12          0          0          0       1019   gpio.o
       472         24          0         32      15360       7339   heap_4.o
       176         12          0         32          0       1066   imu_task.o
       138          0          0          0          0       3482   list.o
       226         12          0          0          0     734760   main.o
       312         14          0          0          0       3668   motor.o
       274         14          0          0          0       3203   pid.o
       702         72          0         12          0      10880   port.o
        28          4          0          0          0        527   rc_dial_task.o
       364         66          0          8          0       3013   rc_heart_task.o
       192          6          0          0          0      11355   rc_protocol.o
       456          0          0         66         28       7999   rc_sensor.o
       194          0          0          0          0       2561   rp_math.o
        96         30          0          0          0       3461   servo.o
      1136        120          0          4          0       4602   shoot.o
         0          0          0        208        752        838   shoot_motor.o
        40          6          0          0          0        530   shoot_task.o
       544         62          0          0          0       4223   soft_iic.o
        64         26        392          0       1536        832   startup_stm32f407xx.o
        64         10          0         12          0       7516   stm32f4xx_hal.o
      1638          6          0          0          0      14063   stm32f4xx_hal_can.o
       158         14          0          0          0      33106   stm32f4xx_hal_cortex.o
       934         16          8          0          0       5547   stm32f4xx_hal_dma.o
       506         46          0          0          0       2164   stm32f4xx_hal_gpio.o
        56          4          0          0          0        846   stm32f4xx_hal_msp.o
      1412         86          0          0          0       5829   stm32f4xx_hal_rcc.o
      2144        146          0          0          0      17437   stm32f4xx_hal_tim.o
       232         28          0          0          0       3229   stm32f4xx_hal_tim_ex.o
       116         14          0          0         72       1391   stm32f4xx_hal_timebase_tim.o
      1276         16          0          0          0       8172   stm32f4xx_hal_uart.o
        84         30          0          0          0       5081   stm32f4xx_it.o
         0          0          0          0          0        384   stream_buffer.o
        16          4         24          4          0       1099   system_stm32f4xx.o
      1520        112          0         60        240      19302   tasks.o
       344         32          0          0         72       2388   tim.o
       272         40          0          0        368       1906   usart.o

    ----------------------------------------------------------------------
     39250       1838       9052        964      21148    1178613   Object Totals
         0          0         32          0          0          0   (incl. Generated)
        50          0          1          4          4          0   (incl. Padding)

    ----------------------------------------------------------------------

      Code (inc. data)   RO Data    RW Data    ZI Data      Debug   Library Member Name

        90          0          0          0          0          0   __dczerorl2.o
         8          0          0          0          0         68   __main.o
         0          0          0          0          0          0   __rtentry.o
        12          0          0          0          0          0   __rtentry2.o
         6          0          0          0          0          0   __rtentry4.o
        52          8          0          0          0          0   __scatter.o
        28          0          0          0          0          0   __scatter_zi.o
        22          0          0          0          0        100   _rserrno.o
        10          0          0          0          0         68   defsig_exit.o
        50          0          0          0          0         88   defsig_general.o
        80         58          0          0          0         76   defsig_rtmem_inner.o
        14          0          0          0          0         80   defsig_rtmem_outer.o
        18          0          0          0          0         80   exit.o
        94          0          0          0          0         80   h1_alloc.o
        52          0          0          0          0         68   h1_extend.o
        78          0          0          0          0         80   h1_free.o
        14          0          0          0          0         84   h1_init.o
         6          0          0          0          0        152   heapauxi.o
         4          0          0          0          0        136   hguard.o
         0          0          0          0          0          0   indicate_semi.o
       138          0          0          0          0        168   init_alloc.o
         2          0          0          0          0          0   libinit.o
        14          0          0          0          0          0   libinit2.o
         2          0          0          0          0          0   libshutdown.o
         2          0          0          0          0          0   libshutdown2.o
         8          4          0          0         96         68   libspace.o
       238          0          0          0          0        100   lludivv7m.o
         0          0          0          0          0          0   maybetermalloc1.o
         8          4          0          0          0         68   rt_errno_addr_intlibspace.o
         8          4          0          0          0         68   rt_heap_descriptor_intlibspace.o
        68          0          0          0          0         68   rt_memclr.o
        78          0          0          0          0         80   rt_memclr_w.o
       100          0          0          0          0         80   rt_memcpy_w.o
         2          0          0          0          0          0   rtexit.o
        10          0          0          0          0          0   rtexit2.o
        12          4          0          0          0         68   sys_exit.o
        74          0          0          0          0         80   sys_stackheap_outer.o
        14          0          0          0          0         76   sys_wrch.o
         2          0          0          0          0         68   use_no_semi.o
        24          0          0          0          0        164   basic.o
        98          4          0          0          0        140   d2f.o
       826         16          0          0          0        492   daddsub_clz.o
       688        140          0          0          0        256   ddiv.o
        94          4          0          0          0        140   dfix.o
        84          0          0          0          0        232   dflt_clz.o
       340         12          0          0          0        152   dmul.o
       156          4          0          0          0        140   dnaninf.o
        12          0          0          0          0        116   dretinf.o
       408         56          0          0          0        168   dsqrt_umaal.o
        86          4          0          0          0        132   f2d.o
       140          4          0          0          0        132   fnaninf.o
        10          0          0          0          0        116   fpinit.o
        10          0          0          0          0        116   fretinf.o
         0          0          0          0          0          0   usenofp.o
       864         94         80          0          0        280   asin.o
       744        106        152          0          0        352   atan.o
       496         64          0          0          0        192   atan2.o
       200         20          0          0          0        164   cos.o
       368         46         48          0          0        200   cos_i.o
       104         16          0          0          0        496   dunder.o
        24          0          0          0          0        124   fabs.o
        48          0          0          0          0        124   fpclassify.o
       248          0          0          0          0        152   poly.o
         0          0          8          0          0          0   qnan.o
      1080        142        200          0          0        188   rred.o
       200         20          0          0          0        164   sin.o
       304         24         40          0          0        208   sin_i.o
       110          0          0          0          0        148   sqrt.o

    ----------------------------------------------------------------------
      9202        858        528          0         96       7440   Library Totals
        18          0          0          0          0          0   (incl. Padding)

    ----------------------------------------------------------------------

      Code (inc. data)   RO Data    RW Data    ZI Data      Debug   Library Name

      1418         82          0          0         96       2152   c_w.l
      2976        244          0          0          0       2496   fz_wm.l
      4790        532        528          0          0       2792   m_wm.l

    ----------------------------------------------------------------------
      9202        858        528          0         96       7440   Library Totals

    ----------------------------------------------------------------------

==============================================================================


      Code (inc. data)   RO Data    RW Data    ZI Data      Debug   

     48452       2696       9580        964      21244    1148009   Grand Totals
     48452       2696       9580        228      21244    1148009   ELF Image Totals (compressed)
     48452       2696       9580        228          0          0   ROM Totals

==============================================================================

    Total RO  Size (Code + RO Data)                58032 (  56.67kB)
    Total RW  Size (RW Data + ZI Data)             22208 (  21.69kB)
    Total ROM Size (Code + RO Data + RW Data)      58260 (  56.89kB)

==============================================================================

